
 Start         Length     Name                   Class
 0001:00000000 000D8824H .text                   CODE
 0002:00000000 00004BECH .data                   DATA
 0002:00004BEC 00037CADH .bss                    BSS


Detailed map of segments

 0001:00000000 00006917 C=CODE     S=.text    G=(none)   M=System   ACBP=A9
 0001:00006918 00000140 C=CODE     S=.text    G=(none)   M=SysInit  ACBP=A9
 0001:00006A58 00000078 C=CODE     S=.text    G=(none)   M=Types    ACBP=A9
 0001:00006AD0 00000D14 C=CODE     S=.text    G=(none)   M=Windows  ACBP=A9
 0001:000077E4 00000038 C=CODE     S=.text    G=(none)   M=Messages ACBP=A9
 0001:0000781C 00000787 C=CODE     S=.text    G=(none)   M=MultiMon ACBP=A9
 0001:00007FA4 000002E0 C=CODE     S=.text    G=(none)   M=SysConst ACBP=A9
 0001:00008284 000061A8 C=CODE     S=.text    G=(none)   M=SysUtils ACBP=A9
 0001:0000E42C 00000098 C=CODE     S=.text    G=(none)   M=VarUtils ACBP=A9
 0001:0000E4C4 00004264 C=CODE     S=.text    G=(none)   M=Variants ACBP=A9
 0001:00012728 00000120 C=CODE     S=.text    G=(none)   M=RTLConsts ACBP=A9
 0001:00012848 00000DCC C=CODE     S=.text    G=(none)   M=TypInfo  ACBP=A9
 0001:00013614 00000038 C=CODE     S=.text    G=(none)   M=ActiveX  ACBP=A9
 0001:0001364C 0000BE42 C=CODE     S=.text    G=(none)   M=Classes  ACBP=A9
 0001:0001F490 00000310 C=CODE     S=.text    G=(none)   M=Consts   ACBP=A9
 0001:0001F7A0 00008F7B C=CODE     S=.text    G=(none)   M=Graphics ACBP=A9
 0001:0002871C 00000048 C=CODE     S=.text    G=(none)   M=Math     ACBP=A9
 0001:00028764 00000328 C=CODE     S=.text    G=(none)   M=Contnrs  ACBP=A9
 0001:00028A8C 00000198 C=CODE     S=.text    G=(none)   M=CommCtrl ACBP=A9
 0001:00028C24 00000038 C=CODE     S=.text    G=(none)   M=Imm      ACBP=A9
 0001:00028C5C 00001078 C=CODE     S=.text    G=(none)   M=HelpIntfs ACBP=A9
 0001:00029CD4 00000038 C=CODE     S=.text    G=(none)   M=WinSpool ACBP=A9
 0001:00029D0C 00000044 C=CODE     S=.text    G=(none)   M=Printers ACBP=A9
 0001:00029D50 0000031F C=CODE     S=.text    G=(none)   M=FlatSB   ACBP=A9
 0001:0002A070 0000C070 C=CODE     S=.text    G=(none)   M=StdCtrls ACBP=A9
 0001:000360E0 00000038 C=CODE     S=.text    G=(none)   M=ShellAPI ACBP=A9
 0001:00036118 00000038 C=CODE     S=.text    G=(none)   M=RegStr   ACBP=A9
 0001:00036150 00000038 C=CODE     S=.text    G=(none)   M=WinInet  ACBP=A9
 0001:00036188 00000038 C=CODE     S=.text    G=(none)   M=UrlMon   ACBP=A9
 0001:000361C0 00000038 C=CODE     S=.text    G=(none)   M=ShlObj   ACBP=A9
 0001:000361F8 00000040 C=CODE     S=.text    G=(none)   M=CommDlg  ACBP=A9
 0001:00036238 00004B98 C=CODE     S=.text    G=(none)   M=ExtCtrls ACBP=A9
 0001:0003ADD0 00000038 C=CODE     S=.text    G=(none)   M=Dlgs     ACBP=A9
 0001:0003AE08 00001C09 C=CODE     S=.text    G=(none)   M=Dialogs  ACBP=A9
 0001:0003CA14 00000094 C=CODE     S=.text    G=(none)   M=Clipbrd  ACBP=A9
 0001:0003CAA8 00000038 C=CODE     S=.text    G=(none)   M=StrUtils ACBP=A9
 0001:0003CAE0 00000168 C=CODE     S=.text    G=(none)   M=StdActns ACBP=A9
 0001:0003CC48 00000CC4 C=CODE     S=.text    G=(none)   M=WinHelpViewer ACBP=A9
 0001:0003D90C 0000127A C=CODE     S=.text    G=(none)   M=ActnList ACBP=A9
 0001:0003EB88 0000CA08 C=CODE     S=.text    G=(none)   M=Forms    ACBP=A9
 0001:0004B590 00001978 C=CODE     S=.text    G=(none)   M=ImgList  ACBP=A9
 0001:0004CF08 000064C1 C=CODE     S=.text    G=(none)   M=Menus    ACBP=A9
 0001:000533CC 00010D23 C=CODE     S=.text    G=(none)   M=Controls ACBP=A9
 0001:000640F0 00000038 C=CODE     S=.text    G=(none)   M=RichEdit ACBP=A9
 0001:00064128 00000038 C=CODE     S=.text    G=(none)   M=ToolWin  ACBP=A9
 0001:00064160 00000070 C=CODE     S=.text    G=(none)   M=ComStrs  ACBP=A9
 0001:000641D0 000020CD C=CODE     S=.text    G=(none)   M=Buttons  ACBP=A9
 0001:000662A0 00000038 C=CODE     S=.text    G=(none)   M=ExtDlgs  ACBP=A9
 0001:000662D8 00000068 C=CODE     S=.text    G=(none)   M=IniFiles ACBP=A9
 0001:00066340 00000068 C=CODE     S=.text    G=(none)   M=Registry ACBP=A9
 0001:000663A8 0000006C C=CODE     S=.text    G=(none)   M=Mapi     ACBP=A9
 0001:00066414 00000038 C=CODE     S=.text    G=(none)   M=ExtActns ACBP=A9
 0001:0006644C 00000038 C=CODE     S=.text    G=(none)   M=ListActns ACBP=A9
 0001:00066484 000021A8 C=CODE     S=.text    G=(none)   M=ComCtrls ACBP=A9
 0001:0006862C 00000B0C C=CODE     S=.text    G=(none)   M=crt32    ACBP=A9
 0001:00069138 00001680 C=CODE     S=.text    G=(none)   M=graph32  ACBP=A9
 0001:0006A7B8 00000038 C=CODE     S=.text    G=(none)   M=faced    ACBP=A9
 0001:0006A7F0 000001F8 C=CODE     S=.text    G=(none)   M=Template ACBP=A9
 0001:0006A9E8 00000E34 C=CODE     S=.text    G=(none)   M=UtilObjs ACBP=A9
 0001:0006B81C 00000138 C=CODE     S=.text    G=(none)   M=AVSD     ACBP=A9
 0001:0006B954 000000DB C=CODE     S=.text    G=(none)   M=Globals  ACBP=A9
 0001:0006BA30 000003F8 C=CODE     S=.text    G=(none)   M=comd     ACBP=A9
 0001:0006BE28 00000744 C=CODE     S=.text    G=(none)   M=gra      ACBP=A9
 0001:0006C56C 00001C2C C=CODE     S=.text    G=(none)   M=comu     ACBP=A9
 0001:0006E198 0000054C C=CODE     S=.text    G=(none)   M=LblForm  ACBP=A9
 0001:0006E6E4 000000A8 C=CODE     S=.text    G=(none)   M=WinSock  ACBP=A9
 0001:0006E78C 00000A06 C=CODE     S=.text    G=(none)   M=Socket   ACBP=A9
 0001:0006F194 00001288 C=CODE     S=.text    G=(none)   M=FestoCI  ACBP=A9
 0001:0007041C 00001B80 C=CODE     S=.text    G=(none)   M=optomux  ACBP=A9
 0001:00071F9C 00000AFC C=CODE     S=.text    G=(none)   M=Serial   ACBP=A9
 0001:00072A98 000004D8 C=CODE     S=.text    G=(none)   M=EventLog ACBP=A9
 0001:00072F70 00000228 C=CODE     S=.text    G=(none)   M=FatalErr ACBP=A9
 0001:00073198 000017A0 C=CODE     S=.text    G=(none)   M=LineIn   ACBP=A9
 0001:00074938 00003362 C=CODE     S=.text    G=(none)   M=DataComm ACBP=A9
 0001:00077C9C 000004BC C=CODE     S=.text    G=(none)   M=sdDebug  ACBP=A9
 0001:00078158 000005A0 C=CODE     S=.text    G=(none)   M=sdStreams ACBP=A9
 0001:000786F8 000009B8 C=CODE     S=.text    G=(none)   M=sdStringTable ACBP=A9
 0001:000790B0 0000F1AF C=CODE     S=.text    G=(none)   M=NativeXml ACBP=A9
 0001:00088260 000016EC C=CODE     S=.text    G=(none)   M=CalLi840 ACBP=A9
 0001:0008994C 000013A0 C=CODE     S=.text    G=(none)   M=CalibMan ACBP=A9
 0001:0008ACEC 000000E4 C=CODE     S=.text    G=(none)   M=DateUtils ACBP=A9
 0001:0008ADD0 000011D3 C=CODE     S=.text    G=(none)   M=Sol      ACBP=A9
 0001:0008BFA4 00001988 C=CODE     S=.text    G=(none)   M=NetLog   ACBP=A9
 0001:0008D92C 00001028 C=CODE     S=.text    G=(none)   M=ColBtn   ACBP=A9
 0001:0008E954 000001D8 C=CODE     S=.text    G=(none)   M=Bitmaps  ACBP=A9
 0001:0008EB2C 0000032C C=CODE     S=.text    G=(none)   M=Heart    ACBP=A9
 0001:0008EE58 00000080 C=CODE     S=.text    G=(none)   M=WinIO    ACBP=A9
 0001:0008EED8 00001137 C=CODE     S=.text    G=(none)   M=Watchdog ACBP=A9
 0001:00090010 000009E4 C=CODE     S=.text    G=(none)   M=Connect  ACBP=A9
 0001:000909F4 00000F18 C=CODE     S=.text    G=(none)   M=LineGraf ACBP=A9
 0001:0009190C 00001628 C=CODE     S=.text    G=(none)   M=LGSetup  ACBP=A9
 0001:00092F34 00001532 C=CODE     S=.text    G=(none)   M=licor    ACBP=A9
 0001:00094468 000004FC C=CODE     S=.text    G=(none)   M=debuglog ACBP=A9
 0001:00094964 00000A18 C=CODE     S=.text    G=(none)   M=tei49c   ACBP=A9
 0001:0009537C 00001EA0 C=CODE     S=.text    G=(none)   M=netinfo  ACBP=A9
 0001:0009721C 000012EC C=CODE     S=.text    G=(none)   M=Compare  ACBP=A9
 0001:00098508 0000144C C=CODE     S=.text    G=(none)   M=Ephem    ACBP=A9
 0001:00099954 00000933 C=CODE     S=.text    G=(none)   M=ExitSeq  ACBP=A9
 0001:0009A288 00000ABC C=CODE     S=.text    G=(none)   M=H2OVapor ACBP=A9
 0001:0009AD44 00001CFC C=CODE     S=.text    G=(none)   M=Status   ACBP=A9
 0001:0009CA40 00000170 C=CODE     S=.text    G=(none)   M=musca    ACBP=A9
 0001:0009CBB0 00004189 C=CODE     S=.text    G=(none)   M=riv      ACBP=A9
 0001:000A0D3C 000008C4 C=CODE     S=.text    G=(none)   M=RVSetup  ACBP=A9
 0001:000A1600 0000295C C=CODE     S=.text    G=(none)   M=comlog   ACBP=A9
 0001:000A3F5C 00000B8B C=CODE     S=.text    G=(none)   M=IPServ   ACBP=A9
 0001:000A4AE8 0001438C C=CODE     S=.text    G=(none)   M=comp     ACBP=A9
 0001:000B8E74 00003F80 C=CODE     S=.text    G=(none)   M=MPSample ACBP=A9
 0001:000BCDF4 00007564 C=CODE     S=.text    G=(none)   M=comdis   ACBP=A9
 0001:000C4358 000017F3 C=CODE     S=.text    G=(none)   M=LGSelect ACBP=A9
 0001:000C5B4C 00000B64 C=CODE     S=.text    G=(none)   M=RingBar  ACBP=A9
 0001:000C66B0 00002B72 C=CODE     S=.text    G=(none)   M=Alarms   ACBP=A9
 0001:000C9224 00000E8B C=CODE     S=.text    G=(none)   M=CalibAut ACBP=A9
 0001:000CA0B0 00003994 C=CODE     S=.text    G=(none)   M=coms     ACBP=A9
 0001:000CDA44 00002208 C=CODE     S=.text    G=(none)   M=Backup   ACBP=A9
 0001:000CFC4C 00004274 C=CODE     S=.text    G=(none)   M=Main     ACBP=A9
 0001:000D3EC0 000000D6 C=CODE     S=.text    G=(none)   M=Services ACBP=A9
 0001:000D3F98 00001418 C=CODE     S=.text    G=(none)   M=comin    ACBP=A9
 0001:000D53B0 00003474 C=CODE     S=.text    G=(none)   M=fcp      ACBP=A9
 0002:00000000 000002E4 C=DATA     S=.data    G=DGROUP   M=System   ACBP=A9
 0002:000002E4 00000018 C=DATA     S=.data    G=DGROUP   M=SysInit  ACBP=A9
 0002:000002FC 0000024C C=DATA     S=.data    G=DGROUP   M=SysUtils ACBP=A9
 0002:00000548 00000108 C=DATA     S=.data    G=DGROUP   M=VarUtils ACBP=A9
 0002:00000650 0000008E C=DATA     S=.data    G=DGROUP   M=Variants ACBP=A9
 0002:000006E0 0000000C C=DATA     S=.data    G=DGROUP   M=TypInfo  ACBP=A9
 0002:000006EC 00000100 C=DATA     S=.data    G=DGROUP   M=Classes  ACBP=A9
 0002:000007EC 000002EC C=DATA     S=.data    G=DGROUP   M=Graphics ACBP=A9
 0002:00000AD8 00000004 C=DATA     S=.data    G=DGROUP   M=Printers ACBP=A9
 0002:00000ADC 00000154 C=DATA     S=.data    G=DGROUP   M=StdCtrls ACBP=A9
 0002:00000C30 00000014 C=DATA     S=.data    G=DGROUP   M=ExtCtrls ACBP=A9
 0002:00000C44 000000C8 C=DATA     S=.data    G=DGROUP   M=Dialogs  ACBP=A9
 0002:00000D0C 00000124 C=DATA     S=.data    G=DGROUP   M=Forms    ACBP=A9
 0002:00000E30 00000020 C=DATA     S=.data    G=DGROUP   M=ImgList  ACBP=A9
 0002:00000E50 000000EC C=DATA     S=.data    G=DGROUP   M=Menus    ACBP=A9
 0002:00000F3C 0000013C C=DATA     S=.data    G=DGROUP   M=Controls ACBP=A9
 0002:00001078 00000088 C=DATA     S=.data    G=DGROUP   M=Buttons  ACBP=A9
 0002:00001100 00000008 C=DATA     S=.data    G=DGROUP   M=IniFiles ACBP=A9
 0002:00001108 00000008 C=DATA     S=.data    G=DGROUP   M=Registry ACBP=A9
 0002:00001110 00000008 C=DATA     S=.data    G=DGROUP   M=Mapi     ACBP=A9
 0002:00001118 00000064 C=DATA     S=.data    G=DGROUP   M=ComCtrls ACBP=A9
 0002:0000117C 0000014C C=DATA     S=.data    G=DGROUP   M=crt32    ACBP=A9
 0002:000012C8 000000C0 C=DATA     S=.data    G=DGROUP   M=graph32  ACBP=A9
 0002:00001388 0000175C C=DATA     S=.data    G=DGROUP   M=faced    ACBP=A9
 0002:00002AE4 0000000D C=DATA     S=.data    G=DGROUP   M=comd     ACBP=A9
 0002:00002AF4 00000010 C=DATA     S=.data    G=DGROUP   M=comu     ACBP=A9
 0002:00002B04 000005D0 C=DATA     S=.data    G=DGROUP   M=optomux  ACBP=A9
 0002:000030D4 00000010 C=DATA     S=.data    G=DGROUP   M=sdDebug  ACBP=A9
 0002:000030E4 00000725 C=DATA     S=.data    G=DGROUP   M=NativeXml ACBP=A9
 0002:0000380C 00000010 C=DATA     S=.data    G=DGROUP   M=Connect  ACBP=A9
 0002:0000381C 00000010 C=DATA     S=.data    G=DGROUP   M=LineGraf ACBP=A9
 0002:0000382C 0000027D C=DATA     S=.data    G=DGROUP   M=licor    ACBP=A9
 0002:00003AAC 0000035D C=DATA     S=.data    G=DGROUP   M=netinfo  ACBP=A9
 0002:00003E0C 00000008 C=DATA     S=.data    G=DGROUP   M=Status   ACBP=A9
 0002:00003E14 00000494 C=DATA     S=.data    G=DGROUP   M=comp     ACBP=A9
 0002:00005000 00000708 C=BSS      S=.bss     G=DGROUP   M=System   ACBP=A9
 0002:00005708 00000018 C=BSS      S=.bss     G=DGROUP   M=SysInit  ACBP=A9
 0002:00005720 00000004 C=BSS      S=.bss     G=DGROUP   M=Types    ACBP=A9
 0002:00005724 00000004 C=BSS      S=.bss     G=DGROUP   M=Windows  ACBP=A9
 0002:00005728 00000004 C=BSS      S=.bss     G=DGROUP   M=Messages ACBP=A9
 0002:0000572C 00000031 C=BSS      S=.bss     G=DGROUP   M=MultiMon ACBP=A9
 0002:00005760 00000004 C=BSS      S=.bss     G=DGROUP   M=SysConst ACBP=A9
 0002:00005764 00000120 C=BSS      S=.bss     G=DGROUP   M=SysUtils ACBP=A9
 0002:00005884 00000004 C=BSS      S=.bss     G=DGROUP   M=VarUtils ACBP=A9
 0002:00005888 00000184 C=BSS      S=.bss     G=DGROUP   M=Variants ACBP=A9
 0002:00005A0C 00000004 C=BSS      S=.bss     G=DGROUP   M=RTLConsts ACBP=A9
 0002:00005A10 00000004 C=BSS      S=.bss     G=DGROUP   M=TypInfo  ACBP=A9
 0002:00005A14 00000004 C=BSS      S=.bss     G=DGROUP   M=ActiveX  ACBP=A9
 0002:00005A18 00000040 C=BSS      S=.bss     G=DGROUP   M=Classes  ACBP=A9
 0002:00005A58 00000004 C=BSS      S=.bss     G=DGROUP   M=Consts   ACBP=A9
 0002:00005A5C 00000060 C=BSS      S=.bss     G=DGROUP   M=Graphics ACBP=A9
 0002:00005ABC 00000004 C=BSS      S=.bss     G=DGROUP   M=Math     ACBP=A9
 0002:00005AC0 00000004 C=BSS      S=.bss     G=DGROUP   M=Contnrs  ACBP=A9
 0002:00005AC4 0000000C C=BSS      S=.bss     G=DGROUP   M=CommCtrl ACBP=A9
 0002:00005AD0 00000004 C=BSS      S=.bss     G=DGROUP   M=Imm      ACBP=A9
 0002:00005AD4 00000008 C=BSS      S=.bss     G=DGROUP   M=HelpIntfs ACBP=A9
 0002:00005ADC 00000004 C=BSS      S=.bss     G=DGROUP   M=WinSpool ACBP=A9
 0002:00005AE0 00000004 C=BSS      S=.bss     G=DGROUP   M=Printers ACBP=A9
 0002:00005AE4 00000034 C=BSS      S=.bss     G=DGROUP   M=FlatSB   ACBP=A9
 0002:00005B18 00000004 C=BSS      S=.bss     G=DGROUP   M=StdCtrls ACBP=A9
 0002:00005B1C 00000004 C=BSS      S=.bss     G=DGROUP   M=ShellAPI ACBP=A9
 0002:00005B20 00000004 C=BSS      S=.bss     G=DGROUP   M=RegStr   ACBP=A9
 0002:00005B24 00000004 C=BSS      S=.bss     G=DGROUP   M=WinInet  ACBP=A9
 0002:00005B28 00000004 C=BSS      S=.bss     G=DGROUP   M=UrlMon   ACBP=A9
 0002:00005B2C 00000004 C=BSS      S=.bss     G=DGROUP   M=ShlObj   ACBP=A9
 0002:00005B30 00000004 C=BSS      S=.bss     G=DGROUP   M=CommDlg  ACBP=A9
 0002:00005B34 00000004 C=BSS      S=.bss     G=DGROUP   M=ExtCtrls ACBP=A9
 0002:00005B38 00000004 C=BSS      S=.bss     G=DGROUP   M=Dlgs     ACBP=A9
 0002:00005B3C 00000038 C=BSS      S=.bss     G=DGROUP   M=Dialogs  ACBP=A9
 0002:00005B74 0000000C C=BSS      S=.bss     G=DGROUP   M=Clipbrd  ACBP=A9
 0002:00005B80 00000004 C=BSS      S=.bss     G=DGROUP   M=StrUtils ACBP=A9
 0002:00005B84 00000004 C=BSS      S=.bss     G=DGROUP   M=StdActns ACBP=A9
 0002:00005B88 00000010 C=BSS      S=.bss     G=DGROUP   M=WinHelpViewer ACBP=A9
 0002:00005B98 00000004 C=BSS      S=.bss     G=DGROUP   M=ActnList ACBP=A9
 0002:00005B9C 00000020 C=BSS      S=.bss     G=DGROUP   M=Forms    ACBP=A9
 0002:00005BBC 00000004 C=BSS      S=.bss     G=DGROUP   M=ImgList  ACBP=A9
 0002:00005BC0 00000010 C=BSS      S=.bss     G=DGROUP   M=Menus    ACBP=A9
 0002:00005BD0 00000080 C=BSS      S=.bss     G=DGROUP   M=Controls ACBP=A9
 0002:00005C50 00000004 C=BSS      S=.bss     G=DGROUP   M=RichEdit ACBP=A9
 0002:00005C54 00000004 C=BSS      S=.bss     G=DGROUP   M=ToolWin  ACBP=A9
 0002:00005C58 00000004 C=BSS      S=.bss     G=DGROUP   M=ComStrs  ACBP=A9
 0002:00005C5C 00000030 C=BSS      S=.bss     G=DGROUP   M=Buttons  ACBP=A9
 0002:00005C8C 00000004 C=BSS      S=.bss     G=DGROUP   M=ExtDlgs  ACBP=A9
 0002:00005C90 00000004 C=BSS      S=.bss     G=DGROUP   M=IniFiles ACBP=A9
 0002:00005C94 00000004 C=BSS      S=.bss     G=DGROUP   M=Registry ACBP=A9
 0002:00005C98 00000004 C=BSS      S=.bss     G=DGROUP   M=Mapi     ACBP=A9
 0002:00005C9C 00000004 C=BSS      S=.bss     G=DGROUP   M=ExtActns ACBP=A9
 0002:00005CA0 00000004 C=BSS      S=.bss     G=DGROUP   M=ListActns ACBP=A9
 0002:00005CA4 0000000C C=BSS      S=.bss     G=DGROUP   M=ComCtrls ACBP=A9
 0002:00005CB0 00000054 C=BSS      S=.bss     G=DGROUP   M=crt32    ACBP=A9
 0002:00005D04 00000154 C=BSS      S=.bss     G=DGROUP   M=graph32  ACBP=A9
 0002:00005E58 00000004 C=BSS      S=.bss     G=DGROUP   M=faced    ACBP=A9
 0002:00005E5C 00000004 C=BSS      S=.bss     G=DGROUP   M=Template ACBP=A9
 0002:00005E60 00000004 C=BSS      S=.bss     G=DGROUP   M=UtilObjs ACBP=A9
 0002:00005E64 00000004 C=BSS      S=.bss     G=DGROUP   M=AVSD     ACBP=A9
 0002:00005E68 0000E9E8 C=BSS      S=.bss     G=DGROUP   M=Globals  ACBP=A9
 0002:00014850 00016E54 C=BSS      S=.bss     G=DGROUP   M=comd     ACBP=A9
 0002:0002B6A4 00000024 C=BSS      S=.bss     G=DGROUP   M=gra      ACBP=A9
 0002:0002B6C8 00000004 C=BSS      S=.bss     G=DGROUP   M=comu     ACBP=A9
 0002:0002B6CC 00000004 C=BSS      S=.bss     G=DGROUP   M=LblForm  ACBP=A9
 0002:0002B6D0 00000004 C=BSS      S=.bss     G=DGROUP   M=WinSock  ACBP=A9
 0002:0002B6D4 00000751 C=BSS      S=.bss     G=DGROUP   M=Socket   ACBP=A9
 0002:0002BE28 00000004 C=BSS      S=.bss     G=DGROUP   M=FestoCI  ACBP=A9
 0002:0002BE2C 00000934 C=BSS      S=.bss     G=DGROUP   M=optomux  ACBP=A9
 0002:0002C760 00000010 C=BSS      S=.bss     G=DGROUP   M=Serial   ACBP=A9
 0002:0002C770 00000004 C=BSS      S=.bss     G=DGROUP   M=EventLog ACBP=A9
 0002:0002C774 00000004 C=BSS      S=.bss     G=DGROUP   M=FatalErr ACBP=A9
 0002:0002C778 00000004 C=BSS      S=.bss     G=DGROUP   M=LineIn   ACBP=A9
 0002:0002C77C 000096CC C=BSS      S=.bss     G=DGROUP   M=DataComm ACBP=A9
 0002:00035E48 00000004 C=BSS      S=.bss     G=DGROUP   M=sdDebug  ACBP=A9
 0002:00035E4C 00000004 C=BSS      S=.bss     G=DGROUP   M=sdStreams ACBP=A9
 0002:00035E50 00000004 C=BSS      S=.bss     G=DGROUP   M=sdStringTable ACBP=A9
 0002:00035E54 00000004 C=BSS      S=.bss     G=DGROUP   M=NativeXml ACBP=A9
 0002:00035E58 00000048 C=BSS      S=.bss     G=DGROUP   M=CalLi840 ACBP=A9
 0002:00035EA0 00000010 C=BSS      S=.bss     G=DGROUP   M=CalibMan ACBP=A9
 0002:00035EB0 00000004 C=BSS      S=.bss     G=DGROUP   M=DateUtils ACBP=A9
 0002:00035EB4 00000288 C=BSS      S=.bss     G=DGROUP   M=Sol      ACBP=A9
 0002:0003613C 00001C28 C=BSS      S=.bss     G=DGROUP   M=NetLog   ACBP=A9
 0002:00037D64 00000004 C=BSS      S=.bss     G=DGROUP   M=ColBtn   ACBP=A9
 0002:00037D68 00000014 C=BSS      S=.bss     G=DGROUP   M=Bitmaps  ACBP=A9
 0002:00037D7C 00000004 C=BSS      S=.bss     G=DGROUP   M=Heart    ACBP=A9
 0002:00037D80 00000004 C=BSS      S=.bss     G=DGROUP   M=WinIO    ACBP=A9
 0002:00037D84 000001DB C=BSS      S=.bss     G=DGROUP   M=Watchdog ACBP=A9
 0002:00037F60 00000018 C=BSS      S=.bss     G=DGROUP   M=Connect  ACBP=A9
 0002:00037F78 000002D8 C=BSS      S=.bss     G=DGROUP   M=LineGraf ACBP=A9
 0002:00038250 0000000C C=BSS      S=.bss     G=DGROUP   M=LGSetup  ACBP=A9
 0002:0003825C 0000010C C=BSS      S=.bss     G=DGROUP   M=licor    ACBP=A9
 0002:00038368 000014EC C=BSS      S=.bss     G=DGROUP   M=debuglog ACBP=A9
 0002:00039854 00000308 C=BSS      S=.bss     G=DGROUP   M=tei49c   ACBP=A9
 0002:00039B5C 0000100C C=BSS      S=.bss     G=DGROUP   M=netinfo  ACBP=A9
 0002:0003AB68 00000008 C=BSS      S=.bss     G=DGROUP   M=Compare  ACBP=A9
 0002:0003AB70 00000008 C=BSS      S=.bss     G=DGROUP   M=Ephem    ACBP=A9
 0002:0003AB78 00000017 C=BSS      S=.bss     G=DGROUP   M=ExitSeq  ACBP=A9
 0002:0003AB90 0000000C C=BSS      S=.bss     G=DGROUP   M=H2OVapor ACBP=A9
 0002:0003AB9C 00000040 C=BSS      S=.bss     G=DGROUP   M=Status   ACBP=A9
 0002:0003ABDC 00000588 C=BSS      S=.bss     G=DGROUP   M=musca    ACBP=A9
 0002:0003B164 00000014 C=BSS      S=.bss     G=DGROUP   M=riv      ACBP=A9
 0002:0003B178 00000044 C=BSS      S=.bss     G=DGROUP   M=RVSetup  ACBP=A9
 0002:0003B1BC 00000014 C=BSS      S=.bss     G=DGROUP   M=comlog   ACBP=A9
 0002:0003B1D0 00000175 C=BSS      S=.bss     G=DGROUP   M=IPServ   ACBP=A9
 0002:0003B348 00000004 C=BSS      S=.bss     G=DGROUP   M=comp     ACBP=A9
 0002:0003B34C 000004F4 C=BSS      S=.bss     G=DGROUP   M=MPSample ACBP=A9
 0002:0003B840 000000E8 C=BSS      S=.bss     G=DGROUP   M=comdis   ACBP=A9
 0002:0003B928 00000029 C=BSS      S=.bss     G=DGROUP   M=LGSelect ACBP=A9
 0002:0003B954 0000008C C=BSS      S=.bss     G=DGROUP   M=RingBar  ACBP=A9
 0002:0003B9E0 00000EBD C=BSS      S=.bss     G=DGROUP   M=Alarms   ACBP=A9
 0002:0003C8A0 000003D4 C=BSS      S=.bss     G=DGROUP   M=CalibAut ACBP=A9
 0002:0003CC74 00000004 C=BSS      S=.bss     G=DGROUP   M=coms     ACBP=A9
 0002:0003CC78 0000001C C=BSS      S=.bss     G=DGROUP   M=Backup   ACBP=A9
 0002:0003CC94 00000010 C=BSS      S=.bss     G=DGROUP   M=Main     ACBP=A9
 0002:0003CCA4 00000004 C=BSS      S=.bss     G=DGROUP   M=Services ACBP=A9
 0002:0003CCA8 00000004 C=BSS      S=.bss     G=DGROUP   M=comin    ACBP=A9


  Address         Publics by Name

 0002:00005B3C       .01
 0002:0002C774       .1
 0002:0000574C       .1
 0002:00005A58       .1
 0002:0002B6C8       .1
 0002:00005AC4       .1
 0002:00005AD0       .1
 0002:0003B164       .1
 0002:0003B840       .1
 0002:0003ABDC       .1
 0002:00005A0C       .1
 0002:00005C98       .1
 0002:00005760       .1
 0002:00005B80       .1
 0002:00037D68       .1
 0002:00005B90       .1
 0002:0003CC74       .1
 0002:00038368       .1
 0002:00038260       .1
 0002:0002C76C       .1
 0002:00005E58       .1
 0002:0003B348       .1
 0002:0002B6C4       .1
 0002:00005E64       .1
 0002:0003CCA8       .1
 0002:0002B6D0       .1
 0002:0002C770       .1
 0002:00005B38       .1
 0002:00005728       .1
 0002:00005B30       .1
 0002:00005720       .1
 0002:00005B2C       .1
 0002:00005B28       .1
 0002:00005B24       .1
 0002:00005B20       .1
 0002:0003B1BC       .1
 0002:00005B1C       .1
 0002:0003B1D0       .1
 0002:00039854       .1
 0002:00037D80       .1
 0002:00005718       .1
 0002:00005884       .1
 0002:0002B6E0       .1
 0002:00035EB0       .1
 0002:00005C50       .1
 0002:0003AB60       .1
 0002:00005B04       .1
 0002:00005C58       .1
 0002:00005B34       .12
 0002:00005A60       .12
 0002:00035E5C       .2
 0002:00005ABC       .2
 0002:0003CC78       .2
 0002:0003ABD8       .2
 0002:0003AB98       .2
 0002:0003AB78       .2
 0002:00005AD4       .2
 0002:00005CF0       .2
 0002:00005E5C       .2
 0002:0002B6CC       .2
 0002:0003AB74       .2
 0002:0002BE28       .2
 0002:0003AB6C       .2
 0002:0003CCA0       .2
 0002:00035E50       .2
 0002:00037D7C       .2
 0002:0003B928       .2
 0002:00037D8C       .2
 0002:0003B954       .2
 0002:00005B78       .2
 0002:00037F60       .2
 0002:0003CC6C       .2
 0002:0003CCA4       .2
 0002:00035EAC       .2
 0002:00037D64       .2
 0002:0003B1B4       .2
 0002:0003613C       .2
 0002:00005AC0       .21
 0002:00036138       .3
 0002:00005A14       .3
 0002:00005BBC       .3
 0002:00005C8C       .3
 0002:00005DB0       .3
 0002:00005E60       .3
 0002:00005ADC       .3
 0002:00005AE0       .3
 0002:0001484C       .3
 0002:000058A8       .3
 0002:000359C4       .3
 0002:00038248       .3
 0002:0002C778       .3
 0002:00005724       .3
 0002:0002C080       .3
 0002:00038258       .3
 0002:00005A20       .35
 0002:00005CA4       .36
 0002:00005C54       .4
 0002:00005C5C       .4
 0002:00005BA4       .41
 0002:00005B18       .42
 0002:0003C898       .5
 0002:00035E48       .5
 0002:00035E4C       .5
 0002:000055B8       .5
 0002:0003B834       .5
 0002:00005C94       .5
 0002:00035E54       .53
 0002:00005A10       .6
 0002:0002B698       .6
 0002:00005B84       .63
 0002:00005BD8       .72
 0002:00005C9C       .72
 0002:00005C90       .8
 0002:00005B98       .8
 0002:00005CA0       .8
 0002:00005BC8       .9
 0002:00005874       .94
 0001:00001C38       @AbstractError
 0001:00004F28       @AddRefArray
 0001:00004EF8       @AddRefRecord
 0001:000038FC       @AfterConstruction
 0001:00001CC4       @Append
 0001:000036F0       @AsClass
 0001:000042AC       @Assert
 0001:00001F28       @Assign
 0001:00002200       @AStrCmp
 0001:0000390C       @BeforeDestruction
 0001:0000208C       @BlockRead
 0001:000020AC       @BlockWrite
 0001:00003478       @BoundErr
 0001:0000373C       @CallDynaInst
 0001:000038A4       @ClassCreate
 0001:000038F4       @ClassDestroy
 0001:000020CC       @Close
 0001:000026C0       @CloseFile
 0001:000018E0       @Copy
 0001:00005104       @CopyArray
 0001:00004FE8       @CopyRecord
 0001:00001BB0       @COS
 0001:00001924       @Delete
 0001:000053A0       @DispCallByIDError
 0001:0000520C       @Dispose
 0001:00003D88       @DoneExcept
 0001:00005CD8       @DynArrayAddRef
 0001:00005CB0       @DynArrayAsg
 0001:00005C74       @DynArrayClear
 0001:00005B60       @DynArrayCopy
 0001:00005B80       @DynArrayCopyRange
 0001:000059A0       @DynArrayHigh
 0001:00005998       @DynArrayLength
 0001:00005B54       @DynArraySetLength
 0001:00002D14       @EmitDigits
 0001:00002270       @EofFile
 0001:0000228C       @EofText
 0001:000022C4       @Eoln
 0001:00003E70       @ExceptionHandler
 0001:00001BC0       @EXP
 0001:0000231C       @FilePos
 0001:0000236C       @FileSize
 0001:000023B8       @FillChar
 0001:00004EEC       @Finalize
 0001:00004E00       @FinalizeArray
 0001:00004DCC       @FinalizeRecord
 0001:00003754       @FindDynaInst
 0001:00001FE4       @Flush
 0001:0000346C       @FpuInit
 0001:000033A8       @FpuMaskInit
 0001:0000175C       @FreeMem
 0001:0000173C       @GetMem
 0001:00006990       @GetTls
 0001:00004294       @Halt
 0001:000041BC       @Halt0
 0001:00003A20       @HandleAnyException
 0001:00003CD4       @HandleFinally
 0001:00003B4C       @HandleOnException
 0001:000069DC       @InitExe
 0001:00004DC0       @Initialize
 0001:00004D2C       @InitializeArray
 0001:00004CFC       @InitializeRecord
 0001:00004080       @InitImports
 0001:00004058       @InitResStringImports
 0001:00001BD8       @INT
 0001:0000639C       @IntfAddRef
 0001:00006370       @IntfCast
 0001:0000632C       @IntfClear
 0001:00006344       @IntfCopy
 0001:00003480       @IntOver
 0001:000036CC       @IsClass
 0001:00003378       @isNECWindows
 0001:0000476C       @LStrAddRef
 0001:000042F0       @LStrArrayClr
 0001:00004320       @LStrAsg
 0001:0000458C       @LStrCat
 0001:000045D0       @LStrCat3
 0001:00004644       @LStrCatN
 0001:000042CC       @LStrClr
 0001:000046C8       @LStrCmp
 0001:000047DC       @LStrCopy
 0001:0000481C       @LStrDelete
 0001:00004534       @LStrFromArray
 0001:000044AC       @LStrFromChar
 0001:000044BC       @LStrFromPChar
 0001:000043BC       @LStrFromPCharLen
 0001:000044EC       @LStrFromPWChar
 0001:00004420       @LStrFromPWCharLen
 0001:00004528       @LStrFromString
 0001:0000454C       @LStrFromWStr
 0001:00004864       @LStrInsert
 0001:00004364       @LStrLAsg
 0001:00004584       @LStrLen
 0001:0000496C       @LStrOfChar
 0001:000048C0       @LStrPos
 0001:00004908       @LStrSetLength
 0001:0000477C       @LStrToPChar
 0001:00004560       @LStrToString
 0001:000051F8       @New
 0001:00004390       @NewAnsiString
 0001:000049C8       @NewWideString
 0001:00001B60       @Pos
 0001:00003090       @Pow10
 0001:0000217C       @PStrCmp
 0001:00002154       @PStrCpy
 0001:00002124       @PStrNCat
 0001:00002160       @PStrNCpy
 0001:00003D34       @RaiseAgain
 0001:00003D0C       @RaiseExcept
 0001:000023D8       @RandExt
 0001:00002488       @ReadChar
 0001:00002638       @ReadExt
 0001:0000571C       @ReadInt64
 0001:00002690       @ReadLn
 0001:000024F4       @ReadLong
 0001:000025CC       @ReadLString
 0001:00002400       @ReadRec
 0001:000025C0       @ReadString
 0001:0000177C       @ReallocMem
 0001:000027C8       @ResetFile
 0001:00001CAC       @ResetText
 0001:000027E4       @RewritFile
 0001:00001CB8       @RewritText
 0001:00001C08       @ROUND
 0001:000042A0       @RunError
 0001:00002D84       @ScaleExt
 0001:000027F0       @Seek
 0001:00002824       @SeekEof
 0001:00002CF4       @SetEq
 0001:00001BA0       @SetLength
 0001:00002C9C       @SetRange
 0001:00002D08       @SetUnion
 0001:00001BF8       @SIN
 0001:00004018       @StartExe
 0001:00002DC8       @Str2Ext
 0001:00005634       @StrInt64
 0001:00000330       @strlen
 0001:00002844       @StrLong
 0001:00001C14       @TRUNC
 0001:000028A4       @Truncate
 0001:00003DB8       @TryFinallyExit
 0001:000047D4       @UniqueStringA
 0001:00002F84       @ValExt
 0001:00005774       @ValInt64
 0001:000028D0       @ValLong
 0001:00005398       @VarAddRef
 0001:000052D8       @VarClear
 0001:00005390       @VarClr
 0001:00005384       @VarCmpEQ
 0001:000052E0       @VarCopy
 0001:0000534C       @VarFromBool
 0001:0000535C       @VarFromCurr
 0001:0000537C       @VarFromDisp
 0001:00005330       @VarFromInt
 0001:00005338       @VarFromInt64
 0001:00005374       @VarFromIntf
 0001:00005364       @VarFromLStr
 0001:00005354       @VarFromReal
 0001:0000536C       @VarFromWStr
 0001:000052F8       @VarToBool
 0001:00005308       @VarToCurr
 0001:00005328       @VarToDisp
 0001:000052E8       @VarToInt
 0001:000052F0       @VarToInt64
 0001:00005320       @VarToIntf
 0001:00005310       @VarToLStr
 0001:00005300       @VarToReal
 0001:00005318       @VarToWStr
 0001:00002B6C       @Write0Bool
 0001:00002AF8       @Write0Char
 0001:00002BB4       @Write0Long
 0001:00004998       @Write0LString
 0001:00002BBC       @Write0String
 0001:00002BF0       @Write2Ext
 0001:00002B58       @WriteBool
 0001:00002A28       @WriteBytes
 0001:00002B34       @WriteChar
 0001:000056F4       @WriteInt64
 0001:00002C24       @WriteLn
 0001:00002B74       @WriteLong
 0001:000049A0       @WriteLString
 0001:0000299C       @WriteRec
 0001:00002A7C       @WriteSpaces
 0001:00002BC8       @WriteString
 0001:00004CDC       @WStrAddRef
 0001:00004A08       @WStrArrayClr
 0001:00004A2C       @WStrAsg
 0001:00004B68       @WStrCat
 0001:000049F0       @WStrClr
 0001:00004BC8       @WStrCmp
 0001:00004C4C       @WStrCopy
 0001:00004B3C       @WStrFromLStr
 0001:00004A50       @WStrFromPCharLen
 0001:00004B00       @WStrFromPWChar
 0001:00004ADC       @WStrFromPWCharLen
 0001:00004B5C       @WStrLen
 0001:00004C98       @WStrSetLength
 0001:00004B4C       @WStrToPWChar
 0001:00002C78       @_CLenToPasStr
 0001:00002C6C       @_CToPasStr
 0001:000018A4       @_IOTest
 0001:000053F0       @_lldiv
 0001:0000546C       @_lldivo
 0001:000054F0       @_llmod
 0001:0000556C       @_llmodo
 0001:000053A8       @_llmul
 0001:000053CC       @_llmulo
 0001:000055F4       @_llshl
 0001:000054A4       @_lludiv
 0001:000055A4       @_llumod
 0001:00005614       @_llushr
 0001:00056324       AbsMin
 0001:0000C590       AbstractErrorHandler
 0002:00005028       AbstractErrorProc
 0002:00000378       AccessMode
 0001:0000180C       AcquireExceptionObject
 0001:00015A28       ActivateClassGroup
 0001:00007060       ActivateKeyboardLayout
 0001:0007175C       activate_digital
 0002:00005C0C       ActiveDrag
 0001:00013644       ActiveX
 0001:0003EB5C       ActnList
 0002:0002C07C       adc_read
 0001:00071C40       adc_read_clear
 0001:00071C6C       adc_select_clear
 0001:00000454       AddBlockAfter
 0002:000006EC       AddDataModule
 0001:0001954C       AddFinished
 0001:0004EB00       AddIn
 0001:000061C0       AddModuleUnloadProc
 0001:000061D0       AddModuleUnloadProc
 0001:00019584       AddNotFinished
 0001:00074DC8       AddrAllocate
 0001:00072A98       add_to_rawdata
 0002:0001679C       adif
 0002:00016FA0       adiff
 0002:00017144       adiff_adj
 0001:00023358       AdjustColor
 0001:00039880       AdjustColors
 0001:000091BC       AdjustLineBreaks
 0001:000419D0       Adjustment
 0001:00007068       AdjustWindowRectEx
 0002:00017540       agc1hr1p
 0002:0001757C       agc1hr2p
 0002:000175B8       agc1hr5p
 0002:00029FB8       agc1m
 0002:000174C8       agc1m10p
 0002:00017504       agc1m20p
 0002:0001748C       agc1m5p
 0002:00029FF4       agc5m
 0002:000169E0       agcerr
 0002:00029F7C       agcont
 0002:00016968       agcontsave
 0002:00029B21       ahr
 0002:00016F28       ainteg
 0002:000170CC       ainteg_adj
 0002:00016BD0       airpres
 0001:000C9070       AlarmMsgGet
 0001:000C91A4       Alarms
 0001:000A7088       algor
 0001:000B2660       algorithm
 0001:000A6070       algor_help
 0002:00000F24       Alignments
 0002:00000F14       Alignments
 0002:00000C38       Alignments
 0002:00000B24       Alignments
 0002:00000BBC       Alignments
 0002:00000BCC       Alignments
 0002:00000AE4       Alignments
 0002:00001148       AlignStyles
 0001:00048824       AlignWork
 0001:0005B968       AlignWork
 0001:0001F2A8       AllocateHWnd
 0001:00006B00       AllocConsole
 0001:00008EFC       AllocMem
 0002:000055B0       AllocMemCount
 0002:000055B4       AllocMemSize
 0001:00028514       AllocPatternBitmap
 0001:00084C14       AllocRawBuffer
 0001:00006938       AllocTlsBuffer
 0002:00029B22       alr
 0002:00016CC0       AmbientBaseValue
 0001:0008ACAC       AmbientMultiportCalibratingGet
 0001:0008ACA4       AmbientMultiportCalibratingSet
 0002:00016D00       ambient_base
 0001:000BC848       ambient_mp
 0001:000BBA58       ambient_mp_config
 0001:000BC4A4       ambient_mp_init
 0002:00035EA8       ambient_multiport_calibrate
 0002:0003B350       ambmp_debug
 0002:0003B354       ambmp_hardware_var
 0002:00016CFC       amb_base_grab
 0002:00016D04       amb_in_default
 0001:000A8CD0       analog_in
 0001:000A8AC4       analog_out
 0001:0001CA94       AncestorValid
 0002:00000F48       AnchorAlign
 0001:0008B458       anglefill
 0002:00000F3C       AnimateWindowProc
 0002:00001044       AnimationStyle
 0001:000090C4       AnsiCompareStr
 0001:000090FC       AnsiCompareText
 0001:00009818       AnsiLastChar
 0001:00007070       AnsiLower
 0001:00009090       AnsiLowerCase
 0001:0000CD98       AnsiLowerCaseFileName
 0001:0000CD60       AnsiPos
 0001:000531D8       AnsiSameCaption
 0001:00009134       AnsiSameText
 0001:0000914C       AnsiStrLIComp
 0001:0000CE24       AnsiStrPos
 0001:0000CEC4       AnsiStrRScan
 0001:0000CEEC       AnsiStrScan
 0001:000067A8       AnsiToUtf8
 0001:0000905C       AnsiUpperCase
 0001:0000ED50       AnyChangeType
 0001:00010148       AnyOp
 0001:0000F77C       AnyToIntf
 0001:0000AE74       AppendChars
 0001:0000B238       AppendFormat
 0001:0000AED8       AppendNumber
 0001:0000AEB8       AppendString
 0001:00072C54       AppEvLog
 0002:00005B9C       Application
 0002:000006FC       ApplicationHandleException
 0002:00000704       ApplicationShowException
 0001:000C9830       apply
 0002:00000E28       AppVisible
 0002:00016F64       aprop
 0002:00017108       aprop_adj
 0002:00028F51       archive_mode
 0001:0000C574       AssertErrorHandler
 0002:00005020       AssertErrorProc
 0001:00012CDC       AssignLongStr
 0001:00013358       AssignVariant
 0001:0006C56C       atan2
 0001:0008ADD0       atan2
 0002:0003C89C       audible_test
 0002:0003C8A4       autocalib_var
 0002:0003B8A0       av1
 0002:0003B8C4       av10
 0002:0003B8C8       av11
 0002:0003B8CC       av12
 0002:0003B8D0       av13
 0002:0003B8D4       av14
 0002:0003B8A4       av2
 0002:0003B8A8       av3
 0002:0003B8AC       av4
 0002:0003B8B0       av5
 0002:0003B8B4       av6
 0002:0003B8B8       av7
 0002:0003B8BC       av8
 0002:0003B8C0       av9
 0002:00005604       avail
 0002:0003B8DC       avcos
 0002:0003B8D8       avdir
 0001:000CA334       average
 0002:0003B895       averaging
 0001:0006B94C       AVSD
 0001:0006B890       avsd_calc
 0001:0006B81C       avsd_init
 0001:0006B84C       avsd_proc
 0002:0003B8E0       avsin
 0002:00029E8C       awcos
 0002:00016FDC       awind
 0002:000171BC       awinddir
 0002:00029EC8       awsin
 0002:0002A030       awspeed
 0002:00018D70       awwdir
 0002:0001438C       back1
 0002:000143C8       back3
 0002:00014404       back4
 0001:00009918       BackfillGetDiskFreeSpaceEx
 0001:00058EA0       BackgroundClipped
 0001:000A0CDC       BackgroundColorGet
 0001:000A0CD4       BackgroundColorSet
 0001:000CFC44       Backup
 0002:00005EE4       backuppath
 0002:00000650       BaseTypeMap
 0001:0006C364       bbox
 0001:0000CA30       Beep
 0001:00007078       BeginDeferWindowPos
 0001:00015DFC       BeginGlobalLoading
 0001:00007080       BeginPaint
 0001:00023364       BetterSize
 0001:0004F8D8       BiDiDraw
 0001:0006E6E4       bind
 0001:000CAD60       binhis
 0001:00006E18       BitBlt
 0002:000010A4       BitBtnCaptions
 0002:00005C60       BitBtnGlyphs
 0002:000010D0       BitBtnModalResults
 0002:00001078       BitBtnResNames
 0002:00000A8C       BitmapCanvasList
 0002:00005A78       BitmapImageLock
 0001:0008EAB8       Bitmaps
 0001:000C6C00       bittest
 0002:000007C0       BlockCode
 0002:000055DC       blockDescBlockList
 0002:000055E0       blockDescFreeList
 0001:00002000       BlockIO
 0002:000006E0       BooleanIdents
 0002:00000080       BoolStrs
 0001:000095DC       BoolToStr
 0002:00000ADC       BorderStyles
 0002:00000D70       BorderStyles
 0002:00000C30       BorderStyles
 0001:00014D60       Bounds
 0001:00006A7C       Bounds
 0002:00000EBC       Breaks
 0002:00005AB0       BrushManager
 0002:0002B884       buffer
 0001:00051FE8       BuildImage
 0002:00000CB4       ButtonCaptions
 0002:00000C88       ButtonNames
 0001:00066278       Buttons
 0002:00000F38       Buttons
 0002:00000BB4       ButtonStyles
 0002:00005B48       ButtonWidths
 0001:0006CA60       bytesleft
 0001:00022B44       BytesPerScanline
 0001:00022E9C       ByteSwapColors
 0001:0000CB14       ByteToCharIndex
 0001:0000CAEC       ByteToCharLen
 0001:0000CAB0       ByteType
 0001:0000CA38       ByteTypeTest
 0001:000B8C10       caccept
 0001:0009CBB0       caccept
 0002:00029B24       cahr
 0002:00016D84       calarm
 0001:0001F1E4       CalcJmpOffset
 0001:000633C0       CalcSplitterPos
 0001:0008B66C       calenfill
 0001:000CA024       CalibAut
 0001:0008ACE4       CalibMan
 0002:0002A9B8       calibrate_param
 0002:0002A9CC       calibrate_var
 0001:00089944       CalLi840
 0002:00035E58       CalLi840Form
 0001:00007088       CallNextHookEx
 0001:0000D6EC       CallTerminateProcs
 0001:00007090       CallWindowProc
 0002:00029B23       calr
 0001:00057344       CancelDrag
 0002:00005AB4       CanvasList
 0002:00005C20       CanvasList
 0002:00000C60       Captions
 0002:00001000       CaptureControl
 0001:00069314       caret_create
 0001:00069364       caret_destroy
 0002:00005D05       caret_enable
 0001:00069400       caret_get_pos
 0001:000693CC       caret_hide
 0002:00005E50       caret_save_x
 0002:00005E54       caret_save_y
 0001:0006944C       caret_set_pos
 0001:00069398       caret_show
 0002:0000365C       cBase64Char
 0002:0000369C       cBase64PadChar
 0002:00003580       cBinaryXmlCookie
 0002:00003780       cBinaryXmlVersion
 0002:000036A0       cBomInfoList
 0002:00000E5C       cBooleanToItemAutoFlag
 0002:000006C0       CBooleanToRelationship
 0002:000037DC       cBoolValues
 0002:000030E4       cCodePageInfo
 0002:00003784       cDefaultAesKeyHex
 0002:00003788       cDefaultBinaryMethod
 0002:000037D0       cDefaultChar
 0002:0000378C       cDefaultDirectCloseTag
 0002:00003790       cDefaultDropCommentsOnParse
 0002:0000379C       cDefaultEncodingString
 0002:000037A0       cDefaultEolStyle
 0002:000037A4       cDefaultExternalEncoding
 0002:000037A8       cDefaultFixStructuralErrors
 0002:00003794       cDefaultFloatAllowScientific
 0002:00003798       cDefaultFloatSignificantDigits
 0002:000037AC       cDefaultIndentString
 0002:000037B0       cDefaultNodeClosingStyle
 0002:000037B4       cDefaultSplitSecondDigits
 0002:000037C0       cDefaultUseLocalBias
 0002:000037B8       cDefaultVersionString
 0002:000037C4       cDefaultWriteOnDefault
 0002:000037BC       cDefaultXmlFormat
 0002:00016E74       cdiff
 0002:00003738       cElementTypeNames
 0001:0003B150       CenterWindow
 0002:00005E6C       cfgname
 0002:00005B76       CF_COMPONENT
 0002:00005B74       CF_PICTURE
 0002:000058A0       ChangeAnyProc
 0001:000558FC       ChangeBiDiModeAlignment
 0001:0006CB00       changering
 0001:0000EDB8       ChangeSourceAny
 0002:00000B04       CharCases
 0002:00000B68       CharCases
 0001:000043EC       CharFromWChar
 0001:0000CCE8       CharLength
 0001:00007098       CharLowerBuff
 0001:000002A0       CharNext
 0001:000070A0       CharNext
 0001:00021210       CharsetToIdent
 0001:0000CBFC       CharToByteIndex
 0001:0000CC60       CharToByteLen
 0001:000070A8       CharUpperBuff
 0001:00076CAC       check
 0001:000CA1E8       check
 0001:0002392C       CheckBool
 0001:000A1750       checkdev
 0001:000B0998       checkforerr
 0001:0000399C       CheckJmp
 0001:000070B0       CheckMenuItem
 0002:00000EAC       Checks
 0001:00071048       checksum
 0001:0001E03C       CheckSynchronize
 0001:0004140C       CheckTaskWindow
 0001:00010D90       CheckType
 0001:000101D4       CheckType
 0001:00056FF8       CheckUndock
 0001:00076A84       Check_If_Already_Open
 0001:000D5A34       check_that_only_instance
 0001:000361F8       ChooseColor
 0002:00016DFC       cinteg
 0002:000037CC       cInterval
 0002:000006BC       CInvalidCustomVariantType
 0002:00000E60       cItemAutoFlagToBoolean
 0002:00000E58       cItemAutoFlagToMenu
 0001:0001F42C       Classes
 0002:00005E0C       classMyWnd
 0001:000157EC       ClassNotFound
 0001:0006F108       Cleanup
 0002:0000589C       ClearAnyProc
 0001:00020A98       ClearColor
 0001:000CAC08       clearhist
 0001:00012084       ClearVariantTypeList
 0001:000070B8       ClientToScreen
 0001:00060964       ClientToWindow
 0002:00000A84       ClipboardFormats
 0001:0003CA50       Clipbrd
 0001:0008B514       clockfill
 0001:0006ED68       Close
 0001:000726AC       Close
 0001:000A4724       Close
 0001:000070C0       CloseClipboard
 0001:0006981C       CloseGraph
 0001:00000240       CloseHandle
 0001:00006B08       CloseHandle
 0001:0006E6EC       closesocket
 0001:000D3664       close_handler
 0001:00068908       ClrEol
 0001:00068984       ClrScr
 0001:00070064       clsFestoCI.BitWrite
 0001:0006F7B4       clsFestoCI.Close
 0001:0006F4EC       clsFestoCI.Create
 0001:0006F528       clsFestoCI.DebugEnableSet
 0001:0006F524       clsFestoCI.DebugMemoSet
 0001:0006F52C       clsFestoCI.DebugPauseSet
 0001:0006F238       clsFestoCI.LastErrorProcess
 0001:0006F648       clsFestoCI.Open
 0001:0006FA50       clsFestoCI.Receive
 0001:0006F90C       clsFestoCI.Send
 0001:0006F530       clsFestoCI.Setup
 0001:0006FC44       clsFestoCI.Talk
 0001:0006FD2C       clsFestoCI.WordRead
 0001:00070234       clsFestoCI.WordWrite
 0001:00073224       clsLineIn.Create
 0001:000732B8       clsLineIn.DebugEnableSet
 0001:000732B4       clsLineIn.DebugMemoSet
 0001:000732BC       clsLineIn.DebugPauseSet
 0001:00073434       clsLineIn.OutputDebug
 0001:000732C0       clsLineIn.OutputLastError
 0001:000734B0       clsLineIn.Process
 0001:00074878       clsLineIn.TokenGet
 0001:000748C0       clsLineIn.ValueGet
 0001:0006E068       clwindow
 0002:0000503C       CmdLine
 0002:00005038       CmdShow
 0002:00000E54       cMenuAutoFlagToItem
 0002:00003584       cNodeClass
 0002:0002A47C       co2qt
 0002:000177E8       col
 0001:0008E94C       ColBtn
 0001:000160B8       CollectionsEqual
 0002:0000081C       Colors
 0001:0003A6C0       ColorToBorderColor
 0001:00021008       ColorToIdent
 0001:00020FB0       ColorToRGB
 0001:0008A03C       color_checkbox
 0002:00005E40       color_set_last
 0002:00000B54       ComboBoxStyles
 0002:00005AC8       ComCtl32DLL
 0001:00068624       ComCtrls
 0001:0006BAE8       comd
 0001:000C4320       comdis
 0001:000D53A8       comin
 0001:000A3F54       comlog
 0002:0001E7BC       comm
 0002:00035E98       command
 0002:00005BCC       CommandPool
 0001:00028C1C       CommCtrl
 0001:00036230       CommDlg
 0001:0006BA70       CommErrMsgGet
 0001:00000734       Commit
 0002:00005620       committedRoot
 0002:0002A3F0       comm_err
 0001:000B8E6C       comp
 0001:00098500       Compare
 0001:00078E00       CompareFreq
 0001:0004E0E4       CompareFront
 0001:00008FC4       CompareMem
 0001:00008F94       CompareStr
 0001:00006B10       CompareString
 0001:00008FE4       CompareText
 0001:00019F6C       ComponentCreated
 0001:000236FC       ComputeAldusChecksum
 0001:000CDA3C       coms
 0001:000641C8       ComStrs
 0001:0006E190       comu
 0002:00029104       conditional_enabled
 0002:00029114       conditional_ok
 0002:000292E0       conditional_state
 0001:000B5BFC       conditional_test
 0002:00029178       conditional_value
 0002:00029174       conditional_var
 0001:000D0B74       config
 0001:0007170C       configure_positions
 0001:0006E6F4       connect
 0001:000909EC       Connect
 0002:00037F64       connected
 0002:0003CC9C       consoleOpened
 0001:0001F798       Consts
 0002:0002A0E4       conterr
 0001:00028A84       Contnrs
 0002:00005BDE       ControlAtom
 0002:00005BE4       ControlAtomString
 0001:0004619C       ControlHasHelp
 0001:00064060       Controls
 0002:0000074C       Convert
 0001:0000BFE4       ConvertAddr
 0001:0000AFC8       ConvertEraString
 0001:00008EC0       ConvertError
 0001:00008ED8       ConvertErrorFmt
 0001:0000B130       ConvertYearString
 0001:000059A8       CopyArray
 0001:00025AA0       CopyBitmap
 0001:00026168       CopyBitmapAsMask
 0001:00006E20       CopyEnhMetaFile
 0001:00066098       CopyImage
 0001:00026104       CopyPalette
 0001:00051094       CopyToBest
 0001:0000CB6C       CountChars
 0002:00005A90       CounterLock
 0002:00016E38       cprop
 0002:00003634       cQuoteChars
 0002:00003654       cQuoteCharStyleNames
 0002:000037C8       cReadableDirectCloseTag
 0001:0000C4B8       CreateAssertException
 0001:0000C640       CreateAVObject
 0001:00006E28       CreateBitmap
 0001:00006E30       CreateBrushIndirect
 0001:000070C8       CreateCaret
 0001:00006E38       CreateCompatibleBitmap
 0001:00006E40       CreateCompatibleDC
 0001:00019FEC       CreateComponent
 0002:0003B950       created
 0001:00006E50       CreateDIBitmap
 0001:00006E48       CreateDIBSection
 0001:00006B18       CreateEvent
 0001:00006B20       CreateFile
 0001:00000248       CreateFileA
 0001:00006E58       CreateFontIndirect
 0001:00006E60       CreateHalftonePalette
 0001:000070D0       CreateIcon
 0001:0000C3E4       CreateInOutError
 0001:000070D8       CreateMenu
 0001:0003BE4C       CreateMessageDialog
 0001:00006B30       CreateMutex
 0001:00006E68       CreatePalette
 0001:00006E70       CreatePen
 0001:00006E78       CreatePenIndirect
 0001:000070E0       CreatePopupMenu
 0001:00006E80       CreateSolidBrush
 0001:00022EF4       CreateSystemPalette
 0001:00006B50       CreateThread
 0001:00007680       CreateWindow
 0001:000070E8       CreateWindowEx
 0002:00000C44       CreationControl
 0002:00000F40       CreationControl
 0002:000006CC       CRelationshipToBoolean
 0001:00069130       crt32
 0002:00005CE8       CRT32ControlKeyState
 0002:00005CEC       CRT32ExtendedSave
 0002:00005CDC       CRT32RepeatCount
 0002:00005CE0       CRT32VirtualKeyCode
 0002:00005CE4       CRT32VirtualScanCode
 0002:00005CCC       crt32_mouse
 0002:00005CFC       CrtPipe
 0002:00000C20       CSHREDRAW
 0002:00000370       cSimpleBoolStrs
 0002:0000355C       cStringEncodingCharsetNames
 0002:00000BAC       Ctl3DStyles
 0002:0000103C       Ctl3DStyles
 0002:00005618       curAlloc
 0002:0001779C       curpos
 0002:0000576C       CurrencyDecimals
 0002:00005768       CurrencyFormat
 0002:00005764       CurrencyString
 0001:0006D310       currentdate
 0001:0006D918       currenttime
 0002:00000DAC       CursorMap
 0002:00000F50       Cursors
 0001:00055BF8       CursorToIdent
 0001:0006CBC4       cursor_col
 0001:0006CC00       cursor_page
 0001:0006CB3C       cursor_row
 0002:0003B88C       cursor_save_1
 0002:0003B890       cursor_save_2
 0002:00000D9C       cUseAlpha
 0002:00000DA4       cUseColorKey
 0002:00000548       CVarTypeToElementInfo
 0002:000030D4       cWarnStyleNames
 0002:00016EB0       cwind
 0002:00016EEC       cwindprop
 0002:000003B0       CWNear
 0002:000035F4       cXmlBlankChars
 0002:00003614       cXmlBlankCharsOrEndTag
 0002:000035CC       cXmlEscapePhrases
 0002:00035E54       cXmlFormatSettings
 0002:000035E0       cXmlReplacePhrases
 0001:0006CC3C       cycle_byte
 0001:000B8CC4       daccept
 0002:00000C28       Data
 0001:000CE8A8       databack
 0001:00077C24       DataComm
 0001:000A9FCC       dataflow
 0002:0002B62C       dataflow_key
 0002:0002B630       dataflow_show
 0002:0002ABA0       dataflow_var
 0001:000A194C       dataout
 0002:00005EE0       datapath
 0002:00029074       dataput
 0002:00028CD8       date
 0002:00035E88       dateISO
 0002:0000576D       DateSeparator
 0001:0000B9C8       DateTimeToString
 0001:0000A9D8       DateTimeToTimeStamp
 0001:0008ADC8       DateUtils
 0001:000A2DA0       datlog
 0002:00029724       dawn_altitude
 0002:00028CC8       day
 0001:0008AD34       DayOf
 0001:0008AD58       DayOfTheMonth
 0001:0008AD6C       DayOfTheWeek
 0001:0000ADC8       DayOfWeek
 0001:0008B2C8       dayofyear
 0002:000003AC       DCon10
 0002:00000818       DDBsOnly
 0001:0008AEB8       dddmmss
 0002:0003B89C       ddx
 0001:00071784       deactivate_digital
 0001:0001F35C       DeallocateHWnd
 0002:00029134       debug
 0002:0002C38C       debug2memo
 0001:00071C9C       DebugEnableSet
 0002:00000018       DebugHook
 0001:000948F4       debuglog
 0001:00094468       DebugLogEnableGet
 0001:0009449C       DebugLogEnableSet
 0001:000944F4       DebugLogFileClear
 0001:00094530       DebugLogFileClose
 0001:0009456C       DebugLogFileFlush
 0001:0009457C       DebugLogFileNameGet
 0001:00094590       DebugLogFileOpen
 0001:00094650       DebugLogFileWrite
 0001:00094798       DebugLogRegister
 0001:00094834       DebugLogUnitNameGet
 0002:0003B924       debuglog_handle
 0002:00039B58       debuglog_handle
 0001:00094964       debuglog_output
 0001:00094BE0       debuglog_output_value
 0001:00071CB4       DebugMemoSet
 0001:0006BA30       DebugMsgGet
 0001:00071CA4       DebugPauseGet
 0001:00071CAC       DebugPauseSet
 0002:0003836C       debug_enable_list
 0002:00039580       debug_file_name
 0002:00039680       debug_file_ptr
 0002:00038380       debug_idname_list
 0002:0003984C       debug_id_last
 0001:0008CE0C       debug_output
 0002:0000576B       DecimalSeparator
 0001:000119A8       DecIndices
 0001:00086830       DecodeBase64Buf
 0001:000869A4       DecodeBinhexBuf
 0001:0000ADA8       DecodeDate
 0001:0000AC5C       DecodeDateFully
 0001:0000AACC       DecodeTime
 0001:000955D4       decode_set_string
 0001:000007C8       Decommit
 0001:00000DE4       DecommitFree
 0002:000055F4       decommittedRoot
 0001:000493E8       Default
 0001:00043EF0       Default
 0002:00000010       Default8087CW
 0002:00000F44       DefaultDockTreeClass
 0002:00000024       DefaultTextLineBreakStyle
 0002:00000A54       DefBrushData
 0001:00007108       DeferWindowPos
 0002:000007EC       DefFontData
 0001:000070F0       DefFrameProc
 0002:0000043C       DefLongDayNames
 0002:000003F0       DefLongMonthNames
 0001:000070F8       DefMDIChildProc
 0002:00000A34       DefPenData
 0002:00000420       DefShortDayNames
 0002:000003C0       DefShortMonthNames
 0001:00007100       DefWindowProc
 0001:00068F00       Delay
 0001:00005D14       DelayLoadResourceModule
 0001:00000484       DeleteBlock
 0001:0003AA4C       DeleteColor
 0001:000003F4       DeleteCriticalSection
 0001:00006B58       DeleteCriticalSection
 0001:00006E88       DeleteDC
 0001:00006E90       DeleteEnhMetaFile
 0001:00000C2C       DeleteFree
 0001:00007110       DeleteMenu
 0001:00006E98       DeleteObject
 0001:0003AA20       DeleteRange
 0001:00032FD4       DeleteSelectedText
 0001:00006AD0       DeregisterEventSource
 0002:00005F20       descriptor
 0001:0002565C       DeselectBitmap
 0001:00007118       DestroyCaret
 0001:00007120       DestroyCursor
 0001:00007128       DestroyIcon
 0001:000661A8       DestroyLocals
 0001:00007130       DestroyMenu
 0001:00007138       DestroyWindow
 0001:0003D604       DialogEnumerationTester
 0001:0003B204       DialogHook
 0002:00000C4C       DialogOptions
 0001:0003C9E8       Dialogs
 0001:0008F7B0       DialoutGet
 0001:0008F7B8       DialoutSet
 0002:00000A90       DIBPalSizes
 0002:000002D4       dig
 0001:000A92A4       digital_in
 0002:0002A45C       digital_in_cntl
 0002:0002A43C       digital_in_fumi
 0001:000A8BD4       digital_out
 0002:0003B8EC       direc
 0001:00041260       DisableTaskWindows
 0001:000C0208       discomm
 0001:000901CC       DisconnectMsgGet
 0002:00017798       dishour
 0001:000099BC       DiskFree
 0001:000099F0       DiskSize
 0002:0000D4D8       disp
 0001:00007140       DispatchMessage
 0001:00047404       DispatchShortCut
 0002:0000E84C       dispb
 0002:00026EBC       dispback
 0002:00005000       DispCallByIDProc
 0001:000C244C       display
 0001:000C19D8       displaymove
 0002:0002B6B4       displx
 0002:0002B6B8       disply
 0002:00014440       disprecord
 0001:000BFEF4       dispsel
 0002:00017A58       disrec
 0001:00008EA4       DivMod
 0001:0003AE00       Dlgs
 0001:000486D8       DoAlign
 0001:0005B7F8       DoAlign
 0001:0005F798       DoCalcConstraints
 0002:00005C14       DockSiteList
 0001:00051CB4       DoClick
 0001:0005CE80       DoControlMsg
 0002:00028F58       docreate
 0002:0003B8E6       docurrent
 0001:00041210       DoDisableWindow
 0001:00056924       DoDragOver
 0002:00028F56       doexamine
 0002:00028F59       doexit
 0002:0003B170       doexit
 0001:00061694       DoFindControlZone
 0001:0004134C       DoFindWindow
 0001:00061C20       DoFindZone
 0001:00061718       DoForEach
 0001:00063024       DoGetNextLimit
 0002:0003B8E4       dograph
 0002:0003B171       dohelp
 0002:00028F55       doinitialize
 0002:0003B8E5       dolast
 0001:000411D8       DoneApplication
 0001:00063D88       DoneControls
 0001:0000C96C       DoneExceptions
 0001:000457F8       DoNestedActivation
 0001:0005B3CC       DoPosition
 0001:00048528       DoPosition
 0002:00028F57       doprint
 0001:0006264C       DoPrune
 0001:00038A4C       DoRect
 0001:00062B24       DoSaveZone
 0001:00062D28       DoSetNewBounds
 0002:0003B8E7       dosnapshot
 0002:0003B172       dotopo
 0002:000006E8       DotSep
 0001:0004C98C       DoWrite
 0001:000247AC       DoWrite
 0001:00023B84       DoWrite
 0001:00017498       DoWrite
 0001:0005C4F0       DoWriteDesignSize
 0001:00059FA4       DoWriteIsControl
 0002:00028CBC       doy
 0002:00037F5E       do_dialout
 0002:00005BF8       DragCapture
 0002:00005BEC       DragControl
 0001:0005706C       DragDone
 0001:000568D4       DragFindTarget
 0001:000568A8       DragFindWindow
 0002:00005C10       DragImageList
 0001:00056CC4       DragInit
 0001:00056E34       DragInitControl
 0002:00005BF4       DragInternalObject
 0001:00056808       DragMessage
 0002:00005BF0       DragObject
 0002:00005C1C       DragSave
 0002:00005C04       DragSaveCursor
 0002:00005BFC       DragStartPos
 0002:00005C08       DragThreshold
 0001:000569F4       DragTo
 0001:00049424       DrawAppIcon
 0001:0008DEF8       DrawBackBitmap
 0001:0008E268       drawbackground
 0001:0008DFC4       drawcaption
 0001:000621B8       DrawCloseButton
 0001:0008E2B0       drawdownborder
 0001:00007148       DrawEdge
 0001:00007150       DrawFocusRect
 0001:00007158       DrawFrameControl
 0001:00062210       DrawGrabberLine
 0001:00007160       DrawIcon
 0001:00007168       DrawIconEx
 0002:00000E30       DrawingStyles
 0001:00007170       DrawMenuBar
 0001:00052FF4       DrawMenuItem
 0001:000698D0       DrawPoly
 0001:00007178       DrawText
 0001:0008E334       drawupborder
 0002:00005DB4       driver
 0001:000729C4       DTRSet
 0002:00035E90       dt_element
 0001:000A3F5C       dump
 0001:000229C4       DupBits
 0001:00071990       dutec_in
 0002:0002C088       dutec_local_speed
 0001:0007194C       dutec_out
 0001:0007187C       dutec_speed
 0001:00011954       DynArrayBounds
 0001:000059C0       DynArrayClear
 0001:000118CC       DynArrayDim
 0001:000118B0       DynArrayElTypeInfo
 0001:00011DA8       DynArrayFromVariant
 0001:00011870       DynArrayIndex
 0001:000059C8       DynArraySetLength
 0001:000118E4       DynArraySize
 0001:00011A94       DynArrayToVariant
 0001:00011A14       DynArrayVariantBounds
 0001:00011A6C       DynArrayVarType
 0002:00000F1C       EdgeStyle
 0002:00000B9C       EdgeStyles
 0002:0000102C       EdgeStyles
 0002:000012C8       EGAColors
 0001:0000C3B8       EHeapException.FreeInstance
 0001:00006EA0       Ellipse
 0002:00000B20       Empty
 0001:0007271C       EmptyBufferRx
 0001:000726E0       EmptyBufferTx
 0001:00007180       EmptyClipboard
 0001:000D4318       emptyerr
 0002:00005888       EmptyParam
 0002:000002FC       EmptyStr
 0002:00000300       EmptyWideStr
 0001:00007188       EnableMenuItem
 0002:00000EB4       Enables
 0001:00007190       EnableScrollBar
 0001:00041314       EnableTaskWindows
 0001:00007198       EnableWindow
 0002:00017180       encl_temp_alarm_set
 0001:00083E3C       EncodeAnsiChunk
 0001:00086740       EncodeBase64Buf
 0001:0000AC2C       EncodeDate
 0001:0000AA8C       EncodeTime
 0001:00083F54       EncodeUtf16Chunk
 0001:00083ECC       EncodeUtf8Chunk
 0001:000071A0       EndDeferWindowPos
 0001:00015E84       EndGlobalLoading
 0001:000071A8       EndPaint
 0002:000294A4       enrich_base
 0002:0002933C       enrich_mode
 0002:000293B4       enrich_val
 0001:000003E4       EnterCriticalSection
 0001:00006B60       EnterCriticalSection
 0001:00006B68       EnumCalendarInfoA
 0002:00005748       EnumDisplayMonitors
 0001:0000BC58       EnumEraNames
 0001:0000BC94       EnumEraYearOffsets
 0001:000443EC       EnumMonitorsProc
 0001:000071B0       EnumThreadWindows
 0001:000071B8       EnumWindows
 0001:0009994C       Ephem
 0001:0008B388       eqoftime
 0001:000071C0       EqualRect
 0002:00005834       EraNames
 0002:00005850       EraYearOffsets
 0002:0003BA28       err
 0002:00038264       err
 0002:000002CC       errCaption
 0001:000C6C88       errcheck
 0001:000C6AEC       errclear
 0002:0003BB48       errlatch
 0001:00071CBC       ErrlogEnableGet
 0001:00071CC4       ErrlogEnableSet
 0001:00071E18       ErrlogNameSet
 0001:00069160       ErrMsgAndHalt
 0002:0003AB64       errno
 0001:0004DE34       Error
 0001:00001898       Error
 0001:000153B0       Error
 0001:000190D8       Error
 0002:00000004       ErrorAddr
 0001:0000184C       ErrorAt
 0001:0000C464       ErrorHandler
 0002:00000458       ErrorMap
 0002:00005008       ErrorProc
 0001:0006873C       error_check
 0002:000053E4       ErrOutput
 0001:000C7838       errreset
 0002:0003BC68       errseq
 0001:000C740C       errset
 0001:00071B50       ErrstatsClear
 0001:00071C2C       ErrstatsClearWhenGet
 0001:00006B70       EscapeCommFunction
 0002:00005DA0       Event
 0001:00072F68       EventLog
 0001:000017EC       ExceptAddr
 0002:0000500C       ExceptClsProc
 0001:0000C8D8       ExceptHandler
 0001:0000C22C       Exception.Create
 0001:0000C268       Exception.CreateFmt
 0001:0000C2E8       Exception.CreateRes
 0001:0000C324       Exception.CreateResFmt
 0002:0000501C       ExceptionClass
 0001:0000BFF0       ExceptionErrorMessage
 0002:00000490       ExceptMap
 0001:000017CC       ExceptObject
 0002:00005010       ExceptObjProc
 0002:00005004       ExceptProc
 0001:00006EA8       ExcludeClipRect
 0001:000710FC       execute
 0001:0008F794       Exists
 0002:00000000       ExitCode
 0001:00004100       ExitDll
 0002:00005044       ExitProc
 0001:00006B78       ExitProcess
 0001:000002A8       ExitProcess
 0002:00005024       ExitProcessProc
 0001:0009A26C       ExitSeq
 0001:00066444       ExtActns
 0001:0003ADAC       ExtCtrls
 0001:000662D0       ExtDlgs
 0002:0000117C       extended_table
 0002:00000C00       ExtendSelects
 0001:000098D0       ExtractFileExt
 0001:00009898       ExtractFileName
 0001:000161DC       ExtractStrings
 0001:00006EB0       ExtTextOut
 0001:0006A7E8       faced
 0002:00029144       faceraw_switch
 0001:00010144       Failure
 0002:00016D48       falarm
 0002:00005870       FalseBoolStrs
 0002:00029154       fan_debug_set
 0001:00073190       FatalErr
 0002:00005B7C       FClipboard
 0002:000003A0       FCon1E18
 0001:000D63FC       fcp
 0001:0008F7C0       fec
 0001:00070414       FestoCI
 0001:0008FAA4       ffpwcnt
 0002:00005CFF       fHaltIt
 0001:00009740       FileClose
 0001:00009684       FileCreate
 0001:000096A8       FileCreate
 0001:00009A24       FileDateToDateTime
 0002:00028F52       fileend
 0002:00000A88       FileFormats
 0001:000D4460       fileinit
 0002:0000000C       FileMode
 0001:00001D0C       FileNOPProc
 0001:00009628       FileOpen
 0001:000096B0       FileRead
 0002:00000714       FilerSignature
 0001:000B4E48       files
 0001:00009708       FileSeek
 0001:00006B80       FileTimeToDosDateTime
 0001:00006B88       FileTimeToLocalFileTime
 0001:000096DC       FileWrite
 0001:00000D14       FillAfterGap
 0001:00000CC0       FillBeforeGap
 0001:00006B90       FillConsoleOutputAttribute
 0001:00006B98       FillConsoleOutputCharacter
 0001:00000DAC       FillerSizeAfterGap
 0001:00000D3C       FillerSizeBeforeGap
 0001:000698D4       FillPoly
 0001:000071C8       FillRect
 0002:00018DBC       filnam
 0001:0006E6AC       Finalization
 0001:00006850       Finalization
 0001:00092EFC       Finalization
 0001:0006C524       Finalization
 0001:0004CED0       Finalization
 0001:0003CC10       Finalization
 0001:00006A20       Finalization
 0001:000948BC       Finalization
 0001:00063FF8       Finalization
 0001:000640F0       Finalization
 0001:000CDA0C       Finalization
 0001:00064128       Finalization
 0001:0006F110       Finalization
 0001:00064198       Finalization
 0001:000685AC       Finalization
 0001:0003CAA8       Finalization
 0001:0000E22C       Finalization
 0001:0003CA14       Finalization
 0001:000A4A84       Finalization
 0001:00028BEC       Finalization
 0001:00074900       Finalization
 0001:000077E4       Finalization
 0001:000943FC       Finalization
 0001:0004B4F0       Finalization
 0001:0006B91C       Finalization
 0001:0003C98C       Finalization
 0001:0006BAB8       Finalization
 0001:000690E0       Finalization
 0001:000A3F24       Finalization
 0001:00028C24       Finalization
 0001:00007F64       Finalization
 0001:0008D850       Finalization
 0001:000C9FF4       Finalization
 0001:000360A8       Finalization
 0001:000360E0       Finalization
 0001:00071E44       Finalization
 0001:00073160       Finalization
 0001:0003AD7C       Finalization
 0001:000971D4       Finalization
 0001:00088138       Finalization
 0001:00036118       Finalization
 0001:0003ADD0       Finalization
 0001:00036150       Finalization
 0001:0006E754       Finalization
 0001:000A15C8       Finalization
 0001:000C42F0       Finalization
 0001:000C9148       Finalization
 0001:0006B7E4       Finalization
 0001:000D601C       Finalization
 0001:0003D834       Finalization
 0001:0002A030       Finalization
 0001:000A0CE4       Finalization
 0001:0006A9B0       Finalization
 0001:00036188       Finalization
 0001:0006A7B8       Finalization
 0001:000124C0       Finalization
 0001:0006644C       Finalization
 0001:0006A208       Finalization
 0001:00012810       Finalization
 0001:00072F38       Finalization
 0001:000984D0       Finalization
 0001:00028A54       Finalization
 0001:0008BDCC       Finalization
 0001:0008ACB4       Finalization
 0001:0008AD98       Finalization
 0001:0009991C       Finalization
 0001:000C5AD8       Finalization
 0001:00072A4C       Finalization
 0001:0008EEA0       Finalization
 0001:0003EB2C       Finalization
 0001:000361C0       Finalization
 0001:0009CB78       Finalization
 0001:00029C88       Finalization
 0001:0009A23C       Finalization
 0001:0001F384       Finalization
 0001:0008E91C       Finalization
 0001:0008EE20       Finalization
 0001:00006A98       Finalization
 0001:0001F768       Finalization
 0001:00029CD4       Finalization
 0001:0009AD00       Finalization
 0001:00036200       Finalization
 0001:000C6678       Finalization
 0001:0008EA88       Finalization
 0001:00013614       Finalization
 0001:00029D0C       Finalization
 0001:000135BC       Finalization
 0001:0009C9F0       Finalization
 0001:0006E160       Finalization
 0001:0006B954       Finalization
 0001:00095308       Finalization
 0001:0000824C       Finalization
 0001:000077AC       Finalization
 0001:0002854C       Finalization
 0001:00077BDC       Finalization
 0001:000918BC       Finalization
 0001:0002872C       Finalization
 0001:00078108       Finalization
 0001:000CFC14       Finalization
 0001:00089878       Finalization
 0001:000BCCE8       Finalization
 0001:000786C0       Finalization
 0001:00066240       Finalization
 0001:0008FF94       Finalization
 0001:0000E48C       Finalization
 0001:000662A0       Finalization
 0001:000703E4       Finalization
 0001:000662F0       Finalization
 0001:000D3E88       Finalization
 0001:000532D4       Finalization
 0001:00079078       Finalization
 0001:000D3F38       Finalization
 0001:00066358       Finalization
 0001:000663BC       Finalization
 0001:000B8E3C       Finalization
 0001:000D5378       Finalization
 0001:00066414       Finalization
 0001:000909BC       Finalization
 0001:000059B8       FinalizeArray
 0001:00003F58       FinalizeUnits
 0001:00051A74       Find
 0001:0001C204       FindAncestor
 0001:00005D84       FindBS
 0001:000158AC       FindClass
 0001:00005D0C       FindClassHInstance
 0001:00006BA0       FindClose
 0001:000002B8       FindClose
 0001:000097FC       FindClose
 0001:00000C90       FindCommitted
 0001:000559F8       FindControl
 0001:00061E4C       FindControlAtPos
 0001:000123C4       FindCustomVariantType
 0001:00012324       FindCustomVariantType
 0001:00057390       FindDragTarget
 0001:0001A19C       FindExistingComponent
 0001:000097AC       FindFirst
 0001:00006BA8       FindFirstFile
 0001:000002C0       FindFirstFile
 0001:00041458       FindGlobalComponent
 0001:00015D14       FindGlobalComponent
 0002:00005A2C       FindGlobalComponentProcs
 0001:00005CE4       FindHInstance
 0001:00015BBC       FindIdentToInt
 0001:00015B40       FindIntToIdent
 0001:00009748       FindMatchingFile
 0002:00005B44       FindMsg
 0001:00019484       FindNestedComponent
 0001:00006BB0       FindNextFile
 0001:0007F214       FindNodesRecursive
 0001:0008541C       FindNonStandardReferenceReplacement
 0001:0004DDFC       FindPopupControl
 0001:00006BB8       FindResource
 0001:00005D5C       FindResourceHInstance
 0001:0004ADC8       FindScanline
 0001:00035D1C       FindString
 0001:000413B0       FindTopMostWindow
 0001:0001AFCC       FindUniqueName
 0001:0005735C       FindVCLWindow
 0001:000071D0       FindWindow
 0001:0003D65C       FindWinHelp
 0001:000C865C       FirstAlarmPage
 0002:000290C3       firstpas
 0001:00025A54       FixupBitFields
 0002:00002AE4       fkey
 0002:00000F2C       Flags
 0002:00005880       FLanguages
 0001:0002A060       FlatSB
 0002:00005AE4       FlatSB_EnableScrollBar
 0002:00005AF0       FlatSB_GetScrollInfo
 0002:00005AF4       FlatSB_GetScrollPos
 0002:00005AEC       FlatSB_GetScrollRange
 0002:00005AFC       FlatSB_SetScrollInfo
 0002:00005AF8       FlatSB_SetScrollPos
 0001:00029D50       FlatSB_SetScrollProp
 0002:00005B00       FlatSB_SetScrollRange
 0002:00005AE8       FlatSB_ShowScrollBar
 0001:0000A5F4       FloatToDecimal
 0001:0000A934       FloatToStr
 0001:0000A964       FloatToStrF
 0001:0000A31C       FloatToText
 0001:00001FD8       Flush
 0002:000003B4       FMSecsPerDay
 0001:0000A218       FmtStr
 0002:00039B60       fnetinfo
 0002:00000D14       FocusCount
 0002:00000D10       FocusMessages
 0002:000009A4       FontCharsets
 0002:00005AA8       FontManager
 0001:00087A98       ForEachNode
 0001:0004142C       ForegroundTask
 0002:000003BC       Format
 0001:0000A204       Format
 0001:00009D70       FormatBuf
 0001:00009D64       FormatClearStr
 0001:0000BA24       FormatDateTime
 0001:00009CF8       FormatError
 0002:00000398       FormatErrorStrs
 0001:00006BC0       FormatMessage
 0001:00009D50       FormatVarToStr
 0001:0004B54C       Forms
 0001:00003088       FPower10
 0002:00000AD8       FPrinter
 0001:00038B10       Frame3D
 0001:000071D8       FrameRect
 0001:0000DE0C       FreeAndNil
 0001:000009FC       FreeCommitted
 0001:00000F1C       FreeCurAlloc
 0001:00057450       FreeDeviceContext
 0001:0005750C       FreeDeviceContexts
 0001:0001F150       FreeIntConstList
 0001:000002C8       FreeLibrary
 0001:00006BC8       FreeLibrary
 0001:000255B0       FreeMemoryContexts
 0001:0001F284       FreeObjectInstance
 0001:00006BD0       FreeResource
 0001:0000067C       FreeSpace
 0001:0000D708       FreeTerminateProcs
 0002:00005CAC       FRichEditModule
 0002:0003B9E0       frmAlarms
 0002:0003CC7C       frmBackup
 0002:0003CC64       frmCalibAut
 0002:00035EA0       frmCalibMan
 0002:0003AB68       frmCompare
 0002:0003B83C       frmConfig
 0002:00037F74       frmConnect
 0002:0002C77C       frmDataComm
 0002:0003AB70       frmEphem
 0002:0003AB7C       frmExitSeq
 0002:0003AB90       frmH2OVapor
 0002:00035EA4       frmHelp
 0002:00037D88       frmHelp
 0002:0003B930       frmHelp
 0002:0003CC68       frmHelp
 0002:00038254       frmHelp
 0002:0003824C       frmHelp
 0002:00037F78       frmLG
 0002:0003B92C       frmLGSelect
 0002:00038250       frmLGSetup
 0002:0003CC94       frmMain
 0002:0003B34C       frmMPSample
 0002:00036140       frmNetLog
 0002:0003B1B8       frmRVSetup
 0002:0003CC98       frmStartup
 0002:0003AB9C       frmStatus
 0002:00037D84       frmWatchdog
 0001:0009BA28       fs
 0001:000BCDF4       fstr
 0002:00005CFE       fSuccess
 0002:000290E4       fumigation_enabled
 0002:000290F4       fumisave
 0002:00035E64       func
 0001:0006C6A4       funpack
 0001:0008C23C       fvw
 0001:000A40F8       fvw
 0001:000B5F5C       fvw
 0002:0003C8A0       gas
 0001:000AF068       gasflow
 0002:00029164       gas_debug_set
 0002:00017414       gc10p
 0002:00017450       gc20p
 0002:000173D8       gc5p
 0002:00016AE0       gcambi
 0002:00029E74       gcband
 0002:00016AA4       gccntl
 0002:000169A4       gcerr
 0002:0001692C       gcgrab
 0002:00016A94       gcgrab_underflow
 0001:000BCE84       gcgrid
 0002:000171F8       gcint
 0001:0006C3BC       gclear
 0002:00017324       gcset
 0001:000229B4       GDICheck
 0001:0002290C       GDIError
 0002:0002905F       genlop
 0002:00005CFD       German
 0001:00006BD8       GetACP
 0001:000071E0       GetActiveWindow
 0001:00048BB4       GetAnimation
 0001:0003B7AC       GetAveCharSize
 0001:00064814       GetBitBtnGlyph
 0001:00006EB8       GetBitmapBits
 0001:000003FC       GetBlockDesc
 0001:00006EC0       GetBrushOrgEx
 0001:000071E8       GetCapture
 0001:00055CA0       GetCaptureControl
 0001:000071F0       GetCaretPos
 0001:000770C8       getchunk
 0001:0006D9F0       getchunk
 0001:00015858       GetClass
 0001:000071F8       GetClassInfo
 0001:00007200       GetClassName
 0001:00007208       GetClientRect
 0001:00007210       GetClipboardData
 0001:00024350       GetClipboardFormats
 0001:00006EC8       GetClipBox
 0001:00000398       GetCmdShow
 0001:0004B784       GetColor
 0001:00020FE4       GetColorValues
 0001:000002D0       GetCommandLine
 0001:00000848       GetCommitted
 0001:000008D8       GetCommittedAt
 0001:00006BE8       GetCommState
 0001:00006BF0       GetCommTimeouts
 0001:0001D04C       GetComponentValue
 0001:000687D8       GetConsoleHwnd
 0001:00006BF8       GetConsoleMode
 0001:00006C00       GetConsoleOutputCP
 0001:00006C08       GetConsoleScreenBufferInfo
 0001:00006C10       GetConsoleTitle
 0001:000D02A8       GetConsoleWindow
 0001:0005CA34       GetControlAtPos
 0001:0000AF24       GetCount
 0001:00006BE0       GetCPInfo
 0001:00006ED0       GetCurrentPositionEx
 0001:00006C18       GetCurrentProcessId
 0001:00006C20       GetCurrentThreadId
 0001:00000390       GetCurrentThreadId
 0001:000075D8       GetCurrentTime
 0001:00007218       GetCursor
 0001:0004ADD8       GetCursorHeightMargin
 0001:00007220       GetCursorPos
 0001:0003B550       GetCustomColorsArray
 0001:0000AF50       GetDate
 0001:00006C28       GetDateFormat
 0001:00007228       GetDC
 0001:00007230       GetDCEx
 0001:00006ED8       GetDCOrgEx
 0001:0002815C       GetDefFontCharSet
 0001:00016DE0       GetDesigner
 0001:00007238       GetDesktopWindow
 0001:00006EF0       GetDeviceCaps
 0001:00023914       GetDIB
 0001:00006EE0       GetDIBColorTable
 0001:00006EE8       GetDIBits
 0001:0002385C       GetDIBSizes
 0001:00022B24       GetDInColors
 0001:00006C30       GetDiskFreeSpaceA
 0002:0000036C       GetDiskFreeSpaceEx
 0001:00063104       GetDockAlign
 0001:0005664C       GetDockSiteAtPos
 0001:00056960       GetDropCtl
 0001:0000370C       GetDynaMethod
 0001:00006EF8       GetEnhMetaFileBits
 0001:00006F00       GetEnhMetaFileHeader
 0001:00006F08       GetEnhMetaFilePaletteEntries
 0001:00012880       GetEnumName
 0001:00012974       GetEnumNameValue
 0001:000129C0       GetEnumValue
 0001:0000BD0C       GetEraNamesAndYearOffsets
 0001:0000C628       GetExceptionClass
 0001:0000C80C       GetExceptionObject
 0001:0006DB14       getfield
 0001:000157E0       GetFieldClassTable
 0001:00024330       GetFileFormats
 0001:00000258       GetFileSize
 0001:00000250       GetFileType
 0001:00013048       GetFloatProp
 0001:00007240       GetFocus
 0001:00021230       GetFontData
 0001:00007248       GetForegroundWindow
 0001:0000D18C       GetFormatSettings
 0001:00020794       GetHashCode
 0001:000461D4       GetHelpInfo
 0001:000290B8       GetHelpSystem
 0001:00048998       GetHint
 0001:000489D0       GetHintControl
 0001:00053174       GetHotkey
 0001:00007250       GetIconInfo
 0001:00013464       GetInt64Prop
 0001:000134C8       GetInterfaceProp
 0001:00007268       GetKeyboardLayout
 0001:00007270       GetKeyboardLayoutList
 0001:00007278       GetKeyboardState
 0001:00003370       GetKeyboardType
 0001:00007258       GetKeyNameText
 0001:00007260       GetKeyState
 0001:00007280       GetLastActivePopup
 0001:000613CC       GetLastChildZone
 0001:000002D8       GetLastError
 0001:00006C38       GetLastError
 0001:0008C158       GetLastError
 0001:0000BAD0       GetLocaleChar
 0001:000002E8       GetLocaleInfo
 0001:00006C48       GetLocaleInfo
 0001:0000BA84       GetLocaleStr
 0001:00006C40       GetLocalTime
 0001:00055C5C       GetLongHint
 0001:00012CF0       GetLongStrProp
 0001:000698FC       GetMaxX
 0001:00069904       GetMaxY
 0001:00007288       GetMenu
 0001:0004615C       GetMenuHelpContext
 0001:00007290       GetMenuItemCount
 0001:00007298       GetMenuItemID
 0001:000072A0       GetMenuItemInfo
 0001:000502C0       GetMenuSize
 0001:000072A8       GetMenuState
 0001:000072B0       GetMenuString
 0001:000133EC       GetMethodProp
 0001:000002F0       GetModuleFileName
 0001:00006C50       GetModuleFileName
 0001:00006918       GetModuleHandle
 0001:000002F8       GetModuleHandle
 0001:00006C58       GetModuleHandle
 0002:0000573C       GetMonitorInfo
 0002:00005740       GetMonitorInfoA
 0002:00005744       GetMonitorInfoW
 0001:0000BB34       GetMonthDayNames
 0001:000072B8       GetNextWindow
 0001:00006C60       GetNumberOfConsoleInputEvents
 0001:00006F10       GetObject
 0001:00012B18       GetOrdProp
 0001:00006F18       GetPaletteEntries
 0001:000019B4       GetParamStr
 0001:000072C0       GetParent
 0001:00041624       GetParentForm
 0001:00006F20       GetPixel
 0001:0008EE68       GetPortVal
 0001:00000300       GetProcAddress
 0001:00006C68       GetProcAddress
 0001:000072C8       GetProp
 0001:00012A24       GetPropInfo
 0001:00012A94       GetPropInfos
 0001:00041AE4       GetRealScrollPosition
 0001:0004B764       GetRGBColor
 0001:000072D0       GetScrollInfo
 0001:000072D8       GetScrollPos
 0001:000072E0       GetScrollRange
 0001:00055C18       GetShortHint
 0001:00012BE8       GetShortStrProp
 0001:00012C80       GetShortStrPropAsLongStr
 0001:000886E8       GetSN
 0001:0006E6FC       getsockopt
 0001:000005A0       GetSpace
 0001:00000604       GetSpaceAt
 0001:0004DE8C       GetSpecialName
 0001:00000308       GetStartupInfo
 0001:00000260       GetStdHandle
 0001:00006C70       GetStdHandle
 0001:00006F28       GetStockObject
 0001:00006C78       GetStringTypeEx
 0001:00012E20       GetStrProp
 0001:000072E8       GetSubMenu
 0001:000072F0       GetSysColor
 0001:00006C80       GetSystemInfo
 0001:000072F8       GetSystemMenu
 0002:0000572C       GetSystemMetrics
 0001:00007300       GetSystemMetrics
 0001:00006F30       GetSystemPaletteEntries
 0001:00006F40       GetTextExtentPoint
 0001:00006F38       GetTextExtentPoint32
 0001:00006F48       GetTextMetrics
 0001:00000310       GetThreadLocale
 0001:00006C88       GetThreadLocale
 0001:00006C90       GetTickCount
 0001:0000AF88       GetTime
 0001:00085E14       GetTimeZoneBias
 0001:00006C98       GetTimeZoneInformation
 0001:00006944       GetTlsSize
 0001:00049158       GetTopMostWindows
 0001:00055DA8       GetTopParent
 0001:00007308       GetTopWindow
 0001:00012874       GetTypeData
 0001:00006CA0       GetUserDefaultLangID
 0001:000114DC       GetVarArray
 0001:00011390       GetVarDataArrayInfo
 0001:000052B0       GetVariantManager
 0001:0001336C       GetVariantProp
 0001:00006CA8       GetVersion
 0001:00006CB0       GetVersionEx
 0001:00012E8C       GetWideStrProp
 0001:00012D70       GetWideStrPropAsLongStr
 0001:00007310       GetWindow
 0001:00007318       GetWindowDC
 0001:00007320       GetWindowLong
 0001:00006F58       GetWindowOrgEx
 0001:00007328       GetWindowPlacement
 0001:00007330       GetWindowRect
 0001:00007338       GetWindowText
 0001:00007348       GetWindowThreadProcessId
 0001:00007340       GetWindowThreadProcessId
 0001:00006F50       GetWinMetaFileBits
 0001:0006990C       GetX
 0001:00088134       GetXmlFormatSettings
 0001:00069920       GetY
 0001:000CBE50       get_addr
 0001:00006CB8       GlobalAddAtom
 0001:00006CC0       GlobalAlloc
 0001:000075E4       GlobalAllocPtr
 0001:00006CC8       GlobalDeleteAtom
 0001:00006CD0       GlobalFindAtom
 0002:00005A30       GlobalFixupList
 0001:000195CC       GlobalFixupReferences
 0001:00006CD8       GlobalFree
 0001:00007610       GlobalFreePtr
 0001:00006CE8       GlobalHandle
 0001:00006CE0       GlobalLock
 0001:00006CF0       GlobalMemoryStatus
 0002:00005A18       GlobalNameSpace
 0001:00006CF8       GlobalReAlloc
 0001:000075F4       GlobalReAllocPtr
 0001:0006B9E0       Globals
 0001:00006D00       GlobalUnlock
 0002:000010FC       GlyphCache
 0002:00005958       GOldVariantManager
 0001:00068A6C       GotoXY
 0001:0006C554       gra
 0001:0006A26C       graph32
 0002:00005D04       graph32_debug
 0002:00005D14       graph32_sizes_var
 0002:00005E44       graph32_x_max
 0002:00005E48       graph32_y_max
 0001:000BD080       graphaxis
 0001:000C3D80       graphics
 0001:00028620       Graphics
 0001:000BDB0C       graphlines_logg
 0001:000BF854       graphlines_snap
 0001:000BEC68       graphlines_varr
 0001:000BDA0C       graphsegment
 0002:0002B6A4       grdriver
 0002:0002B6BC       grmaxx
 0002:0002B6C0       grmaxy
 0002:0002B6A8       grmode
 0001:000159D4       GroupDescendentsWith
 0002:000058AC       GVariantManager
 0001:0009AD30       H2OVapor
 0001:0009A5C4       h2o_saturation
 0001:0001A864       HandleException
 0001:0002FD54       HasPopup
 0001:00032FA8       HasSelectedText
 0002:00005E08       hBit
 0002:00005CB8       hConsoleError
 0002:00005CBC       hConsoleHandle
 0002:00005CB0       hConsoleInput
 0002:00005CB4       hConsoleOutput
 0002:00002AF4       hd
 0002:00005D0C       hDCGraph
 0002:00005DBC       hDefaultBrush
 0002:00005DC4       hDefaultPen
 0001:0008C8F0       header
 0002:00000014       HeapAllocFlags
 0002:000055C0       heapErrorCode
 0002:000055C4       heapLock
 0001:0008EE50       Heart
 0001:00091738       HeartBeat
 0001:000C9014       HeartBeat
 0001:0009C994       HeartBeat
[...]
   356 0001:000CEFC1   357 0001:000CEFD7   358 0001:000CEFFE   359 0001:000CF023
   360 0001:000CF052   361 0001:000CF094   362 0001:000CF0B7   363 0001:000CF0C6
   364 0001:000CF0E8   365 0001:000CF118   366 0001:000CF15E   368 0001:000CF186
   369 0001:000CF18B   370 0001:000CF1DA   371 0001:000CF227   372 0001:000CF240
   373 0001:000CF288   374 0001:000CF2AA   375 0001:000CF2CF   376 0001:000CF2F0
   377 0001:000CF31F   380 0001:000CF361   381 0001:000CF38E   382 0001:000CF3A6
   384 0001:000CF3B6   386 0001:000CF3CB   388 0001:000CF3CF   391 0001:000CF3D9
   392 0001:000CF415   393 0001:000CF41F   394 0001:000CF44D   395 0001:000CF47D
   396 0001:000CF4A1   397 0001:000CF4DB   398 0001:000CF4F3   399 0001:000CF509
   400 0001:000CF530   401 0001:000CF555   402 0001:000CF584   403 0001:000CF5CC
   404 0001:000CF5F5   405 0001:000CF607   406 0001:000CF629   407 0001:000CF659
   408 0001:000CF69F   410 0001:000CF6CA   411 0001:000CF6CF   412 0001:000CF723
   413 0001:000CF76B   414 0001:000CF786   415 0001:000CF7D2   416 0001:000CF7FF
   417 0001:000CF82F   418 0001:000CF853   419 0001:000CF88D   422 0001:000CF8E0
   423 0001:000CF925   425 0001:000CF938   429 0001:000CF94F   432 0001:000CF959
   433 0001:000CF960   435 0001:000CF9C7   440 0001:000CFADC   441 0001:000CFAE7
   446 0001:000CFAE8   448 0001:000CFB07   449 0001:000CFB12   450 0001:000CFB20
   451 0001:000CFB31   452 0001:000CFB46   453 0001:000CFB7C   455 0001:000CFB83
   450 0001:000CFB84   456 0001:000CFB87   459 0001:000CFB91   460 0001:000CFB9C
   461 0001:000CFBA3   464 0001:000CFBCC   469 0001:000CFC08   470 0001:000CFC13
   480 0001:000CFC14   483 0001:000CFC40   473 0001:000CFC44   478 0001:000CFC4B

Line numbers for Main(Main.pas) segment .text

   199 0001:000D02A8   205 0001:000D02B0   206 0001:000D02B9   207 0001:000D02CC
   208 0001:000D02E0   209 0001:000D02F4   210 0001:000D0308   211 0001:000D031A
   215 0001:000D0320   219 0001:000D0324   220 0001:000D0329   223 0001:000D032C
   226 0001:000D0330   227 0001:000D0337   228 0001:000D0343   229 0001:000D034F
   230 0001:000D035B   233 0001:000D0367   234 0001:000D036D   235 0001:000D0376
   236 0001:000D0382   237 0001:000D038E   238 0001:000D039A   242 0001:000D03A7
   243 0001:000D03C3   244 0001:000D03DF   246 0001:000D03FB   247 0001:000D0414
   248 0001:000D0430   249 0001:000D044C   251 0001:000D0468   252 0001:000D0481
   254 0001:000D049D   255 0001:000D04B6   256 0001:000D04D2   258 0001:000D04EE
   259 0001:000D0507   260 0001:000D0523   262 0001:000D053F   263 0001:000D0558
   264 0001:000D0574   266 0001:000D0590   267 0001:000D05AC   268 0001:000D05CB
   270 0001:000D05EA   273 0001:000D05F0   274 0001:000D05F3   276 0001:000D05FA
   279 0001:000D060B   280 0001:000D0635   283 0001:000D0642   284 0001:000D064B
   285 0001:000D0654   286 0001:000D0668   287 0001:000D0672   288 0001:000D0688
   289 0001:000D069C   296 0001:000D06A0   303 0001:000D06A4   304 0001:000D06C5
   306 0001:000D06D2   307 0001:000D06FE   309 0001:000D0721   310 0001:000D0743
   311 0001:000D0765   314 0001:000D078F   315 0001:000D07A2   316 0001:000D07CB
   317 0001:000D07F1   318 0001:000D0804   319 0001:000D0850   320 0001:000D0863
   321 0001:000D08AC   322 0001:000D08BF   323 0001:000D0908   326 0001:000D092A
   328 0001:000D0933   329 0001:000D0977   330 0001:000D09BB   331 0001:000D09FF
   332 0001:000D0A43   333 0001:000D0A87   337 0001:000D0ACB   340 0001:000D0B13
   346 0001:000D0B3C   347 0001:000D0B3F   348 0001:000D0B50   353 0001:000D0B54
   354 0001:000D0B5D   355 0001:000D0B66   356 0001:000D0B70   377 0001:000D0B74
   378 0001:000D0BA2   380 0001:000D0BB5   381 0001:000D0BC4   383 0001:000D0BD3
   384 0001:000D0C04   385 0001:000D0C12   386 0001:000D0C25   387 0001:000D0C50
   395 0001:000D0CAE   398 0001:000D0CBD   399 0001:000D0CE0   400 0001:000D0CEA
   401 0001:000D0D01   404 0001:000D0D0B   405 0001:000D0D1A   406 0001:000D0D87
   407 0001:000D0DCB   409 0001:000D0DDB   410 0001:000D0DEA   411 0001:000D0E4B
   412 0001:000D0E80   413 0001:000D0EC9   414 0001:000D0F12   415 0001:000D0F5B
   416 0001:000D0FA4   417 0001:000D100B   419 0001:000D103A   420 0001:000D1049
   421 0001:000D1071   422 0001:000D10A3   423 0001:000D10AD   424 0001:000D10B7
   430 0001:000D1128   431 0001:000D1137   432 0001:000D114C   433 0001:000D1151
   434 0001:000D1163   435 0001:000D1196   436 0001:000D11E1   432 0001:000D11E2
   437 0001:000D11EB   438 0001:000D11FA   439 0001:000D121B   440 0001:000D123E
   441 0001:000D124F   442 0001:000D1252   443 0001:000D12A6   444 0001:000D12AA
   445 0001:000D12C7   446 0001:000D12E9   440 0001:000D12EE   447 0001:000D12F7
   449 0001:000D1307   450 0001:000D1316   451 0001:000D1349   453 0001:000D137B
   454 0001:000D138A   455 0001:000D13BB   456 0001:000D13DE   457 0001:000D140F
   459 0001:000D141F   460 0001:000D142E   461 0001:000D1461   462 0001:000D1492
   464 0001:000D14A2   465 0001:000D14B1   466 0001:000D14E4   467 0001:000D1515
   469 0001:000D1525   470 0001:000D1534   471 0001:000D1575   472 0001:000D1598
   473 0001:000D15AC   474 0001:000D15CE   475 0001:000D15DF   476 0001:000D15F3
   477 0001:000D15F8   478 0001:000D1638   479 0001:000D164F   476 0001:000D1650
   480 0001:000D1654   482 0001:000D16B9   474 0001:000D16BA   484 0001:000D16C3
   485 0001:000D16D2   486 0001:000D16E2   487 0001:000D1727   488 0001:000D1771
   489 0001:000D17B9   491 0001:000D17C9   492 0001:000D17D8   494 0001:000D17ED
   495 0001:000D17FC   497 0001:000D1811   498 0001:000D1820   500 0001:000D1835
   501 0001:000D1844   503 0001:000D1859   504 0001:000D1875   505 0001:000D187F
   506 0001:000D1883   510 0001:000D1892   511 0001:000D18A1   513 0001:000D18B6
   514 0001:000D18D2   515 0001:000D18DC   516 0001:000D18E0   521 0001:000D18EF
   522 0001:000D18F4   523 0001:000D1900   524 0001:000D190F   525 0001:000D192A
   526 0001:000D1950   527 0001:000D1961   528 0001:000D1972   529 0001:000D1976
   533 0001:000D19B0   521 0001:000D19B1   536 0001:000D19BA   537 0001:000D19BF
   538 0001:000D19CB   539 0001:000D19DA   540 0001:000D19F5   541 0001:000D1A1B
   542 0001:000D1A2C   543 0001:000D1A3D   544 0001:000D1A41   548 0001:000D1A7B
   536 0001:000D1A7C   551 0001:000D1A85   552 0001:000D1A94   553 0001:000D1AA6
   554 0001:000D1AAE   555 0001:000D1ADD   556 0001:000D1AED   559 0001:000D1AFF
   560 0001:000D1B0E   561 0001:000D1B13   563 0001:000D1B23   564 0001:000D1B2D
   565 0001:000D1B39   566 0001:000D1B5C   567 0001:000D1B7F   568 0001:000D1BA2
   569 0001:000D1BAA   570 0001:000D1BB8   572 0001:000D1BEF   573 0001:000D1BF9
   574 0001:000D1C09   564 0001:000D1C1B   578 0001:000D1C27   579 0001:000D1C3E
   580 0001:000D1CA7   581 0001:000D1CC9   582 0001:000D1CEA   583 0001:000D1D2A
   584 0001:000D1D88   585 0001:000D1D98   586 0001:000D1DAF   587 0001:000D1DC4
   588 0001:000D1DDC   589 0001:000D1DF4   590 0001:000D1E0F   591 0001:000D1E2A
   592 0001:000D1E45   593 0001:000D1E60   594 0001:000D1E7B   595 0001:000D1E96
   596 0001:000D1EB1   597 0001:000D1ECC   598 0001:000D1EE7   599 0001:000D1F02
   600 0001:000D1F1D   601 0001:000D1F38   602 0001:000D1F53   603 0001:000D1F6E
   604 0001:000D1F89   605 0001:000D1FA4   606 0001:000D1FBF   607 0001:000D1FDA
   608 0001:000D1FF5   609 0001:000D2010   610 0001:000D202B   611 0001:000D2046
   612 0001:000D2061   613 0001:000D207C   614 0001:000D2097   615 0001:000D20B2
   617 0001:000D20CD   618 0001:000D210A   619 0001:000D215D   620 0001:000D216D
   621 0001:000D2178   622 0001:000D21A5   623 0001:000D21D2   620 0001:000D21D5
   624 0001:000D21D8   625 0001:000D21F1   626 0001:000D2201   627 0001:000D2211
   578 0001:000D2212   628 0001:000D221B   629 0001:000D222B   633 0001:000D223A
   634 0001:000D224D   635 0001:000D2252   636 0001:000D2262   637 0001:000D229B
   638 0001:000D22CB   639 0001:000D22F7   640 0001:000D2307   641 0001:000D2340
   642 0001:000D2370   643 0001:000D239C   644 0001:000D23DC   645 0001:000D242E
   646 0001:000D2480   647 0001:000D24D2   648 0001:000D2524   649 0001:000D2566
   650 0001:000D25A8   651 0001:000D25EA   652 0001:000D260B   653 0001:000D262C
   654 0001:000D264D   655 0001:000D266E   656 0001:000D268F   657 0001:000D26B0
   658 0001:000D2733   659 0001:000D274C   660 0001:000D2765   661 0001:000D277E
   662 0001:000D2788   663 0001:000D27A1   664 0001:000D27A6   665 0001:000D27B2
   666 0001:000D27C2   668 0001:000D27CA   669 0001:000D27D9   670 0001:000D27F2
   671 0001:000D27F7   672 0001:000D2806   673 0001:000D280C   674 0001:000D2816
   675 0001:000D281D   677 0001:000D2823   678 0001:000D2845   680 0001:000D2847
   681 0001:000D2858   682 0001:000D285D   683 0001:000D2871   684 0001:000D2885
   685 0001:000D2899   686 0001:000D28A2   687 0001:000D28A9   688 0001:000D28C4
   689 0001:000D28ED   690 0001:000D2905   691 0001:000D2913   693 0001:000D291B
   694 0001:000D291D   695 0001:000D2934   696 0001:000D2936   697 0001:000D294A
   698 0001:000D2953   701 0001:000D295E   702 0001:000D2966   703 0001:000D297F
   704 0001:000D2984   705 0001:000D29BC   706 0001:000D29D5   707 0001:000D29DC
   708 0001:000D29E4   709 0001:000D29EC   710 0001:000D29F7   711 0001:000D2A02
   712 0001:000D2A0D   713 0001:000D2A18   714 0001:000D2A23   715 0001:000D2A2E
   716 0001:000D2A39   717 0001:000D2A44   718 0001:000D2A4F   719 0001:000D2A5A
   720 0001:000D2A65   721 0001:000D2A70   723 0001:000D2A7B   724 0001:000D2A86
   725 0001:000D2A91   726 0001:000D2A9C   727 0001:000D2AA7   728 0001:000D2AB2
   731 0001:000D2ABD   732 0001:000D2AED   733 0001:000D2B58   734 0001:000D2B71
   735 0001:000D2BB5   736 0001:000D2BCE   737 0001:000D2BE7   738 0001:000D2BEC
   740 0001:000D2C04   741 0001:000D2C12   742 0001:000D2CBF   752 0001:000D3664
   753 0001:000D366B   762 0001:000D3681   763 0001:000D368B   773 0001:000D37A8
   775 0001:000D37B3   776 0001:000D37B8   777 0001:000D37D1   778 0001:000D37EA
   779 0001:000D3803   780 0001:000D381C   781 0001:000D3835   782 0001:000D3844
   783 0001:000D3849   784 0001:000D384F   785 0001:000D3869   786 0001:000D3877
   787 0001:000D3880   789 0001:000D388C   790 0001:000D3894   794 0001:000D391C
   795 0001:000D3922   796 0001:000D3927   797 0001:000D3980   798 0001:000D3999
   799 0001:000D39B2   800 0001:000D39CB   801 0001:000D39E4   802 0001:000D39FD
   804 0001:000D3AD0   807 0001:000D3AE6   808 0001:000D3AEF   809 0001:000D3AF4
   811 0001:000D3AFD   814 0001:000D3B0A   815 0001:000D3B24   816 0001:000D3B2F
   817 0001:000D3B39   818 0001:000D3B45   819 0001:000D3B51   820 0001:000D3B56
   821 0001:000D3B59   822 0001:000D3B71   826 0001:000D3B79   827 0001:000D3B7E
   828 0001:000D3B83   829 0001:000D3B8E   830 0001:000D3B9D   831 0001:000D3BAC
   832 0001:000D3BBB   833 0001:000D3BD2   835 0001:000D3BD6   836 0001:000D3BDE
   838 0001:000D3BF1   839 0001:000D3BFE   846 0001:000D3C5C   847 0001:000D3C74
   848 0001:000D3C78   850 0001:000D3C8E   852 0001:000D3C9C   853 0001:000D3CBB
   854 0001:000D3CFF   852 0001:000D3D00   856 0001:000D3D25   860 0001:000D3D94
   861 0001:000D3D9A   862 0001:000D3DA7   863 0001:000D3DB9   864 0001:000D3DBE
   865 0001:000D3DD9   866 0001:000D3DE6   867 0001:000D3DF3   868 0001:000D3E00
   869 0001:000D3E0D   870 0001:000D3E1A   871 0001:000D3E27   872 0001:000D3E34
   873 0001:000D3E41   874 0001:000D3E4E   875 0001:000D3E5B   876 0001:000D3E68
   877 0001:000D3E75   878 0001:000D3E82   888 0001:000D3E88   892 0001:000D3EB4
   881 0001:000D3EB8   886 0001:000D3EBF

Line numbers for Services(Services.pas) segment .text

    38 0001:000D3F14    39 0001:000D3F17    40 0001:000D3F26    41 0001:000D3F2B
    44 0001:000D3F30    46 0001:000D3F33    58 0001:000D3F38    62 0001:000D3F64
    49 0001:000D3F68    52 0001:000D3F71    53 0001:000D3F7D    56 0001:000D3F95

Line numbers for comin(comin.pas) segment .text

   197 0001:000D3F98   198 0001:000D3FC2   200 0001:000D401D   202 0001:000D402B
   203 0001:000D40C2   204 0001:000D4109   207 0001:000D4145   209 0001:000D41DC
   210 0001:000D4222   214 0001:000D4318   215 0001:000D4333   216 0001:000D433D
   219 0001:000D43D2   224 0001:000D4460   225 0001:000D4496   226 0001:000D44C2
   227 0001:000D44CB   229 0001:000D450F   230 0001:000D4531   231 0001:000D453B
   232 0001:000D455D   233 0001:000D4565   236 0001:000D457A   238 0001:000D45C9
   239 0001:000D45EB   240 0001:000D45F4   242 0001:000D462E   243 0001:000D4645
   244 0001:000D464F   245 0001:000D4671   246 0001:000D4679   249 0001:000D468E
   251 0001:000D46D3   252 0001:000D46F5   253 0001:000D470D   254 0001:000D4745
   255 0001:000D4774   257 0001:000D47BC   258 0001:000D47DE   259 0001:000D47F6
   260 0001:000D482E   262 0001:000D4881   264 0001:000D488F   266 0001:000D48AB
   267 0001:000D48F7   268 0001:000D4939   271 0001:000D4971   273 0001:000D49AA
   275 0001:000D49CC   277 0001:000D49E8   278 0001:000D4A34   279 0001:000D4A76
   282 0001:000D4AAE   283 0001:000D4AC5   285 0001:000D4AE7   287 0001:000D4B09
   289 0001:000D4B25   290 0001:000D4B71   291 0001:000D4BB9   292 0001:000D4BD1
   293 0001:000D4C01   294 0001:000D4C19   295 0001:000D4C49   296 0001:000D4C79
   297 0001:000D4CA9   298 0001:000D4CC1   299 0001:000D4CD9   300 0001:000D4CF1
   301 0001:000D4D39   302 0001:000D4D69   303 0001:000D4D8C   304 0001:000D4DBC
   305 0001:000D4DEC   306 0001:000D4E07   307 0001:000D4E20   308 0001:000D4E61
   309 0001:000D4E8A   310 0001:000D4EA7   311 0001:000D4EE1   312 0001:000D4EFD
   313 0001:000D4F1B   314 0001:000D4F4D   315 0001:000D4F66   318 0001:000D4F8C
   322 0001:000D4FBB   323 0001:000D4FD1   322 0001:000D5005   325 0001:000D500A
   326 0001:000D502F   327 0001:000D5084   330 0001:000D50B1   331 0001:000D5186
   332 0001:000D51B4   333 0001:000D51E2   334 0001:000D52AB   335 0001:000D52D9
   338 0001:000D5307   339 0001:000D531D   341 0001:000D536E   344 0001:000D53A8
   344 0001:000D53AF

Line numbers for fcp(FCP.dpr) segment .text

   781 0001:000D53B0   782 0001:000D53EC   783 0001:000D53FD   784 0001:000D540E
   786 0001:000D5416   787 0001:000D542B   790 0001:000D5437   791 0001:000D5481
   794 0001:000D548B   797 0001:000D5515   798 0001:000D5738   799 0001:000D578D
   800 0001:000D579E   801 0001:000D57AF   802 0001:000D57B7   803 0001:000D57BF
   804 0001:000D57C7   805 0001:000D57FB   806 0001:000D5832   807 0001:000D5869
   808 0001:000D58DF   809 0001:000D58F5   810 0001:000D5916   811 0001:000D5937
   812 0001:000D5958   813 0001:000D5964   814 0001:000D5974   815 0001:000D59AA
   824 0001:000D5A34   825 0001:000D5A79   826 0001:000D5A85   828 0001:000D5A91
   829 0001:000D5AB5   831 0001:000D5AE4   832 0001:000D5B14   833 0001:000D5B43
   834 0001:000D5B53   833 0001:000D5B8B   835 0001:000D5B8E   837 0001:000D5BBD
   839 0001:000D5BCA   840 0001:000D5C00   841 0001:000D5C10   842 0001:000D5C4A
   844 0001:000D5C84   845 0001:000D5C8C   846 0001:000D5C90   847 0001:000D5CB2
   848 0001:000D5CC7   849 0001:000D5CD1   850 0001:000D5CE0   856 0001:000D5D61
   857 0001:000D5D6B   859 0001:000D5D78   860 0001:000D5DB6   863 0001:000D63FC
   864 0001:000D6426   865 0001:000D6432   868 0001:000D644A   869 0001:000D6454
   870 0001:000D6470   871 0001:000D6486   872 0001:000D6494   873 0001:000D64A7
   875 0001:000D64B3   877 0001:000D64DA   879 0001:000D64E9   882 0001:000D64EE
   884 0001:000D6516   885 0001:000D6520   887 0001:000D652C   889 0001:000D6536
   890 0001:000D6547   891 0001:000D654F   892 0001:000D657E   893 0001:000D6591
   894 0001:000D65BD   892 0001:000D65BE   895 0001:000D65C3   896 0001:000D65D4
   897 0001:000D65E3   898 0001:000D65F4   899 0001:000D6614   901 0001:000D6638
   902 0001:000D6655   903 0001:000D66A0   901 0001:000D66A1   905 0001:000D66A6
   907 0001:000D66BA   908 0001:000D66D1   909 0001:000D6705   910 0001:000D6791
   911 0001:000D67E4   912 0001:000D6851   913 0001:000D68AF   914 0001:000D690F
   915 0001:000D6963   916 0001:000D69C3   917 0001:000D6A17   918 0001:000D6A77
   919 0001:000D6ACB   920 0001:000D6B2B   922 0001:000D6B7F   923 0001:000D6BE8
   924 0001:000D6C51   925 0001:000D6CBA   926 0001:000D6D23   927 0001:000D6D5D
   907 0001:000D6D5E   929 0001:000D6D67   931 0001:000D6D6C   932 0001:000D6D83
   933 0001:000D6DB9   934 0001:000D6E45   935 0001:000D6E98   936 0001:000D6E9F
   937 0001:000D6F17   938 0001:000D6F73   939 0001:000D6FE1   940 0001:000D703D
   941 0001:000D70AB   942 0001:000D7107   943 0001:000D7175   944 0001:000D71D1
   945 0001:000D723F   946 0001:000D729B   931 0001:000D729C   948 0001:000D72A5
   949 0001:000D72BC   950 0001:000D72D5   951 0001:000D7321   952 0001:000D734D
   953 0001:000D7398   954 0001:000D73E3   955 0001:000D742E   956 0001:000D7440
   957 0001:000D745B   958 0001:000D7476   955 0001:000D7478   959 0001:000D747B
   948 0001:000D747C   961 0001:000D7485   962 0001:000D748A   964 0001:000D74B7
   965 0001:000D74D9   968 0001:000D74FB   969 0001:000D7512   970 0001:000D752D
   971 0001:000D755C   972 0001:000D758B   973 0001:000D75BA   974 0001:000D75E9
   975 0001:000D7618   976 0001:000D7647   977 0001:000D7676   978 0001:000D76A5
   979 0001:000D76D4   980 0001:000D7703   981 0001:000D7732   968 0001:000D7733
   984 0001:000D773C   985 0001:000D7747   986 0001:000D7753   990 0001:000D775F
   991 0001:000D776A   992 0001:000D7776   993 0001:000D7782   994 0001:000D778E
   997 0001:000D779A   998 0001:000D77C8   999 0001:000D77E0  1000 0001:000D77FA
  1001 0001:000D7814  1002 0001:000D782C  1003 0001:000D7844  1004 0001:000D785C
  1005 0001:000D7874  1006 0001:000D788D  1007 0001:000D78A9  1008 0001:000D78FF
  1009 0001:000D7942  1010 0001:000D799D  1011 0001:000D79B6  1012 0001:000D79D6
  1013 0001:000D79D9  1014 0001:000D79DD  1015 0001:000D79E1  1016 0001:000D79E6
  1017 0001:000D79EB  1018 0001:000D79F0  1019 0001:000D79F7  1020 0001:000D79FE
  1021 0001:000D7A05  1023 0001:000D7A0C  1024 0001:000D7A2C  1025 0001:000D7A33
  1026 0001:000D7A37  1027 0001:000D7A3B  1028 0001:000D7A4F  1029 0001:000D7A63
  1031 0001:000D7A70  1032 0001:000D7A90  1033 0001:000D7A93  1034 0001:000D7A97
  1035 0001:000D7A9C  1037 0001:000D7AA3  1038 0001:000D7AC3  1039 0001:000D7AC8
  1040 0001:000D7AEF  1042 0001:000D7AF3  1043 0001:000D7B0B  1044 0001:000D7B23
  1045 0001:000D7B4D  1046 0001:000D7B51  1047 0001:000D7B56  1048 0001:000D7B5B
  1044 0001:000D7B5E  1049 0001:000D7B61   997 0001:000D7B62  1052 0001:000D7B6B
  1053 0001:000D7B7C  1056 0001:000D7B9C  1057 0001:000D7BAD  1061 0001:000D7BCF
  1062 0001:000D7BE0  1063 0001:000D7BE5  1064 0001:000D7BF8  1067 0001:000D7C32
  1068 0001:000D7C43  1071 0001:000D7C68  1072 0001:000D7C79  1073 0001:000D7C81
  1074 0001:000D7C8C  1075 0001:000D7C97  1076 0001:000D7CA0  1077 0001:000D7CB2
  1078 0001:000D7CC3  1079 0001:000D7CD2  1080 0001:000D7CE9  1081 0001:000D7D32
  1082 0001:000D7D74  1083 0001:000D7D7E  1091 0001:000D7DD8  1092 0001:000D7E39
  1093 0001:000D7E47  1094 0001:000D7E5F  1095 0001:000D7E6B  1096 0001:000D7E7D
  1097 0001:000D7E89  1091 0001:000D7E8A  1098 0001:000D7E96  1079 0001:000D7E97
  1077 0001:000D7EA0  1101 0001:000D7EB1  1102 0001:000D7EBC  1104 0001:000D7EC7
  1105 0001:000D7ED8  1106 0001:000D7F1E  1107 0001:000D7F22  1108 0001:000D7F2C
  1114 0001:000D7F64  1115 0001:000D7FA6  1116 0001:000D7FE8  1117 0001:000D802A
  1118 0001:000D806C  1120 0001:000D80AE  1121 0001:000D80EB  1122 0001:000D80F9
  1124 0001:000D811F  1129 0001:000D8135  1130 0001:000D8169  1133 0001:000D8175
  1134 0001:000D8183  1136 0001:000D8191  1138 0001:000D8199  1139 0001:000D81AA
  1140 0001:000D81B8  1146 0001:000D81CC  1147 0001:000D81D1  1148 0001:000D81DD
  1150 0001:000D822A

Bound resource files

CONTROLS.RES
BUTTONS.RES
EXTDLGS.RES
TEMPLATE.DFM
LblForm.dfm
DataComm.dfm
CalLi840.dfm
CalibMan.dfm
Watchdog.dfm
LineGraf.dfm
LGSetup.dfm
COMPARE.dfm
EPHEM.DFM
H2OVAPOR.DFM
Status.dfm
MPSample.dfm
LGSelect.dfm
Alarms.dfm
CalibAut.dfm
Main.dfm
C:\Users\amcmahon\AppData\Local\Temp\1\dtf584D.tmp


Program entry point at 0001:000D63FC
