
 Start         Length     Name                   Class
 0001:00000000 000D8768H .text                   CODE
 0002:00000000 00004BECH .data                   DATA
 0002:00004BEC 00037CADH .bss                    BSS


Detailed map of segments

 0001:00000000 00006917 C=CODE     S=.text    G=(none)   M=System   ACBP=A9
 0001:00006918 00000140 C=CODE     S=.text    G=(none)   M=SysInit  ACBP=A9
 0001:00006A58 00000078 C=CODE     S=.text    G=(none)   M=Types    ACBP=A9
 0001:00006AD0 00000D14 C=CODE     S=.text    G=(none)   M=Windows  ACBP=A9
 0001:000077E4 00000038 C=CODE     S=.text    G=(none)   M=Messages ACBP=A9
 0001:0000781C 00000787 C=CODE     S=.text    G=(none)   M=MultiMon ACBP=A9
 0001:00007FA4 000002E0 C=CODE     S=.text    G=(none)   M=SysConst ACBP=A9
 0001:00008284 000061A8 C=CODE     S=.text    G=(none)   M=SysUtils ACBP=A9
 0001:0000E42C 00000098 C=CODE     S=.text    G=(none)   M=VarUtils ACBP=A9
 0001:0000E4C4 00004264 C=CODE     S=.text    G=(none)   M=Variants ACBP=A9
 0001:00012728 00000120 C=CODE     S=.text    G=(none)   M=RTLConsts ACBP=A9
 0001:00012848 00000DCC C=CODE     S=.text    G=(none)   M=TypInfo  ACBP=A9
 0001:00013614 00000038 C=CODE     S=.text    G=(none)   M=ActiveX  ACBP=A9
 0001:0001364C 0000BE42 C=CODE     S=.text    G=(none)   M=Classes  ACBP=A9
 0001:0001F490 00000310 C=CODE     S=.text    G=(none)   M=Consts   ACBP=A9
 0001:0001F7A0 00008F7B C=CODE     S=.text    G=(none)   M=Graphics ACBP=A9
 0001:0002871C 00000048 C=CODE     S=.text    G=(none)   M=Math     ACBP=A9
 0001:00028764 00000328 C=CODE     S=.text    G=(none)   M=Contnrs  ACBP=A9
 0001:00028A8C 00000198 C=CODE     S=.text    G=(none)   M=CommCtrl ACBP=A9
 0001:00028C24 00000038 C=CODE     S=.text    G=(none)   M=Imm      ACBP=A9
 0001:00028C5C 00001078 C=CODE     S=.text    G=(none)   M=HelpIntfs ACBP=A9
 0001:00029CD4 00000038 C=CODE     S=.text    G=(none)   M=WinSpool ACBP=A9
 0001:00029D0C 00000044 C=CODE     S=.text    G=(none)   M=Printers ACBP=A9
 0001:00029D50 0000031F C=CODE     S=.text    G=(none)   M=FlatSB   ACBP=A9
 0001:0002A070 0000C070 C=CODE     S=.text    G=(none)   M=StdCtrls ACBP=A9
 0001:000360E0 00000038 C=CODE     S=.text    G=(none)   M=ShellAPI ACBP=A9
 0001:00036118 00000038 C=CODE     S=.text    G=(none)   M=RegStr   ACBP=A9
 0001:00036150 00000038 C=CODE     S=.text    G=(none)   M=WinInet  ACBP=A9
 0001:00036188 00000038 C=CODE     S=.text    G=(none)   M=UrlMon   ACBP=A9
 0001:000361C0 00000038 C=CODE     S=.text    G=(none)   M=ShlObj   ACBP=A9
 0001:000361F8 00000040 C=CODE     S=.text    G=(none)   M=CommDlg  ACBP=A9
 0001:00036238 00004B98 C=CODE     S=.text    G=(none)   M=ExtCtrls ACBP=A9
 0001:0003ADD0 00000038 C=CODE     S=.text    G=(none)   M=Dlgs     ACBP=A9
 0001:0003AE08 00001C09 C=CODE     S=.text    G=(none)   M=Dialogs  ACBP=A9
 0001:0003CA14 00000094 C=CODE     S=.text    G=(none)   M=Clipbrd  ACBP=A9
 0001:0003CAA8 00000038 C=CODE     S=.text    G=(none)   M=StrUtils ACBP=A9
 0001:0003CAE0 00000168 C=CODE     S=.text    G=(none)   M=StdActns ACBP=A9
 0001:0003CC48 00000CC4 C=CODE     S=.text    G=(none)   M=WinHelpViewer ACBP=A9
 0001:0003D90C 0000127A C=CODE     S=.text    G=(none)   M=ActnList ACBP=A9
 0001:0003EB88 0000CA08 C=CODE     S=.text    G=(none)   M=Forms    ACBP=A9
 0001:0004B590 00001978 C=CODE     S=.text    G=(none)   M=ImgList  ACBP=A9
 0001:0004CF08 000064C1 C=CODE     S=.text    G=(none)   M=Menus    ACBP=A9
 0001:000533CC 00010D23 C=CODE     S=.text    G=(none)   M=Controls ACBP=A9
 0001:000640F0 00000038 C=CODE     S=.text    G=(none)   M=RichEdit ACBP=A9
 0001:00064128 00000038 C=CODE     S=.text    G=(none)   M=ToolWin  ACBP=A9
 0001:00064160 00000070 C=CODE     S=.text    G=(none)   M=ComStrs  ACBP=A9
 0001:000641D0 000020CD C=CODE     S=.text    G=(none)   M=Buttons  ACBP=A9
 0001:000662A0 00000038 C=CODE     S=.text    G=(none)   M=ExtDlgs  ACBP=A9
 0001:000662D8 00000068 C=CODE     S=.text    G=(none)   M=IniFiles ACBP=A9
 0001:00066340 00000068 C=CODE     S=.text    G=(none)   M=Registry ACBP=A9
 0001:000663A8 0000006C C=CODE     S=.text    G=(none)   M=Mapi     ACBP=A9
 0001:00066414 00000038 C=CODE     S=.text    G=(none)   M=ExtActns ACBP=A9
 0001:0006644C 00000038 C=CODE     S=.text    G=(none)   M=ListActns ACBP=A9
 0001:00066484 000021A8 C=CODE     S=.text    G=(none)   M=ComCtrls ACBP=A9
 0001:0006862C 00000B0C C=CODE     S=.text    G=(none)   M=crt32    ACBP=A9
 0001:00069138 00001680 C=CODE     S=.text    G=(none)   M=graph32  ACBP=A9
 0001:0006A7B8 00000038 C=CODE     S=.text    G=(none)   M=faced    ACBP=A9
 0001:0006A7F0 000001F8 C=CODE     S=.text    G=(none)   M=Template ACBP=A9
 0001:0006A9E8 00000E34 C=CODE     S=.text    G=(none)   M=UtilObjs ACBP=A9
 0001:0006B81C 00000138 C=CODE     S=.text    G=(none)   M=AVSD     ACBP=A9
 0001:0006B954 000000DB C=CODE     S=.text    G=(none)   M=Globals  ACBP=A9
 0001:0006BA30 000003F8 C=CODE     S=.text    G=(none)   M=comd     ACBP=A9
 0001:0006BE28 00000744 C=CODE     S=.text    G=(none)   M=gra      ACBP=A9
 0001:0006C56C 00001C2C C=CODE     S=.text    G=(none)   M=comu     ACBP=A9
 0001:0006E198 0000054C C=CODE     S=.text    G=(none)   M=LblForm  ACBP=A9
 0001:0006E6E4 000000A8 C=CODE     S=.text    G=(none)   M=WinSock  ACBP=A9
 0001:0006E78C 00000A06 C=CODE     S=.text    G=(none)   M=Socket   ACBP=A9
 0001:0006F194 000011F0 C=CODE     S=.text    G=(none)   M=FestoCI  ACBP=A9
 0001:00070384 00001B80 C=CODE     S=.text    G=(none)   M=optomux  ACBP=A9
 0001:00071F04 00000AFC C=CODE     S=.text    G=(none)   M=Serial   ACBP=A9
 0001:00072A00 000004D8 C=CODE     S=.text    G=(none)   M=EventLog ACBP=A9
 0001:00072ED8 00000228 C=CODE     S=.text    G=(none)   M=FatalErr ACBP=A9
 0001:00073100 000017A0 C=CODE     S=.text    G=(none)   M=LineIn   ACBP=A9
 0001:000748A0 00003362 C=CODE     S=.text    G=(none)   M=DataComm ACBP=A9
 0001:00077C04 000004BC C=CODE     S=.text    G=(none)   M=sdDebug  ACBP=A9
 0001:000780C0 000005A0 C=CODE     S=.text    G=(none)   M=sdStreams ACBP=A9
 0001:00078660 000009B8 C=CODE     S=.text    G=(none)   M=sdStringTable ACBP=A9
 0001:00079018 0000F1AF C=CODE     S=.text    G=(none)   M=NativeXml ACBP=A9
 0001:000881C8 000016EC C=CODE     S=.text    G=(none)   M=CalLi840 ACBP=A9
 0001:000898B4 000013A0 C=CODE     S=.text    G=(none)   M=CalibMan ACBP=A9
 0001:0008AC54 000000E4 C=CODE     S=.text    G=(none)   M=DateUtils ACBP=A9
 0001:0008AD38 000011D3 C=CODE     S=.text    G=(none)   M=Sol      ACBP=A9
 0001:0008BF0C 00001988 C=CODE     S=.text    G=(none)   M=NetLog   ACBP=A9
 0001:0008D894 00001028 C=CODE     S=.text    G=(none)   M=ColBtn   ACBP=A9
 0001:0008E8BC 000001D8 C=CODE     S=.text    G=(none)   M=Bitmaps  ACBP=A9
 0001:0008EA94 0000032C C=CODE     S=.text    G=(none)   M=Heart    ACBP=A9
 0001:0008EDC0 00000080 C=CODE     S=.text    G=(none)   M=WinIO    ACBP=A9
 0001:0008EE40 00001137 C=CODE     S=.text    G=(none)   M=Watchdog ACBP=A9
 0001:0008FF78 000009E4 C=CODE     S=.text    G=(none)   M=Connect  ACBP=A9
 0001:0009095C 00000F18 C=CODE     S=.text    G=(none)   M=LineGraf ACBP=A9
 0001:00091874 00001628 C=CODE     S=.text    G=(none)   M=LGSetup  ACBP=A9
 0001:00092E9C 00001532 C=CODE     S=.text    G=(none)   M=licor    ACBP=A9
 0001:000943D0 000004FC C=CODE     S=.text    G=(none)   M=debuglog ACBP=A9
 0001:000948CC 00000A18 C=CODE     S=.text    G=(none)   M=tei49c   ACBP=A9
 0001:000952E4 00001EA0 C=CODE     S=.text    G=(none)   M=netinfo  ACBP=A9
 0001:00097184 000012EC C=CODE     S=.text    G=(none)   M=Compare  ACBP=A9
 0001:00098470 0000144C C=CODE     S=.text    G=(none)   M=Ephem    ACBP=A9
 0001:000998BC 00000933 C=CODE     S=.text    G=(none)   M=ExitSeq  ACBP=A9
 0001:0009A1F0 00000ABC C=CODE     S=.text    G=(none)   M=H2OVapor ACBP=A9
 0001:0009ACAC 00001CFC C=CODE     S=.text    G=(none)   M=Status   ACBP=A9
 0001:0009C9A8 00000170 C=CODE     S=.text    G=(none)   M=musca    ACBP=A9
 0001:0009CB18 00004189 C=CODE     S=.text    G=(none)   M=riv      ACBP=A9
 0001:000A0CA4 000008C4 C=CODE     S=.text    G=(none)   M=RVSetup  ACBP=A9
 0001:000A1568 0000295C C=CODE     S=.text    G=(none)   M=comlog   ACBP=A9
 0001:000A3EC4 00000B8B C=CODE     S=.text    G=(none)   M=IPServ   ACBP=A9
 0001:000A4A50 00003F80 C=CODE     S=.text    G=(none)   M=MPSample ACBP=A9
 0001:000A89D0 0000755C C=CODE     S=.text    G=(none)   M=comdis   ACBP=A9
 0001:000AFF2C 000017F3 C=CODE     S=.text    G=(none)   M=LGSelect ACBP=A9
 0001:000B1720 00000B64 C=CODE     S=.text    G=(none)   M=RingBar  ACBP=A9
 0001:000B2284 00002B72 C=CODE     S=.text    G=(none)   M=Alarms   ACBP=A9
 0001:000B4DF8 00000E8B C=CODE     S=.text    G=(none)   M=CalibAut ACBP=A9
 0001:000B5C84 00003994 C=CODE     S=.text    G=(none)   M=coms     ACBP=A9
 0001:000B9618 00014370 C=CODE     S=.text    G=(none)   M=comp     ACBP=A9
 0001:000CD988 00002208 C=CODE     S=.text    G=(none)   M=Backup   ACBP=A9
 0001:000CFB90 00004274 C=CODE     S=.text    G=(none)   M=Main     ACBP=A9
 0001:000D3E04 000000D6 C=CODE     S=.text    G=(none)   M=Services ACBP=A9
 0001:000D3EDC 00001418 C=CODE     S=.text    G=(none)   M=comin    ACBP=A9
 0001:000D52F4 00003474 C=CODE     S=.text    G=(none)   M=fcp      ACBP=A9
 0002:00000000 000002E4 C=DATA     S=.data    G=DGROUP   M=System   ACBP=A9
 0002:000002E4 00000018 C=DATA     S=.data    G=DGROUP   M=SysInit  ACBP=A9
 0002:000002FC 0000024C C=DATA     S=.data    G=DGROUP   M=SysUtils ACBP=A9
 0002:00000548 00000108 C=DATA     S=.data    G=DGROUP   M=VarUtils ACBP=A9
 0002:00000650 0000008E C=DATA     S=.data    G=DGROUP   M=Variants ACBP=A9
 0002:000006E0 0000000C C=DATA     S=.data    G=DGROUP   M=TypInfo  ACBP=A9
 0002:000006EC 00000100 C=DATA     S=.data    G=DGROUP   M=Classes  ACBP=A9
 0002:000007EC 000002EC C=DATA     S=.data    G=DGROUP   M=Graphics ACBP=A9
 0002:00000AD8 00000004 C=DATA     S=.data    G=DGROUP   M=Printers ACBP=A9
 0002:00000ADC 00000154 C=DATA     S=.data    G=DGROUP   M=StdCtrls ACBP=A9
 0002:00000C30 00000014 C=DATA     S=.data    G=DGROUP   M=ExtCtrls ACBP=A9
 0002:00000C44 000000C8 C=DATA     S=.data    G=DGROUP   M=Dialogs  ACBP=A9
 0002:00000D0C 00000124 C=DATA     S=.data    G=DGROUP   M=Forms    ACBP=A9
 0002:00000E30 00000020 C=DATA     S=.data    G=DGROUP   M=ImgList  ACBP=A9
 0002:00000E50 000000EC C=DATA     S=.data    G=DGROUP   M=Menus    ACBP=A9
 0002:00000F3C 0000013C C=DATA     S=.data    G=DGROUP   M=Controls ACBP=A9
 0002:00001078 00000088 C=DATA     S=.data    G=DGROUP   M=Buttons  ACBP=A9
 0002:00001100 00000008 C=DATA     S=.data    G=DGROUP   M=IniFiles ACBP=A9
 0002:00001108 00000008 C=DATA     S=.data    G=DGROUP   M=Registry ACBP=A9
 0002:00001110 00000008 C=DATA     S=.data    G=DGROUP   M=Mapi     ACBP=A9
 0002:00001118 00000064 C=DATA     S=.data    G=DGROUP   M=ComCtrls ACBP=A9
 0002:0000117C 0000014C C=DATA     S=.data    G=DGROUP   M=crt32    ACBP=A9
 0002:000012C8 000000C0 C=DATA     S=.data    G=DGROUP   M=graph32  ACBP=A9
 0002:00001388 0000175C C=DATA     S=.data    G=DGROUP   M=faced    ACBP=A9
 0002:00002AE4 0000000D C=DATA     S=.data    G=DGROUP   M=comd     ACBP=A9
 0002:00002AF4 00000010 C=DATA     S=.data    G=DGROUP   M=comu     ACBP=A9
 0002:00002B04 000005D0 C=DATA     S=.data    G=DGROUP   M=optomux  ACBP=A9
 0002:000030D4 00000010 C=DATA     S=.data    G=DGROUP   M=sdDebug  ACBP=A9
 0002:000030E4 00000725 C=DATA     S=.data    G=DGROUP   M=NativeXml ACBP=A9
 0002:0000380C 00000010 C=DATA     S=.data    G=DGROUP   M=Connect  ACBP=A9
 0002:0000381C 00000010 C=DATA     S=.data    G=DGROUP   M=LineGraf ACBP=A9
 0002:0000382C 0000027D C=DATA     S=.data    G=DGROUP   M=licor    ACBP=A9
 0002:00003AAC 0000035D C=DATA     S=.data    G=DGROUP   M=netinfo  ACBP=A9
 0002:00003E0C 00000008 C=DATA     S=.data    G=DGROUP   M=Status   ACBP=A9
 0002:00003E14 00000494 C=DATA     S=.data    G=DGROUP   M=comp     ACBP=A9
 0002:00005000 00000708 C=BSS      S=.bss     G=DGROUP   M=System   ACBP=A9
 0002:00005708 00000018 C=BSS      S=.bss     G=DGROUP   M=SysInit  ACBP=A9
 0002:00005720 00000004 C=BSS      S=.bss     G=DGROUP   M=Types    ACBP=A9
 0002:00005724 00000004 C=BSS      S=.bss     G=DGROUP   M=Windows  ACBP=A9
 0002:00005728 00000004 C=BSS      S=.bss     G=DGROUP   M=Messages ACBP=A9
 0002:0000572C 00000031 C=BSS      S=.bss     G=DGROUP   M=MultiMon ACBP=A9
 0002:00005760 00000004 C=BSS      S=.bss     G=DGROUP   M=SysConst ACBP=A9
 0002:00005764 00000120 C=BSS      S=.bss     G=DGROUP   M=SysUtils ACBP=A9
 0002:00005884 00000004 C=BSS      S=.bss     G=DGROUP   M=VarUtils ACBP=A9
 0002:00005888 00000184 C=BSS      S=.bss     G=DGROUP   M=Variants ACBP=A9
 0002:00005A0C 00000004 C=BSS      S=.bss     G=DGROUP   M=RTLConsts ACBP=A9
 0002:00005A10 00000004 C=BSS      S=.bss     G=DGROUP   M=TypInfo  ACBP=A9
 0002:00005A14 00000004 C=BSS      S=.bss     G=DGROUP   M=ActiveX  ACBP=A9
 0002:00005A18 00000040 C=BSS      S=.bss     G=DGROUP   M=Classes  ACBP=A9
 0002:00005A58 00000004 C=BSS      S=.bss     G=DGROUP   M=Consts   ACBP=A9
 0002:00005A5C 00000060 C=BSS      S=.bss     G=DGROUP   M=Graphics ACBP=A9
 0002:00005ABC 00000004 C=BSS      S=.bss     G=DGROUP   M=Math     ACBP=A9
 0002:00005AC0 00000004 C=BSS      S=.bss     G=DGROUP   M=Contnrs  ACBP=A9
 0002:00005AC4 0000000C C=BSS      S=.bss     G=DGROUP   M=CommCtrl ACBP=A9
 0002:00005AD0 00000004 C=BSS      S=.bss     G=DGROUP   M=Imm      ACBP=A9
 0002:00005AD4 00000008 C=BSS      S=.bss     G=DGROUP   M=HelpIntfs ACBP=A9
 0002:00005ADC 00000004 C=BSS      S=.bss     G=DGROUP   M=WinSpool ACBP=A9
 0002:00005AE0 00000004 C=BSS      S=.bss     G=DGROUP   M=Printers ACBP=A9
 0002:00005AE4 00000034 C=BSS      S=.bss     G=DGROUP   M=FlatSB   ACBP=A9
 0002:00005B18 00000004 C=BSS      S=.bss     G=DGROUP   M=StdCtrls ACBP=A9
 0002:00005B1C 00000004 C=BSS      S=.bss     G=DGROUP   M=ShellAPI ACBP=A9
 0002:00005B20 00000004 C=BSS      S=.bss     G=DGROUP   M=RegStr   ACBP=A9
 0002:00005B24 00000004 C=BSS      S=.bss     G=DGROUP   M=WinInet  ACBP=A9
 0002:00005B28 00000004 C=BSS      S=.bss     G=DGROUP   M=UrlMon   ACBP=A9
 0002:00005B2C 00000004 C=BSS      S=.bss     G=DGROUP   M=ShlObj   ACBP=A9
 0002:00005B30 00000004 C=BSS      S=.bss     G=DGROUP   M=CommDlg  ACBP=A9
 0002:00005B34 00000004 C=BSS      S=.bss     G=DGROUP   M=ExtCtrls ACBP=A9
 0002:00005B38 00000004 C=BSS      S=.bss     G=DGROUP   M=Dlgs     ACBP=A9
 0002:00005B3C 00000038 C=BSS      S=.bss     G=DGROUP   M=Dialogs  ACBP=A9
 0002:00005B74 0000000C C=BSS      S=.bss     G=DGROUP   M=Clipbrd  ACBP=A9
 0002:00005B80 00000004 C=BSS      S=.bss     G=DGROUP   M=StrUtils ACBP=A9
 0002:00005B84 00000004 C=BSS      S=.bss     G=DGROUP   M=StdActns ACBP=A9
 0002:00005B88 00000010 C=BSS      S=.bss     G=DGROUP   M=WinHelpViewer ACBP=A9
 0002:00005B98 00000004 C=BSS      S=.bss     G=DGROUP   M=ActnList ACBP=A9
 0002:00005B9C 00000020 C=BSS      S=.bss     G=DGROUP   M=Forms    ACBP=A9
 0002:00005BBC 00000004 C=BSS      S=.bss     G=DGROUP   M=ImgList  ACBP=A9
 0002:00005BC0 00000010 C=BSS      S=.bss     G=DGROUP   M=Menus    ACBP=A9
 0002:00005BD0 00000080 C=BSS      S=.bss     G=DGROUP   M=Controls ACBP=A9
 0002:00005C50 00000004 C=BSS      S=.bss     G=DGROUP   M=RichEdit ACBP=A9
 0002:00005C54 00000004 C=BSS      S=.bss     G=DGROUP   M=ToolWin  ACBP=A9
 0002:00005C58 00000004 C=BSS      S=.bss     G=DGROUP   M=ComStrs  ACBP=A9
 0002:00005C5C 00000030 C=BSS      S=.bss     G=DGROUP   M=Buttons  ACBP=A9
 0002:00005C8C 00000004 C=BSS      S=.bss     G=DGROUP   M=ExtDlgs  ACBP=A9
 0002:00005C90 00000004 C=BSS      S=.bss     G=DGROUP   M=IniFiles ACBP=A9
 0002:00005C94 00000004 C=BSS      S=.bss     G=DGROUP   M=Registry ACBP=A9
 0002:00005C98 00000004 C=BSS      S=.bss     G=DGROUP   M=Mapi     ACBP=A9
 0002:00005C9C 00000004 C=BSS      S=.bss     G=DGROUP   M=ExtActns ACBP=A9
 0002:00005CA0 00000004 C=BSS      S=.bss     G=DGROUP   M=ListActns ACBP=A9
 0002:00005CA4 0000000C C=BSS      S=.bss     G=DGROUP   M=ComCtrls ACBP=A9
 0002:00005CB0 00000054 C=BSS      S=.bss     G=DGROUP   M=crt32    ACBP=A9
 0002:00005D04 00000154 C=BSS      S=.bss     G=DGROUP   M=graph32  ACBP=A9
 0002:00005E58 00000004 C=BSS      S=.bss     G=DGROUP   M=faced    ACBP=A9
 0002:00005E5C 00000004 C=BSS      S=.bss     G=DGROUP   M=Template ACBP=A9
 0002:00005E60 00000004 C=BSS      S=.bss     G=DGROUP   M=UtilObjs ACBP=A9
 0002:00005E64 00000004 C=BSS      S=.bss     G=DGROUP   M=AVSD     ACBP=A9
 0002:00005E68 0000E9E8 C=BSS      S=.bss     G=DGROUP   M=Globals  ACBP=A9
 0002:00014850 00016E54 C=BSS      S=.bss     G=DGROUP   M=comd     ACBP=A9
 0002:0002B6A4 00000024 C=BSS      S=.bss     G=DGROUP   M=gra      ACBP=A9
 0002:0002B6C8 00000004 C=BSS      S=.bss     G=DGROUP   M=comu     ACBP=A9
 0002:0002B6CC 00000004 C=BSS      S=.bss     G=DGROUP   M=LblForm  ACBP=A9
 0002:0002B6D0 00000004 C=BSS      S=.bss     G=DGROUP   M=WinSock  ACBP=A9
 0002:0002B6D4 00000751 C=BSS      S=.bss     G=DGROUP   M=Socket   ACBP=A9
 0002:0002BE28 00000004 C=BSS      S=.bss     G=DGROUP   M=FestoCI  ACBP=A9
 0002:0002BE2C 00000934 C=BSS      S=.bss     G=DGROUP   M=optomux  ACBP=A9
 0002:0002C760 00000010 C=BSS      S=.bss     G=DGROUP   M=Serial   ACBP=A9
 0002:0002C770 00000004 C=BSS      S=.bss     G=DGROUP   M=EventLog ACBP=A9
 0002:0002C774 00000004 C=BSS      S=.bss     G=DGROUP   M=FatalErr ACBP=A9
 0002:0002C778 00000004 C=BSS      S=.bss     G=DGROUP   M=LineIn   ACBP=A9
 0002:0002C77C 000096CC C=BSS      S=.bss     G=DGROUP   M=DataComm ACBP=A9
 0002:00035E48 00000004 C=BSS      S=.bss     G=DGROUP   M=sdDebug  ACBP=A9
 0002:00035E4C 00000004 C=BSS      S=.bss     G=DGROUP   M=sdStreams ACBP=A9
 0002:00035E50 00000004 C=BSS      S=.bss     G=DGROUP   M=sdStringTable ACBP=A9
 0002:00035E54 00000004 C=BSS      S=.bss     G=DGROUP   M=NativeXml ACBP=A9
 0002:00035E58 00000048 C=BSS      S=.bss     G=DGROUP   M=CalLi840 ACBP=A9
 0002:00035EA0 00000010 C=BSS      S=.bss     G=DGROUP   M=CalibMan ACBP=A9
 0002:00035EB0 00000004 C=BSS      S=.bss     G=DGROUP   M=DateUtils ACBP=A9
 0002:00035EB4 00000288 C=BSS      S=.bss     G=DGROUP   M=Sol      ACBP=A9
 0002:0003613C 00001C28 C=BSS      S=.bss     G=DGROUP   M=NetLog   ACBP=A9
 0002:00037D64 00000004 C=BSS      S=.bss     G=DGROUP   M=ColBtn   ACBP=A9
 0002:00037D68 00000014 C=BSS      S=.bss     G=DGROUP   M=Bitmaps  ACBP=A9
 0002:00037D7C 00000004 C=BSS      S=.bss     G=DGROUP   M=Heart    ACBP=A9
 0002:00037D80 00000004 C=BSS      S=.bss     G=DGROUP   M=WinIO    ACBP=A9
 0002:00037D84 000001DB C=BSS      S=.bss     G=DGROUP   M=Watchdog ACBP=A9
 0002:00037F60 00000018 C=BSS      S=.bss     G=DGROUP   M=Connect  ACBP=A9
 0002:00037F78 000002D8 C=BSS      S=.bss     G=DGROUP   M=LineGraf ACBP=A9
 0002:00038250 0000000C C=BSS      S=.bss     G=DGROUP   M=LGSetup  ACBP=A9
 0002:0003825C 0000010C C=BSS      S=.bss     G=DGROUP   M=licor    ACBP=A9
 0002:00038368 000014EC C=BSS      S=.bss     G=DGROUP   M=debuglog ACBP=A9
 0002:00039854 00000308 C=BSS      S=.bss     G=DGROUP   M=tei49c   ACBP=A9
 0002:00039B5C 0000100C C=BSS      S=.bss     G=DGROUP   M=netinfo  ACBP=A9
 0002:0003AB68 00000008 C=BSS      S=.bss     G=DGROUP   M=Compare  ACBP=A9
 0002:0003AB70 00000008 C=BSS      S=.bss     G=DGROUP   M=Ephem    ACBP=A9
 0002:0003AB78 00000017 C=BSS      S=.bss     G=DGROUP   M=ExitSeq  ACBP=A9
 0002:0003AB90 0000000C C=BSS      S=.bss     G=DGROUP   M=H2OVapor ACBP=A9
 0002:0003AB9C 00000040 C=BSS      S=.bss     G=DGROUP   M=Status   ACBP=A9
 0002:0003ABDC 00000588 C=BSS      S=.bss     G=DGROUP   M=musca    ACBP=A9
 0002:0003B164 00000014 C=BSS      S=.bss     G=DGROUP   M=riv      ACBP=A9
 0002:0003B178 00000044 C=BSS      S=.bss     G=DGROUP   M=RVSetup  ACBP=A9
 0002:0003B1BC 00000014 C=BSS      S=.bss     G=DGROUP   M=comlog   ACBP=A9
 0002:0003B1D0 00000175 C=BSS      S=.bss     G=DGROUP   M=IPServ   ACBP=A9
 0002:0003B348 000004F4 C=BSS      S=.bss     G=DGROUP   M=MPSample ACBP=A9
 0002:0003B83C 000000E8 C=BSS      S=.bss     G=DGROUP   M=comdis   ACBP=A9
 0002:0003B924 00000029 C=BSS      S=.bss     G=DGROUP   M=LGSelect ACBP=A9
 0002:0003B950 0000008C C=BSS      S=.bss     G=DGROUP   M=RingBar  ACBP=A9
 0002:0003B9DC 00000EBD C=BSS      S=.bss     G=DGROUP   M=Alarms   ACBP=A9
 0002:0003C89C 000003D4 C=BSS      S=.bss     G=DGROUP   M=CalibAut ACBP=A9
 0002:0003CC70 00000004 C=BSS      S=.bss     G=DGROUP   M=coms     ACBP=A9
 0002:0003CC74 00000004 C=BSS      S=.bss     G=DGROUP   M=comp     ACBP=A9
 0002:0003CC78 0000001C C=BSS      S=.bss     G=DGROUP   M=Backup   ACBP=A9
 0002:0003CC94 00000010 C=BSS      S=.bss     G=DGROUP   M=Main     ACBP=A9
 0002:0003CCA4 00000004 C=BSS      S=.bss     G=DGROUP   M=Services ACBP=A9
 0002:0003CCA8 00000004 C=BSS      S=.bss     G=DGROUP   M=comin    ACBP=A9


  Address         Publics by Name

 0002:00005B3C       .01
 0002:00005B38       .1
 0002:0003B1BC       .1
 0002:00005AC4       .1
 0002:00005AD0       .1
 0002:0003B164       .1
 0002:00005C98       .1
 0002:0003ABDC       .1
 0002:00035EB0       .1
 0002:00037D68       .1
 0002:00005B80       .1
 0002:00005B90       .1
 0002:00038368       .1
 0002:0002B6C8       .1
 0002:00005E58       .1
 0002:00038260       .1
 0002:0002C76C       .1
 0002:00005A58       .1
 0002:00005E64       .1
 0002:0002B6C4       .1
 0002:0003CCA8       .1
 0002:0000574C       .1
 0002:0002C770       .1
 0002:0002B6D0       .1
 0002:00005C50       .1
 0002:00005A0C       .1
 0002:00005B04       .1
 0002:00005B30       .1
 0002:00005720       .1
 0002:00005B2C       .1
 0002:0003CC74       .1
 0002:00005B28       .1
 0002:00005B24       .1
 0002:00005B20       .1
 0002:00005B1C       .1
 0002:00005884       .1
 0002:0002B6E0       .1
 0002:0002C774       .1
 0002:00039854       .1
 0002:00037D80       .1
 0002:0003B1D0       .1
 0002:00005718       .1
 0002:0003CC70       .1
 0002:00005760       .1
 0002:0003AB60       .1
 0002:0003B83C       .1
 0002:00005728       .1
 0002:00005C58       .1
 0002:00005B34       .12
 0002:00005A60       .12
 0002:00035E5C       .2
 0002:00005ABC       .2
 0002:0003CC78       .2
 0002:0003ABD8       .2
 0002:0003AB98       .2
 0002:0003AB78       .2
 0002:00005CF0       .2
 0002:00005E5C       .2
 0002:0002B6CC       .2
 0002:0003B924       .2
 0002:00005AD4       .2
 0002:0003B950       .2
 0002:0003AB74       .2
 0002:0002BE28       .2
 0002:0003AB6C       .2
 0002:0003CCA0       .2
 0002:0003CC68       .2
 0002:00037D7C       .2
 0002:00035E50       .2
 0002:00037D8C       .2
 0002:00005B78       .2
 0002:00037F60       .2
 0002:0003CCA4       .2
 0002:00035EAC       .2
 0002:00037D64       .2
 0002:0003B1B4       .2
 0002:0003613C       .2
 0002:00005AC0       .21
 0002:00036138       .3
 0002:00005BBC       .3
 0002:00005C8C       .3
 0002:00005DB0       .3
 0002:00005E60       .3
 0002:00005A14       .3
 0002:00005ADC       .3
 0002:00005AE0       .3
 0002:0001484C       .3
 0002:000058A8       .3
 0002:000359C4       .3
 0002:00038248       .3
 0002:0002C778       .3
 0002:00005724       .3
 0002:0002C080       .3
 0002:00038258       .3
 0002:00005A20       .35
 0002:00005CA4       .36
 0002:00005C5C       .4
 0002:00005C54       .4
 0002:00005BA4       .41
 0002:00005B18       .42
 0002:0003B830       .5
 0002:00005C94       .5
 0002:000055B8       .5
 0002:00035E48       .5
 0002:0003C894       .5
 0002:00035E4C       .5
 0002:00035E54       .53
 0002:0002B698       .6
 0002:00005A10       .6
 0002:00005B84       .63
 0002:00005C9C       .72
 0002:00005BD8       .72
 0002:00005B98       .8
 0002:00005CA0       .8
 0002:00005C90       .8
 0002:00005BC8       .9
 0002:00005874       .94
 0001:00001C38       @AbstractError
 0001:00004F28       @AddRefArray
 0001:00004EF8       @AddRefRecord
 0001:000038FC       @AfterConstruction
 0001:00001CC4       @Append
 0001:000036F0       @AsClass
 0001:000042AC       @Assert
 0001:00001F28       @Assign
 0001:00002200       @AStrCmp
 0001:0000390C       @BeforeDestruction
 0001:0000208C       @BlockRead
 0001:000020AC       @BlockWrite
 0001:00003478       @BoundErr
 0001:0000373C       @CallDynaInst
 0001:000038A4       @ClassCreate
 0001:000038F4       @ClassDestroy
 0001:000020CC       @Close
 0001:000026C0       @CloseFile
 0001:000018E0       @Copy
 0001:00005104       @CopyArray
 0001:00004FE8       @CopyRecord
 0001:00001BB0       @COS
 0001:00001924       @Delete
 0001:000053A0       @DispCallByIDError
 0001:0000520C       @Dispose
 0001:00003D88       @DoneExcept
 0001:00005CD8       @DynArrayAddRef
 0001:00005CB0       @DynArrayAsg
 0001:00005C74       @DynArrayClear
 0001:00005B60       @DynArrayCopy
 0001:00005B80       @DynArrayCopyRange
 0001:000059A0       @DynArrayHigh
 0001:00005998       @DynArrayLength
 0001:00005B54       @DynArraySetLength
 0001:00002D14       @EmitDigits
 0001:00002270       @EofFile
 0001:0000228C       @EofText
 0001:000022C4       @Eoln
 0001:00003E70       @ExceptionHandler
 0001:00001BC0       @EXP
 0001:0000231C       @FilePos
 0001:0000236C       @FileSize
 0001:000023B8       @FillChar
 0001:00004EEC       @Finalize
 0001:00004E00       @FinalizeArray
 0001:00004DCC       @FinalizeRecord
 0001:00003754       @FindDynaInst
 0001:00001FE4       @Flush
 0001:0000346C       @FpuInit
 0001:000033A8       @FpuMaskInit
 0001:0000175C       @FreeMem
 0001:0000173C       @GetMem
 0001:00006990       @GetTls
 0001:00004294       @Halt
 0001:000041BC       @Halt0
 0001:00003A20       @HandleAnyException
 0001:00003CD4       @HandleFinally
 0001:00003B4C       @HandleOnException
 0001:000069DC       @InitExe
 0001:00004DC0       @Initialize
 0001:00004D2C       @InitializeArray
 0001:00004CFC       @InitializeRecord
 0001:00004080       @InitImports
 0001:00004058       @InitResStringImports
 0001:00001BD8       @INT
 0001:0000639C       @IntfAddRef
 0001:00006370       @IntfCast
 0001:0000632C       @IntfClear
 0001:00006344       @IntfCopy
 0001:00003480       @IntOver
 0001:000036CC       @IsClass
 0001:00003378       @isNECWindows
 0001:0000476C       @LStrAddRef
 0001:000042F0       @LStrArrayClr
 0001:00004320       @LStrAsg
 0001:0000458C       @LStrCat
 0001:000045D0       @LStrCat3
 0001:00004644       @LStrCatN
 0001:000042CC       @LStrClr
 0001:000046C8       @LStrCmp
 0001:000047DC       @LStrCopy
 0001:0000481C       @LStrDelete
 0001:00004534       @LStrFromArray
 0001:000044AC       @LStrFromChar
 0001:000044BC       @LStrFromPChar
 0001:000043BC       @LStrFromPCharLen
 0001:000044EC       @LStrFromPWChar
 0001:00004420       @LStrFromPWCharLen
 0001:00004528       @LStrFromString
 0001:0000454C       @LStrFromWStr
 0001:00004864       @LStrInsert
 0001:00004364       @LStrLAsg
 0001:00004584       @LStrLen
 0001:0000496C       @LStrOfChar
 0001:000048C0       @LStrPos
 0001:00004908       @LStrSetLength
 0001:0000477C       @LStrToPChar
 0001:00004560       @LStrToString
 0001:000051F8       @New
 0001:00004390       @NewAnsiString
 0001:000049C8       @NewWideString
 0001:00001B60       @Pos
 0001:00003090       @Pow10
 0001:0000217C       @PStrCmp
 0001:00002154       @PStrCpy
 0001:00002124       @PStrNCat
 0001:00002160       @PStrNCpy
 0001:00003D34       @RaiseAgain
 0001:00003D0C       @RaiseExcept
 0001:000023D8       @RandExt
 0001:00002488       @ReadChar
 0001:00002638       @ReadExt
 0001:0000571C       @ReadInt64
 0001:00002690       @ReadLn
 0001:000024F4       @ReadLong
 0001:000025CC       @ReadLString
 0001:00002400       @ReadRec
 0001:000025C0       @ReadString
 0001:0000177C       @ReallocMem
 0001:000027C8       @ResetFile
 0001:00001CAC       @ResetText
 0001:000027E4       @RewritFile
 0001:00001CB8       @RewritText
 0001:00001C08       @ROUND
 0001:000042A0       @RunError
 0001:00002D84       @ScaleExt
 0001:000027F0       @Seek
 0001:00002824       @SeekEof
 0001:00002CF4       @SetEq
 0001:00001BA0       @SetLength
 0001:00002C9C       @SetRange
 0001:00002D08       @SetUnion
 0001:00001BF8       @SIN
 0001:00004018       @StartExe
 0001:00002DC8       @Str2Ext
 0001:00005634       @StrInt64
 0001:00000330       @strlen
 0001:00002844       @StrLong
 0001:00001C14       @TRUNC
 0001:000028A4       @Truncate
 0001:00003DB8       @TryFinallyExit
 0001:000047D4       @UniqueStringA
 0001:00002F84       @ValExt
 0001:00005774       @ValInt64
 0001:000028D0       @ValLong
 0001:00005398       @VarAddRef
 0001:000052D8       @VarClear
 0001:00005390       @VarClr
 0001:00005384       @VarCmpEQ
 0001:000052E0       @VarCopy
 0001:0000534C       @VarFromBool
 0001:0000535C       @VarFromCurr
 0001:0000537C       @VarFromDisp
 0001:00005330       @VarFromInt
 0001:00005338       @VarFromInt64
 0001:00005374       @VarFromIntf
 0001:00005364       @VarFromLStr
 0001:00005354       @VarFromReal
 0001:0000536C       @VarFromWStr
 0001:000052F8       @VarToBool
 0001:00005308       @VarToCurr
 0001:00005328       @VarToDisp
 0001:000052E8       @VarToInt
 0001:000052F0       @VarToInt64
 0001:00005320       @VarToIntf
 0001:00005310       @VarToLStr
 0001:00005300       @VarToReal
 0001:00005318       @VarToWStr
 0001:00002B6C       @Write0Bool
 0001:00002AF8       @Write0Char
 0001:00002BB4       @Write0Long
 0001:00004998       @Write0LString
 0001:00002BBC       @Write0String
 0001:00002BF0       @Write2Ext
 0001:00002B58       @WriteBool
 0001:00002A28       @WriteBytes
 0001:00002B34       @WriteChar
 0001:000056F4       @WriteInt64
 0001:00002C24       @WriteLn
 0001:00002B74       @WriteLong
 0001:000049A0       @WriteLString
 0001:0000299C       @WriteRec
 0001:00002A7C       @WriteSpaces
 0001:00002BC8       @WriteString
 0001:00004CDC       @WStrAddRef
 0001:00004A08       @WStrArrayClr
 0001:00004A2C       @WStrAsg
 0001:00004B68       @WStrCat
 0001:000049F0       @WStrClr
 0001:00004BC8       @WStrCmp
 0001:00004C4C       @WStrCopy
 0001:00004B3C       @WStrFromLStr
 0001:00004A50       @WStrFromPCharLen
 0001:00004B00       @WStrFromPWChar
 0001:00004ADC       @WStrFromPWCharLen
 0001:00004B5C       @WStrLen
 0001:00004C98       @WStrSetLength
 0001:00004B4C       @WStrToPWChar
 0001:00002C78       @_CLenToPasStr
 0001:00002C6C       @_CToPasStr
 0001:000018A4       @_IOTest
 0001:000053F0       @_lldiv
 0001:0000546C       @_lldivo
 0001:000054F0       @_llmod
 0001:0000556C       @_llmodo
 0001:000053A8       @_llmul
 0001:000053CC       @_llmulo
 0001:000055F4       @_llshl
 0001:000054A4       @_lludiv
 0001:000055A4       @_llumod
 0001:00005614       @_llushr
 0001:00056324       AbsMin
 0001:0000C590       AbstractErrorHandler
 0002:00005028       AbstractErrorProc
 0002:00000378       AccessMode
 0001:0000180C       AcquireExceptionObject
 0001:00015A28       ActivateClassGroup
 0001:00007060       ActivateKeyboardLayout
 0001:000716C4       activate_digital
 0002:00005C0C       ActiveDrag
 0001:00013644       ActiveX
 0001:0003EB5C       ActnList
 0002:0002C07C       adc_read
 0001:00071BA8       adc_read_clear
 0001:00071BD4       adc_select_clear
 0001:00000454       AddBlockAfter
 0002:000006EC       AddDataModule
 0001:0001954C       AddFinished
 0001:0004EB00       AddIn
 0001:000061D0       AddModuleUnloadProc
 0001:000061C0       AddModuleUnloadProc
 0001:00019584       AddNotFinished
 0001:00074D30       AddrAllocate
 0001:00072A00       add_to_rawdata
 0002:0001679C       adif
 0002:00016FA0       adiff
 0002:00017144       adiff_adj
 0001:00023358       AdjustColor
 0001:00039880       AdjustColors
 0001:000091BC       AdjustLineBreaks
 0001:000419D0       Adjustment
 0001:00007068       AdjustWindowRectEx
 0002:00017540       agc1hr1p
 0002:0001757C       agc1hr2p
 0002:000175B8       agc1hr5p
 0002:00029FB8       agc1m
 0002:000174C8       agc1m10p
 0002:00017504       agc1m20p
 0002:0001748C       agc1m5p
 0002:00029FF4       agc5m
 0002:000169E0       agcerr
 0002:00029F7C       agcont
 0002:00016968       agcontsave
 0002:00029B21       ahr
 0002:00016F28       ainteg
 0002:000170CC       ainteg_adj
 0002:00016BD0       airpres
 0001:000B4C44       AlarmMsgGet
 0001:000B4D78       Alarms
 0001:000BBBB4       algor
 0001:000C7174       algorithm
 0001:000BAB9C       algor_help
 0002:00000C38       Alignments
 0002:00000AE4       Alignments
 0002:00000B24       Alignments
 0002:00000BBC       Alignments
 0002:00000F14       Alignments
 0002:00000BCC       Alignments
 0002:00000F24       Alignments
 0002:00001148       AlignStyles
 0001:00048824       AlignWork
 0001:0005B968       AlignWork
 0001:0001F2A8       AllocateHWnd
 0001:00006B00       AllocConsole
 0001:00008EFC       AllocMem
 0002:000055B0       AllocMemCount
 0002:000055B4       AllocMemSize
 0001:00028514       AllocPatternBitmap
 0001:00084B7C       AllocRawBuffer
 0001:00006938       AllocTlsBuffer
 0002:00029B22       alr
 0002:00016CC0       AmbientBaseValue
 0001:0008AC14       AmbientMultiportCalibratingGet
 0001:0008AC0C       AmbientMultiportCalibratingSet
 0002:00016D00       ambient_base
 0001:000A8424       ambient_mp
 0001:000A7634       ambient_mp_config
 0001:000A8080       ambient_mp_init
 0002:00035EA8       ambient_multiport_calibrate
 0002:0003B34C       ambmp_debug
 0002:0003B350       ambmp_hardware_var
 0002:00016CFC       amb_base_grab
 0002:00016D04       amb_in_default
 0001:000BD7FC       analog_in
 0001:000BD5F0       analog_out
 0001:0001CA94       AncestorValid
 0002:00000F48       AnchorAlign
 0001:0008B3C0       anglefill
 0002:00000F3C       AnimateWindowProc
 0002:00001044       AnimationStyle
 0001:000090C4       AnsiCompareStr
 0001:000090FC       AnsiCompareText
 0001:00009818       AnsiLastChar
 0001:00007070       AnsiLower
 0001:00009090       AnsiLowerCase
 0001:0000CD98       AnsiLowerCaseFileName
 0001:0000CD60       AnsiPos
 0001:000531D8       AnsiSameCaption
 0001:00009134       AnsiSameText
 0001:0000914C       AnsiStrLIComp
 0001:0000CE24       AnsiStrPos
 0001:0000CEC4       AnsiStrRScan
 0001:0000CEEC       AnsiStrScan
 0001:000067A8       AnsiToUtf8
 0001:0000905C       AnsiUpperCase
 0001:0000ED50       AnyChangeType
 0001:00010148       AnyOp
 0001:0000F77C       AnyToIntf
 0001:0000AE74       AppendChars
 0001:0000B238       AppendFormat
 0001:0000AED8       AppendNumber
 0001:0000AEB8       AppendString
 0001:00072BBC       AppEvLog
 0002:00005B9C       Application
 0002:000006FC       ApplicationHandleException
 0002:00000704       ApplicationShowException
 0001:000B5404       apply
 0002:00000E28       AppVisible
 0002:00016F64       aprop
 0002:00017108       aprop_adj
 0002:00028F51       archive_mode
 0001:0000C574       AssertErrorHandler
 0002:00005020       AssertErrorProc
 0001:00012CDC       AssignLongStr
 0001:00013358       AssignVariant
 0001:0006C56C       atan2
 0001:0008AD38       atan2
 0002:0003C898       audible_test
 0002:0003C8A0       autocalib_var
 0002:0003B89C       av1
 0002:0003B8C0       av10
 0002:0003B8C4       av11
 0002:0003B8C8       av12
 0002:0003B8CC       av13
 0002:0003B8D0       av14
 0002:0003B8A0       av2
 0002:0003B8A4       av3
 0002:0003B8A8       av4
 0002:0003B8AC       av5
 0002:0003B8B0       av6
 0002:0003B8B4       av7
 0002:0003B8B8       av8
 0002:0003B8BC       av9
 0002:00005604       avail
 0002:0003B8D8       avcos
 0002:0003B8D4       avdir
 0001:000B5F08       average
 0002:0003B891       averaging
 0001:0006B94C       AVSD
 0001:0006B890       avsd_calc
 0001:0006B81C       avsd_init
 0001:0006B84C       avsd_proc
 0002:0003B8DC       avsin
 0002:00029E8C       awcos
 0002:00016FDC       awind
 0002:000171BC       awinddir
 0002:00029EC8       awsin
 0002:0002A030       awspeed
 0002:00018D70       awwdir
 0002:0001438C       back1
 0002:000143C8       back3
 0002:00014404       back4
 0001:00009918       BackfillGetDiskFreeSpaceEx
 0001:00058EA0       BackgroundClipped
 0001:000A0C44       BackgroundColorGet
 0001:000A0C3C       BackgroundColorSet
 0001:000CFB88       Backup
 0002:00005EE4       backuppath
 0002:00000650       BaseTypeMap
 0001:0006C364       bbox
 0001:0000CA30       Beep
 0001:00007078       BeginDeferWindowPos
 0001:00015DFC       BeginGlobalLoading
 0001:00007080       BeginPaint
 0001:00023364       BetterSize
 0001:0004F8D8       BiDiDraw
 0001:0006E6E4       bind
 0001:000B6934       binhis
 0001:00006E18       BitBlt
 0002:000010A4       BitBtnCaptions
 0002:00005C60       BitBtnGlyphs
 0002:000010D0       BitBtnModalResults
 0002:00001078       BitBtnResNames
 0002:00000A8C       BitmapCanvasList
 0002:00005A78       BitmapImageLock
 0001:0008EA20       Bitmaps
 0001:000B27D4       bittest
 0002:000007C0       BlockCode
 0002:000055DC       blockDescBlockList
 0002:000055E0       blockDescFreeList
 0001:00002000       BlockIO
 0002:000006E0       BooleanIdents
 0002:00000080       BoolStrs
 0001:000095DC       BoolToStr
 0002:00000ADC       BorderStyles
 0002:00000D70       BorderStyles
 0002:00000C30       BorderStyles
 0001:00006A7C       Bounds
 0001:00014D60       Bounds
 0002:00000EBC       Breaks
 0002:00005AB0       BrushManager
 0002:0002B884       buffer
 0001:00051FE8       BuildImage
 0002:00000CB4       ButtonCaptions
 0002:00000C88       ButtonNames
 0001:00066278       Buttons
 0002:00000F38       Buttons
 0002:00000BB4       ButtonStyles
 0002:00005B48       ButtonWidths
 0001:0006CA60       bytesleft
 0001:00022B44       BytesPerScanline
 0001:00022E9C       ByteSwapColors
 0001:0000CB14       ByteToCharIndex
 0001:0000CAEC       ByteToCharLen
 0001:0000CAB0       ByteType
 0001:0000CA38       ByteTypeTest
 0001:0009CB18       caccept
 0001:000CD724       caccept
 0002:00029B24       cahr
 0002:00016D84       calarm
 0001:0001F1E4       CalcJmpOffset
 0001:000633C0       CalcSplitterPos
 0001:0008B5D4       calenfill
 0001:000B5BF8       CalibAut
 0001:0008AC4C       CalibMan
 0002:0002A9B8       calibrate_param
 0002:0002A9CC       calibrate_var
 0001:000898AC       CalLi840
 0002:00035E58       CalLi840Form
 0001:00007088       CallNextHookEx
 0001:0000D6EC       CallTerminateProcs
 0001:00007090       CallWindowProc
 0002:00029B23       calr
 0001:00057344       CancelDrag
 0002:00005AB4       CanvasList
 0002:00005C20       CanvasList
 0002:00000C60       Captions
 0002:00001000       CaptureControl
 0001:00069314       caret_create
 0001:00069364       caret_destroy
 0002:00005D05       caret_enable
 0001:00069400       caret_get_pos
 0001:000693CC       caret_hide
 0002:00005E50       caret_save_x
 0002:00005E54       caret_save_y
 0001:0006944C       caret_set_pos
 0001:00069398       caret_show
 0002:0000365C       cBase64Char
 0002:0000369C       cBase64PadChar
 0002:00003580       cBinaryXmlCookie
 0002:00003780       cBinaryXmlVersion
 0002:000036A0       cBomInfoList
 0002:00000E5C       cBooleanToItemAutoFlag
 0002:000006C0       CBooleanToRelationship
 0002:000037DC       cBoolValues
 0002:000030E4       cCodePageInfo
 0002:00003784       cDefaultAesKeyHex
 0002:00003788       cDefaultBinaryMethod
 0002:000037D0       cDefaultChar
 0002:0000378C       cDefaultDirectCloseTag
 0002:00003790       cDefaultDropCommentsOnParse
 0002:0000379C       cDefaultEncodingString
 0002:000037A0       cDefaultEolStyle
 0002:000037A4       cDefaultExternalEncoding
 0002:000037A8       cDefaultFixStructuralErrors
 0002:00003794       cDefaultFloatAllowScientific
 0002:00003798       cDefaultFloatSignificantDigits
 0002:000037AC       cDefaultIndentString
 0002:000037B0       cDefaultNodeClosingStyle
 0002:000037B4       cDefaultSplitSecondDigits
 0002:000037C0       cDefaultUseLocalBias
 0002:000037B8       cDefaultVersionString
 0002:000037C4       cDefaultWriteOnDefault
 0002:000037BC       cDefaultXmlFormat
 0002:00016E74       cdiff
 0002:00003738       cElementTypeNames
 0001:0003B150       CenterWindow
 0002:00005E6C       cfgname
 0002:00005B76       CF_COMPONENT
 0002:00005B74       CF_PICTURE
 0002:000058A0       ChangeAnyProc
 0001:000558FC       ChangeBiDiModeAlignment
 0001:0006CB00       changering
 0001:0000EDB8       ChangeSourceAny
 0002:00000B68       CharCases
 0002:00000B04       CharCases
 0001:000043EC       CharFromWChar
 0001:0000CCE8       CharLength
 0001:00007098       CharLowerBuff
 0001:000070A0       CharNext
 0001:000002A0       CharNext
 0001:00021210       CharsetToIdent
 0001:0000CBFC       CharToByteIndex
 0001:0000CC60       CharToByteLen
 0001:000070A8       CharUpperBuff
 0001:000B5DBC       check
 0001:00076C14       check
 0001:0002392C       CheckBool
 0001:000A16B8       checkdev
 0001:000C54AC       checkforerr
 0001:0000399C       CheckJmp
 0001:000070B0       CheckMenuItem
 0002:00000EAC       Checks
 0001:00070FB0       checksum
 0001:0001E03C       CheckSynchronize
 0001:0004140C       CheckTaskWindow
 0001:00010D90       CheckType
 0001:000101D4       CheckType
 0001:00056FF8       CheckUndock
 0001:000769EC       Check_If_Already_Open
 0001:000D5978       check_that_only_instance
 0001:000361F8       ChooseColor
 0002:00016DFC       cinteg
 0002:000037CC       cInterval
 0002:000006BC       CInvalidCustomVariantType
 0002:00000E60       cItemAutoFlagToBoolean
 0002:00000E58       cItemAutoFlagToMenu
 0001:0001F42C       Classes
 0002:00005E0C       classMyWnd
 0001:000157EC       ClassNotFound
 0001:0006F108       Cleanup
 0002:0000589C       ClearAnyProc
 0001:00020A98       ClearColor
 0001:000B67DC       clearhist
 0001:00012084       ClearVariantTypeList
 0001:000070B8       ClientToScreen
 0001:00060964       ClientToWindow
 0002:00000A84       ClipboardFormats
 0001:0003CA50       Clipbrd
 0001:0008B47C       clockfill
 0001:00072614       Close
 0001:000A468C       Close
 0001:0006ED68       Close
 0001:000070C0       CloseClipboard
 0001:0006981C       CloseGraph
 0001:00000240       CloseHandle
 0001:00006B08       CloseHandle
 0001:0006E6EC       closesocket
 0001:000D35A8       close_handler
 0001:00068908       ClrEol
 0001:00068984       ClrScr
 0001:0006FFCC       clsFestoCI.BitWrite
 0001:0006F7B4       clsFestoCI.Close
 0001:0006F4EC       clsFestoCI.Create
 0001:0006F528       clsFestoCI.DebugEnableSet
 0001:0006F524       clsFestoCI.DebugMemoSet
 0001:0006F52C       clsFestoCI.DebugPauseSet
 0001:0006F238       clsFestoCI.LastErrorProcess
 0001:0006F648       clsFestoCI.Open
 0001:0006FA50       clsFestoCI.Receive
 0001:0006F90C       clsFestoCI.Send
 0001:0006F530       clsFestoCI.Setup
 0001:0006FC44       clsFestoCI.Talk
 0001:0006FD2C       clsFestoCI.WordRead
 0001:0007019C       clsFestoCI.WordWrite
 0001:0007318C       clsLineIn.Create
 0001:00073220       clsLineIn.DebugEnableSet
 0001:0007321C       clsLineIn.DebugMemoSet
 0001:00073224       clsLineIn.DebugPauseSet
 0001:0007339C       clsLineIn.OutputDebug
 0001:00073228       clsLineIn.OutputLastError
 0001:00073418       clsLineIn.Process
 0001:000747E0       clsLineIn.TokenGet
 0001:00074828       clsLineIn.ValueGet
 0001:0006E068       clwindow
 0002:0000503C       CmdLine
 0002:00005038       CmdShow
 0002:00000E54       cMenuAutoFlagToItem
 0002:00003584       cNodeClass
 0002:0002A47C       co2qt
 0002:000177E8       col
 0001:0008E8B4       ColBtn
 0001:000160B8       CollectionsEqual
 0002:0000081C       Colors
 0001:0003A6C0       ColorToBorderColor
 0001:00021008       ColorToIdent
 0001:00020FB0       ColorToRGB
 0001:00089FA4       color_checkbox
 0002:00005E40       color_set_last
 0002:00000B54       ComboBoxStyles
 0002:00005AC8       ComCtl32DLL
 0001:00068624       ComCtrls
 0001:0006BAE8       comd
 0001:000AFEF4       comdis
 0001:000D52EC       comin
 0001:000A3EBC       comlog
 0002:0001E7BC       comm
 0002:00035E98       command
 0002:00005BCC       CommandPool
 0001:00028C1C       CommCtrl
 0001:00036230       CommDlg
 0001:0006BA70       CommErrMsgGet
 0001:00000734       Commit
 0002:00005620       committedRoot
 0002:0002A3F0       comm_err
 0001:000CD980       comp
 0001:00098468       Compare
 0001:00078D68       CompareFreq
 0001:0004E0E4       CompareFront
 0001:00008FC4       CompareMem
 0001:00008F94       CompareStr
 0001:00006B10       CompareString
 0001:00008FE4       CompareText
 0001:00019F6C       ComponentCreated
 0001:000236FC       ComputeAldusChecksum
 0001:000B9610       coms
 0001:000641C8       ComStrs
 0001:0006E190       comu
 0002:00029104       conditional_enabled
 0002:00029114       conditional_ok
 0002:000292E0       conditional_state
 0001:000CA710       conditional_test
 0002:00029178       conditional_value
 0002:00029174       conditional_var
 0001:000D0AB8       config
 0001:00071674       configure_positions
 0001:0006E6F4       connect
 0001:00090954       Connect
 0002:00037F64       connected
 0002:0003CC9C       consoleOpened
 0001:0001F798       Consts
 0002:0002A0E4       conterr
 0001:00028A84       Contnrs
 0002:00005BDE       ControlAtom
 0002:00005BE4       ControlAtomString
 0001:0004619C       ControlHasHelp
 0001:00064060       Controls
 0002:0000074C       Convert
 0001:0000BFE4       ConvertAddr
 0001:0000AFC8       ConvertEraString
 0001:00008EC0       ConvertError
 0001:00008ED8       ConvertErrorFmt
 0001:0000B130       ConvertYearString
 0001:000059A8       CopyArray
 0001:00025AA0       CopyBitmap
 0001:00026168       CopyBitmapAsMask
 0001:00006E20       CopyEnhMetaFile
 0001:00066098       CopyImage
 0001:00026104       CopyPalette
 0001:00051094       CopyToBest
 0001:0000CB6C       CountChars
 0002:00005A90       CounterLock
 0002:00016E38       cprop
 0002:00003634       cQuoteChars
 0002:00003654       cQuoteCharStyleNames
 0002:000037C8       cReadableDirectCloseTag
 0001:0000C4B8       CreateAssertException
 0001:0000C640       CreateAVObject
 0001:00006E28       CreateBitmap
 0001:00006E30       CreateBrushIndirect
 0001:000070C8       CreateCaret
 0001:00006E38       CreateCompatibleBitmap
 0001:00006E40       CreateCompatibleDC
 0001:00019FEC       CreateComponent
 0002:0003B94C       created
 0001:00006E50       CreateDIBitmap
 0001:00006E48       CreateDIBSection
 0001:00006B18       CreateEvent
 0001:00006B20       CreateFile
 0001:00000248       CreateFileA
 0001:00006E58       CreateFontIndirect
 0001:00006E60       CreateHalftonePalette
 0001:000070D0       CreateIcon
 0001:0000C3E4       CreateInOutError
 0001:000070D8       CreateMenu
 0001:0003BE4C       CreateMessageDialog
 0001:00006B30       CreateMutex
 0001:00006E68       CreatePalette
 0001:00006E70       CreatePen
 0001:00006E78       CreatePenIndirect
 0001:000070E0       CreatePopupMenu
 0001:00006E80       CreateSolidBrush
 0001:00022EF4       CreateSystemPalette
 0001:00006B50       CreateThread
 0001:00007680       CreateWindow
 0001:000070E8       CreateWindowEx
 0002:00000F40       CreationControl
 0002:00000C44       CreationControl
 0002:000006CC       CRelationshipToBoolean
 0001:00069130       crt32
 0002:00005CE8       CRT32ControlKeyState
 0002:00005CEC       CRT32ExtendedSave
 0002:00005CDC       CRT32RepeatCount
 0002:00005CE0       CRT32VirtualKeyCode
 0002:00005CE4       CRT32VirtualScanCode
 0002:00005CCC       crt32_mouse
 0002:00005CFC       CrtPipe
 0002:00000C20       CSHREDRAW
 0002:00000370       cSimpleBoolStrs
 0002:0000355C       cStringEncodingCharsetNames
 0002:0000103C       Ctl3DStyles
 0002:00000BAC       Ctl3DStyles
 0002:00005618       curAlloc
 0002:0001779C       curpos
 0002:0000576C       CurrencyDecimals
 0002:00005768       CurrencyFormat
 0002:00005764       CurrencyString
 0001:0006D310       currentdate
 0001:0006D918       currenttime
 0002:00000DAC       CursorMap
 0002:00000F50       Cursors
 0001:00055BF8       CursorToIdent
 0001:0006CBC4       cursor_col
 0001:0006CC00       cursor_page
 0001:0006CB3C       cursor_row
 0002:0003B888       cursor_save_1
 0002:0003B88C       cursor_save_2
 0002:00000D9C       cUseAlpha
 0002:00000DA4       cUseColorKey
 0002:00000548       CVarTypeToElementInfo
 0002:000030D4       cWarnStyleNames
 0002:00016EB0       cwind
 0002:00016EEC       cwindprop
 0002:000003B0       CWNear
 0002:000035F4       cXmlBlankChars
 0002:00003614       cXmlBlankCharsOrEndTag
 0002:000035CC       cXmlEscapePhrases
 0002:00035E54       cXmlFormatSettings
 0002:000035E0       cXmlReplacePhrases
 0001:0006CC3C       cycle_byte
 0001:000CD7D8       daccept
 0002:00000C28       Data
 0001:000CE7EC       databack
 0001:00077B8C       DataComm
 0001:000BEAF8       dataflow
 0002:0002B62C       dataflow_key
 0002:0002B630       dataflow_show
 0002:0002ABA0       dataflow_var
 0001:000A18B4       dataout
 0002:00005EE0       datapath
 0002:00029074       dataput
 0002:00028CD8       date
 0002:00035E88       dateISO
 0002:0000576D       DateSeparator
 0001:0000B9C8       DateTimeToString
 0001:0000A9D8       DateTimeToTimeStamp
 0001:0008AD30       DateUtils
 0001:000A2D08       datlog
 0002:00029724       dawn_altitude
 0002:00028CC8       day
 0001:0008AC9C       DayOf
 0001:0008ACC0       DayOfTheMonth
 0001:0008ACD4       DayOfTheWeek
 0001:0000ADC8       DayOfWeek
 0001:0008B230       dayofyear
 0002:000003AC       DCon10
 0002:00000818       DDBsOnly
 0001:0008AE20       dddmmss
 0002:0003B898       ddx
 0001:000716EC       deactivate_digital
 0001:0001F35C       DeallocateHWnd
 0002:00029134       debug
 0002:0002C38C       debug2memo
 0001:00071C04       DebugEnableSet
 0002:00000018       DebugHook
 0001:0009485C       debuglog
 0001:000943D0       DebugLogEnableGet
 0001:00094404       DebugLogEnableSet
 0001:0009445C       DebugLogFileClear
 0001:00094498       DebugLogFileClose
 0001:000944D4       DebugLogFileFlush
 0001:000944E4       DebugLogFileNameGet
 0001:000944F8       DebugLogFileOpen
 0001:000945B8       DebugLogFileWrite
 0001:00094700       DebugLogRegister
 0001:0009479C       DebugLogUnitNameGet
 0002:00039B58       debuglog_handle
 0002:0003B920       debuglog_handle
 0001:000948CC       debuglog_output
 0001:00094B48       debuglog_output_value
 0001:00071C1C       DebugMemoSet
 0001:0006BA30       DebugMsgGet
 0001:00071C0C       DebugPauseGet
 0001:00071C14       DebugPauseSet
 0002:0003836C       debug_enable_list
 0002:00039580       debug_file_name
 0002:00039680       debug_file_ptr
 0002:00038380       debug_idname_list
 0002:0003984C       debug_id_last
 0001:0008CD74       debug_output
 0002:0000576B       DecimalSeparator
 0001:000119A8       DecIndices
 0001:00086798       DecodeBase64Buf
 0001:0008690C       DecodeBinhexBuf
 0001:0000ADA8       DecodeDate
 0001:0000AC5C       DecodeDateFully
 0001:0000AACC       DecodeTime
 0001:0009553C       decode_set_string
 0001:000007C8       Decommit
 0001:00000DE4       DecommitFree
 0002:000055F4       decommittedRoot
 0001:00043EF0       Default
 0001:000493E8       Default
 0002:00000010       Default8087CW
 0002:00000F44       DefaultDockTreeClass
 0002:00000024       DefaultTextLineBreakStyle
 0002:00000A54       DefBrushData
 0001:00007108       DeferWindowPos
 0002:000007EC       DefFontData
 0001:000070F0       DefFrameProc
 0002:0000043C       DefLongDayNames
 0002:000003F0       DefLongMonthNames
 0001:000070F8       DefMDIChildProc
 0002:00000A34       DefPenData
 0002:00000420       DefShortDayNames
 0002:000003C0       DefShortMonthNames
 0001:00007100       DefWindowProc
 0001:00068F00       Delay
 0001:00005D14       DelayLoadResourceModule
 0001:00000484       DeleteBlock
 0001:0003AA4C       DeleteColor
 0001:000003F4       DeleteCriticalSection
 0001:00006B58       DeleteCriticalSection
 0001:00006E88       DeleteDC
 0001:00006E90       DeleteEnhMetaFile
 0001:00000C2C       DeleteFree
 0001:00007110       DeleteMenu
 0001:00006E98       DeleteObject
 0001:0003AA20       DeleteRange
 0001:00032FD4       DeleteSelectedText
 0001:00006AD0       DeregisterEventSource
 0002:00005F20       descriptor
 0001:0002565C       DeselectBitmap
 0001:00007118       DestroyCaret
 0001:00007120       DestroyCursor
 0001:00007128       DestroyIcon
 0001:000661A8       DestroyLocals
 0001:00007130       DestroyMenu
 0001:00007138       DestroyWindow
 0001:0003D604       DialogEnumerationTester
 0001:0003B204       DialogHook
 0002:00000C4C       DialogOptions
 0001:0003C9E8       Dialogs
 0001:0008F718       DialoutGet
 0001:0008F720       DialoutSet
 0002:00000A90       DIBPalSizes
 0002:000002D4       dig
 0001:000BDDD0       digital_in
 0002:0002A45C       digital_in_cntl
 0002:0002A43C       digital_in_fumi
 0001:000BD700       digital_out
 0002:0003B8E8       direc
 0001:00041260       DisableTaskWindows
 0001:000ABDDC       discomm
 0001:00090134       DisconnectMsgGet
 0002:00017798       dishour
 0001:000099BC       DiskFree
 0001:000099F0       DiskSize
 0002:0000D4D8       disp
 0001:00007140       DispatchMessage
 0001:00047404       DispatchShortCut
 0002:0000E84C       dispb
 0002:00026EBC       dispback
 0002:00005000       DispCallByIDProc
 0001:000AE020       display
 0001:000AD5AC       displaymove
 0002:0002B6B4       displx
 0002:0002B6B8       disply
 0002:00014440       disprecord
 0001:000ABAD0       dispsel
 0002:00017A58       disrec
 0001:00008EA4       DivMod
 0001:0003AE00       Dlgs
 0001:0005B7F8       DoAlign
 0001:000486D8       DoAlign
 0001:0005F798       DoCalcConstraints
 0002:00005C14       DockSiteList
 0001:00051CB4       DoClick
 0001:0005CE80       DoControlMsg
 0002:00028F58       docreate
 0002:0003B8E2       docurrent
 0001:00041210       DoDisableWindow
 0001:00056924       DoDragOver
 0002:00028F56       doexamine
 0002:0003B170       doexit
 0002:00028F59       doexit
 0001:00061694       DoFindControlZone
 0001:0004134C       DoFindWindow
 0001:00061C20       DoFindZone
 0001:00061718       DoForEach
 0001:00063024       DoGetNextLimit
 0002:0003B8E0       dograph
 0002:0003B171       dohelp
 0002:00028F55       doinitialize
 0002:0003B8E1       dolast
 0001:000411D8       DoneApplication
 0001:00063D88       DoneControls
 0001:0000C96C       DoneExceptions
 0001:000457F8       DoNestedActivation
 0001:00048528       DoPosition
 0001:0005B3CC       DoPosition
 0002:00028F57       doprint
 0001:0006264C       DoPrune
 0001:00038A4C       DoRect
 0001:00062B24       DoSaveZone
 0001:00062D28       DoSetNewBounds
 0002:0003B8E3       dosnapshot
 0002:0003B172       dotopo
 0002:000006E8       DotSep
 0001:000247AC       DoWrite
 0001:0004C98C       DoWrite
 0001:00017498       DoWrite
 0001:00023B84       DoWrite
 0001:0005C4F0       DoWriteDesignSize
 0001:00059FA4       DoWriteIsControl
 0002:00028CBC       doy
 0002:00037F5E       do_dialout
 0002:00005BF8       DragCapture
 0002:00005BEC       DragControl
 0001:0005706C       DragDone
 0001:000568D4       DragFindTarget
 0001:000568A8       DragFindWindow
 0002:00005C10       DragImageList
 0001:00056CC4       DragInit
 0001:00056E34       DragInitControl
 0002:00005BF4       DragInternalObject
 0001:00056808       DragMessage
 0002:00005BF0       DragObject
 0002:00005C1C       DragSave
 0002:00005C04       DragSaveCursor
 0002:00005BFC       DragStartPos
 0002:00005C08       DragThreshold
 0001:000569F4       DragTo
 0001:00049424       DrawAppIcon
 0001:0008DE60       DrawBackBitmap
 0001:0008E1D0       drawbackground
 0001:0008DF2C       drawcaption
 0001:000621B8       DrawCloseButton
 0001:0008E218       drawdownborder
 0001:00007148       DrawEdge
 0001:00007150       DrawFocusRect
 0001:00007158       DrawFrameControl
 0001:00062210       DrawGrabberLine
 0001:00007160       DrawIcon
 0001:00007168       DrawIconEx
 0002:00000E30       DrawingStyles
 0001:00007170       DrawMenuBar
 0001:00052FF4       DrawMenuItem
 0001:000698D0       DrawPoly
 0001:00007178       DrawText
 0001:0008E29C       drawupborder
 0002:00005DB4       driver
 0001:0007292C       DTRSet
 0002:00035E90       dt_element
 0001:000A3EC4       dump
 0001:000229C4       DupBits
 0001:000718F8       dutec_in
 0002:0002C088       dutec_local_speed
 0001:000718B4       dutec_out
 0001:000717E4       dutec_speed
 0001:00011954       DynArrayBounds
 0001:000059C0       DynArrayClear
 0001:000118CC       DynArrayDim
 0001:000118B0       DynArrayElTypeInfo
 0001:00011DA8       DynArrayFromVariant
 0001:00011870       DynArrayIndex
 0001:000059C8       DynArraySetLength
 0001:000118E4       DynArraySize
 0001:00011A94       DynArrayToVariant
 0001:00011A14       DynArrayVariantBounds
 0001:00011A6C       DynArrayVarType
 0002:00000F1C       EdgeStyle
 0002:00000B9C       EdgeStyles
 0002:0000102C       EdgeStyles
 0002:000012C8       EGAColors
 0001:0000C3B8       EHeapException.FreeInstance
 0001:00006EA0       Ellipse
 0002:00000B20       Empty
 0001:00072684       EmptyBufferRx
 0001:00072648       EmptyBufferTx
 0001:00007180       EmptyClipboard
 0001:000D425C       emptyerr
 0002:00005888       EmptyParam
 0002:000002FC       EmptyStr
 0002:00000300       EmptyWideStr
 0001:00007188       EnableMenuItem
 0002:00000EB4       Enables
 0001:00007190       EnableScrollBar
 0001:00041314       EnableTaskWindows
 0001:00007198       EnableWindow
 0002:00017180       encl_temp_alarm_set
 0001:00083DA4       EncodeAnsiChunk
 0001:000866A8       EncodeBase64Buf
 0001:0000AC2C       EncodeDate
 0001:0000AA8C       EncodeTime
 0001:00083EBC       EncodeUtf16Chunk
 0001:00083E34       EncodeUtf8Chunk
 0001:000071A0       EndDeferWindowPos
 0001:00015E84       EndGlobalLoading
 0001:000071A8       EndPaint
 0002:000294A4       enrich_base
 0002:0002933C       enrich_mode
 0002:000293B4       enrich_val
 0001:000003E4       EnterCriticalSection
 0001:00006B60       EnterCriticalSection
 0001:00006B68       EnumCalendarInfoA
 0002:00005748       EnumDisplayMonitors
 0001:0000BC58       EnumEraNames
 0001:0000BC94       EnumEraYearOffsets
 0001:000443EC       EnumMonitorsProc
 0001:000071B0       EnumThreadWindows
 0001:000071B8       EnumWindows
 0001:000998B4       Ephem
 0001:0008B2F0       eqoftime
 0001:000071C0       EqualRect
 0002:00005834       EraNames
 0002:00005850       EraYearOffsets
 0002:00038264       err
 0002:0003BA24       err
 0002:000002CC       errCaption
 0001:000B285C       errcheck
 0001:000B26C0       errclear
 0002:0003BB44       errlatch
 0001:00071C24       ErrlogEnableGet
 0001:00071C2C       ErrlogEnableSet
 0001:00071D80       ErrlogNameSet
 0001:00069160       ErrMsgAndHalt
 0002:0003AB64       errno
 0001:0004DE34       Error
 0001:00001898       Error
 0001:000153B0       Error
 0001:000190D8       Error
 0002:00000004       ErrorAddr
 0001:0000184C       ErrorAt
 0001:0000C464       ErrorHandler
 0002:00000458       ErrorMap
 0002:00005008       ErrorProc
 0001:0006873C       error_check
 0002:000053E4       ErrOutput
 0001:000B340C       errreset
 0002:0003BC64       errseq
 0001:000B2FE0       errset
 0001:00071AB8       ErrstatsClear
 0001:00071B94       ErrstatsClearWhenGet
 0001:00006B70       EscapeCommFunction
 0002:00005DA0       Event
 0001:00072ED0       EventLog
 0001:000017EC       ExceptAddr
 0002:0000500C       ExceptClsProc
 0001:0000C8D8       ExceptHandler
 0001:0000C22C       Exception.Create
 0001:0000C268       Exception.CreateFmt
 0001:0000C2E8       Exception.CreateRes
 0001:0000C324       Exception.CreateResFmt
 0002:0000501C       ExceptionClass
 0001:0000BFF0       ExceptionErrorMessage
 0002:00000490       ExceptMap
 0001:000017CC       ExceptObject
 0002:00005010       ExceptObjProc
 0002:00005004       ExceptProc
 0001:00006EA8       ExcludeClipRect
 0001:00071064       execute
 0001:0008F6FC       Exists
 0002:00000000       ExitCode
 0001:00004100       ExitDll
 0002:00005044       ExitProc
 0001:000002A8       ExitProcess
 0001:00006B78       ExitProcess
 0002:00005024       ExitProcessProc
 0001:0009A1D4       ExitSeq
 0001:00066444       ExtActns
 0001:0003ADAC       ExtCtrls
 0001:000662D0       ExtDlgs
 0002:0000117C       extended_table
 0002:00000C00       ExtendSelects
 0001:000098D0       ExtractFileExt
 0001:00009898       ExtractFileName
 0001:000161DC       ExtractStrings
 0001:00006EB0       ExtTextOut
 0001:0006A7E8       faced
 0002:00029144       faceraw_switch
 0001:00010144       Failure
 0002:00016D48       falarm
 0002:00005870       FalseBoolStrs
 0002:00029154       fan_debug_set
 0001:000730F8       FatalErr
 0002:00005B7C       FClipboard
 0002:000003A0       FCon1E18
 0001:000D6340       fcp
 0001:0008F728       fec
 0001:0007037C       FestoCI
 0001:0008FA0C       ffpwcnt
 0002:00005CFF       fHaltIt
 0001:00009740       FileClose
 0001:000096A8       FileCreate
 0001:00009684       FileCreate
 0001:00009A24       FileDateToDateTime
 0002:00028F52       fileend
 0002:00000A88       FileFormats
 0001:000D43A4       fileinit
 0002:0000000C       FileMode
 0001:00001D0C       FileNOPProc
 0001:00009628       FileOpen
 0001:000096B0       FileRead
 0002:00000714       FilerSignature
 0001:000C995C       files
 0001:00009708       FileSeek
 0001:00006B80       FileTimeToDosDateTime
 0001:00006B88       FileTimeToLocalFileTime
 0001:000096DC       FileWrite
 0001:00000D14       FillAfterGap
 0001:00000CC0       FillBeforeGap
 0001:00006B90       FillConsoleOutputAttribute
 0001:00006B98       FillConsoleOutputCharacter
 0001:00000DAC       FillerSizeAfterGap
 0001:00000D3C       FillerSizeBeforeGap
 0001:000698D4       FillPoly
 0001:000071C8       FillRect
 0002:00018DBC       filnam
 0001:00006850       Finalization
 0001:00077B44       Finalization
 0001:0003CC10       Finalization
 0001:0004CED0       Finalization
 0001:000A49EC       Finalization
 0001:0000E22C       Finalization
 0001:00006A20       Finalization
 0001:0006E160       Finalization
 0001:00094824       Finalization
 0001:0006E6AC       Finalization
 0001:000CD950       Finalization
 0001:0006F110       Finalization
 0001:00063FF8       Finalization
 0001:000685AC       Finalization
 0001:000640F0       Finalization
 0001:00094364       Finalization
 0001:000B16AC       Finalization
 0001:00064128       Finalization
 0001:00064198       Finalization
 0001:0003CAA8       Finalization
 0001:0003CA14       Finalization
 0001:0006B91C       Finalization
 0001:00028BEC       Finalization
 0001:000A3E8C       Finalization
 0001:000077E4       Finalization
 0001:000360A8       Finalization
 0001:000B224C       Finalization
 0001:0006B7E4       Finalization
 0001:0006A9B0       Finalization
 0001:000690E0       Finalization
 0001:00007F64       Finalization
 0001:0006BAB8       Finalization
 0001:0008D7B8       Finalization
 0001:00028C24       Finalization
 0001:0006A7B8       Finalization
 0001:000360E0       Finalization
 0001:0006A208       Finalization
 0001:00074868       Finalization
 0001:0003AD7C       Finalization
 0001:000D5F60       Finalization
 0001:0003ADD0       Finalization
 0001:00071DAC       Finalization
 0001:0009713C       Finalization
 0001:000B4D1C       Finalization
 0001:000880A0       Finalization
 0001:00036118       Finalization
 0001:000135BC       Finalization
 0001:0006644C       Finalization
 0001:0003D834       Finalization
 0001:00036150       Finalization
 0001:0004B4F0       Finalization
 0001:0003C98C       Finalization
 0001:000A1530       Finalization
 0001:0002A030       Finalization
 0001:000A0C4C       Finalization
 0001:00006A98       Finalization
 0001:000124C0       Finalization
 0001:00036188       Finalization
 0001:0008BD34       Finalization
 0001:00012810       Finalization
 0001:0003EB2C       Finalization
 0001:0008E884       Finalization
 0001:00098438       Finalization
 0001:00028A54       Finalization
 0001:000B5BC8       Finalization
 0001:000361C0       Finalization
 0001:00099884       Finalization
 0001:0009CAE0       Finalization
 0001:0008E9F0       Finalization
 0001:0008AC1C       Finalization
 0001:000729B4       Finalization
 0001:00091824       Finalization
 0001:0008AD00       Finalization
 0001:00029C88       Finalization
 0001:000730C8       Finalization
 0001:000B95E0       Finalization
 0001:0006E754       Finalization
 0001:0009A1A4       Finalization
 0001:0001F384       Finalization
 0001:00072EA0       Finalization
 0001:0008EE08       Finalization
 0001:0001F768       Finalization
 0001:00029CD4       Finalization
 0001:0009AC68       Finalization
 0001:00036200       Finalization
 0001:00029D0C       Finalization
 0001:0008ED88       Finalization
 0001:00013614       Finalization
 0001:00078070       Finalization
 0001:0002854C       Finalization
 0001:000AFEC4       Finalization
 0001:00095270       Finalization
 0001:0000824C       Finalization
 0001:000077AC       Finalization
 0001:0006B954       Finalization
 0001:000A88C4       Finalization
 0001:0006C524       Finalization
 0001:0002872C       Finalization
 0001:000CFB58       Finalization
 0001:00092E64       Finalization
 0001:00078628       Finalization
 0001:00066240       Finalization
 0001:00078FE0       Finalization
 0001:000897E0       Finalization
 0001:000662A0       Finalization
 0001:0007034C       Finalization
 0001:000662F0       Finalization
 0001:0008FEFC       Finalization
 0001:000D3DCC       Finalization
 0001:000532D4       Finalization
 0001:0000E48C       Finalization
 0001:000D3E7C       Finalization
 0001:00066358       Finalization
 0001:000663BC       Finalization
 0001:000D52BC       Finalization
 0001:00066414       Finalization
 0001:00090924       Finalization
 0001:0009C958       Finalization
 0001:000059B8       FinalizeArray
 0001:00003F58       FinalizeUnits
 0001:00051A74       Find
 0001:0001C204       FindAncestor
 0001:00005D84       FindBS
 0001:000158AC       FindClass
 0001:00005D0C       FindClassHInstance
 0001:00006BA0       FindClose
 0001:000097FC       FindClose
 0001:000002B8       FindClose
 0001:00000C90       FindCommitted
 0001:000559F8       FindControl
 0001:00061E4C       FindControlAtPos
 0001:000123C4       FindCustomVariantType
 0001:00012324       FindCustomVariantType
 0001:00057390       FindDragTarget
 0001:0001A19C       FindExistingComponent
 0001:000097AC       FindFirst
 0001:00006BA8       FindFirstFile
 0001:000002C0       FindFirstFile
 0001:00041458       FindGlobalComponent
 0001:00015D14       FindGlobalComponent
 0002:00005A2C       FindGlobalComponentProcs
 0001:00005CE4       FindHInstance
 0001:00015BBC       FindIdentToInt
 0001:00015B40       FindIntToIdent
 0001:00009748       FindMatchingFile
 0002:00005B44       FindMsg
 0001:00019484       FindNestedComponent
 0001:00006BB0       FindNextFile
 0001:0007F17C       FindNodesRecursive
 0001:00085384       FindNonStandardReferenceReplacement
 0001:0004DDFC       FindPopupControl
 0001:00006BB8       FindResource
 0001:00005D5C       FindResourceHInstance
 0001:0004ADC8       FindScanline
 0001:00035D1C       FindString
 0001:000413B0       FindTopMostWindow
 0001:0001AFCC       FindUniqueName
 0001:0005735C       FindVCLWindow
 0001:000071D0       FindWindow
 0001:0003D65C       FindWinHelp
 0001:000B4230       FirstAlarmPage
 0002:000290C3       firstpas
 0001:00025A54       FixupBitFields
 0002:00002AE4       fkey
 0002:00000F2C       Flags
 0002:00005880       FLanguages
 0001:0002A060       FlatSB
 0002:00005AE4       FlatSB_EnableScrollBar
 0002:00005AF0       FlatSB_GetScrollInfo
 0002:00005AF4       FlatSB_GetScrollPos
 0002:00005AEC       FlatSB_GetScrollRange
 0002:00005AFC       FlatSB_SetScrollInfo
 0002:00005AF8       FlatSB_SetScrollPos
 0001:00029D50       FlatSB_SetScrollProp
 0002:00005B00       FlatSB_SetScrollRange
 0002:00005AE8       FlatSB_ShowScrollBar
 0001:0000A5F4       FloatToDecimal
 0001:0000A934       FloatToStr
 0001:0000A964       FloatToStrF
 0001:0000A31C       FloatToText
 0001:00001FD8       Flush
 0002:000003B4       FMSecsPerDay
 0001:0000A218       FmtStr
 0002:00039B60       fnetinfo
 0002:00000D14       FocusCount
 0002:00000D10       FocusMessages
 0002:000009A4       FontCharsets
 0002:00005AA8       FontManager
 0001:00087A00       ForEachNode
 0001:0004142C       ForegroundTask
 0001:0000A204       Format
 0002:000003BC       Format
 0001:00009D70       FormatBuf
 0001:00009D64       FormatClearStr
 0001:0000BA24       FormatDateTime
 0001:00009CF8       FormatError
 0002:00000398       FormatErrorStrs
 0001:00006BC0       FormatMessage
 0001:00009D50       FormatVarToStr
 0001:0004B54C       Forms
 0001:00003088       FPower10
 0002:00000AD8       FPrinter
 0001:00038B10       Frame3D
 0001:000071D8       FrameRect
 0001:0000DE0C       FreeAndNil
 0001:000009FC       FreeCommitted
 0001:00000F1C       FreeCurAlloc
 0001:00057450       FreeDeviceContext
 0001:0005750C       FreeDeviceContexts
 0001:0001F150       FreeIntConstList
 0001:000002C8       FreeLibrary
 0001:00006BC8       FreeLibrary
 0001:000255B0       FreeMemoryContexts
 0001:0001F284       FreeObjectInstance
 0001:00006BD0       FreeResource
 0001:0000067C       FreeSpace
 0001:0000D708       FreeTerminateProcs
 0002:00005CAC       FRichEditModule
 0002:0003B9DC       frmAlarms
 0002:0003CC7C       frmBackup
 0002:0003CC60       frmCalibAut
 0002:00035EA0       frmCalibMan
 0002:0003AB68       frmCompare
 0002:0003B838       frmConfig
 0002:00037F74       frmConnect
 0002:0002C77C       frmDataComm
 0002:0003AB70       frmEphem
 0002:0003AB7C       frmExitSeq
 0002:0003AB90       frmH2OVapor
 0002:00038254       frmHelp
 0002:00035EA4       frmHelp
 0002:00037D88       frmHelp
 0002:0003824C       frmHelp
 0002:0003B92C       frmHelp
 0002:0003CC64       frmHelp
 0002:00037F78       frmLG
 0002:0003B928       frmLGSelect
 0002:00038250       frmLGSetup
 0002:0003CC94       frmMain
 0002:0003B348       frmMPSample
 0002:00036140       frmNetLog
 0002:0003B1B8       frmRVSetup
 0002:0003CC98       frmStartup
 0002:0003AB9C       frmStatus
 0002:00037D84       frmWatchdog
 0001:0009B990       fs
 0001:000A89D0       fstr
 0002:00005CFE       fSuccess
 0002:000290E4       fumigation_enabled
 0002:000290F4       fumisave
 0002:00035E64       func
 0001:0006C6A4       funpack
 0001:000A4060       fvw
 0001:000CAA70       fvw
 0001:0008C1A4       fvw
 0002:0003C89C       gas
 0001:000C3B94       gasflow
 0002:00029164       gas_debug_set
 0002:00017414       gc10p
 0002:00017450       gc20p
 0002:000173D8       gc5p
 0002:00016AE0       gcambi
 0002:00029E74       gcband
 0002:00016AA4       gccntl
 0002:000169A4       gcerr
 0002:0001692C       gcgrab
 0002:00016A94       gcgrab_underflow
 0001:000A8A60       gcgrid
 0002:000171F8       gcint
 0001:0006C3BC       gclear
 0002:00017324       gcset
 0001:000229B4       GDICheck
 0001:0002290C       GDIError
 0002:0002905F       genlop
 0002:00005CFD       German
 0001:00006BD8       GetACP
 0001:000071E0       GetActiveWindow
 0001:00048BB4       GetAnimation
 0001:0003B7AC       GetAveCharSize
 0001:00064814       GetBitBtnGlyph
 0001:00006EB8       GetBitmapBits
 0001:000003FC       GetBlockDesc
 0001:00006EC0       GetBrushOrgEx
 0001:000071E8       GetCapture
 0001:00055CA0       GetCaptureControl
 0001:000071F0       GetCaretPos
 0001:0006D9F0       getchunk
 0001:00077030       getchunk
 0001:00015858       GetClass
 0001:000071F8       GetClassInfo
 0001:00007200       GetClassName
 0001:00007208       GetClientRect
 0001:00007210       GetClipboardData
 0001:00024350       GetClipboardFormats
 0001:00006EC8       GetClipBox
 0001:00000398       GetCmdShow
 0001:0004B784       GetColor
 0001:00020FE4       GetColorValues
 0001:000002D0       GetCommandLine
 0001:00000848       GetCommitted
 0001:000008D8       GetCommittedAt
 0001:00006BE8       GetCommState
 0001:00006BF0       GetCommTimeouts
 0001:0001D04C       GetComponentValue
 0001:000687D8       GetConsoleHwnd
 0001:00006BF8       GetConsoleMode
 0001:00006C00       GetConsoleOutputCP
 0001:00006C08       GetConsoleScreenBufferInfo
 0001:00006C10       GetConsoleTitle
 0001:000D01EC       GetConsoleWindow
 0001:0005CA34       GetControlAtPos
 0001:0000AF24       GetCount
 0001:00006BE0       GetCPInfo
 0001:00006ED0       GetCurrentPositionEx
 0001:00006C18       GetCurrentProcessId
 0001:00006C20       GetCurrentThreadId
 0001:00000390       GetCurrentThreadId
 0001:000075D8       GetCurrentTime
 0001:00007218       GetCursor
 0001:0004ADD8       GetCursorHeightMargin
 0001:00007220       GetCursorPos
 0001:0003B550       GetCustomColorsArray
 0001:0000AF50       GetDate
 0001:00006C28       GetDateFormat
 0001:00007228       GetDC
 0001:00007230       GetDCEx
 0001:00006ED8       GetDCOrgEx
 0001:0002815C       GetDefFontCharSet
 0001:00016DE0       GetDesigner
 0001:00007238       GetDesktopWindow
 0001:00006EF0       GetDeviceCaps
 0001:00023914       GetDIB
 0001:00006EE0       GetDIBColorTable
 0001:00006EE8       GetDIBits
 0001:0002385C       GetDIBSizes
 0001:00022B24       GetDInColors
 0001:00006C30       GetDiskFreeSpaceA
 0002:0000036C       GetDiskFreeSpaceEx
 0001:00063104       GetDockAlign
 0001:0005664C       GetDockSiteAtPos
 0001:00056960       GetDropCtl
 0001:0000370C       GetDynaMethod
 0001:00006EF8       GetEnhMetaFileBits
 0001:00006F00       GetEnhMetaFileHeader
 0001:00006F08       GetEnhMetaFilePaletteEntries
 0001:00012880       GetEnumName
 0001:00012974       GetEnumNameValue
 0001:000129C0       GetEnumValue
 0001:0000BD0C       GetEraNamesAndYearOffsets
 0001:0000C628       GetExceptionClass
 0001:0000C80C       GetExceptionObject
 0001:0006DB14       getfield
 0001:000157E0       GetFieldClassTable
 0001:00024330       GetFileFormats
 0001:00000258       GetFileSize
 0001:00000250       GetFileType
 0001:00013048       GetFloatProp
 0001:00007240       GetFocus
 0001:00021230       GetFontData
 0001:00007248       GetForegroundWindow
 0001:0000D18C       GetFormatSettings
 0001:00020794       GetHashCode
 0001:000461D4       GetHelpInfo
 0001:000290B8       GetHelpSystem
 0001:00048998       GetHint
 0001:000489D0       GetHintControl
 0001:00053174       GetHotkey
 0001:00007250       GetIconInfo
 0001:00013464       GetInt64Prop
 0001:000134C8       GetInterfaceProp
 0001:00007268       GetKeyboardLayout
 0001:00007270       GetKeyboardLayoutList
 0001:00007278       GetKeyboardState
 0001:00003370       GetKeyboardType
 0001:00007258       GetKeyNameText
 0001:00007260       GetKeyState
 0001:00007280       GetLastActivePopup
 0001:000613CC       GetLastChildZone
 0001:000002D8       GetLastError
 0001:00006C38       GetLastError
 0001:0008C0C0       GetLastError
 0001:0000BAD0       GetLocaleChar
 0001:00006C48       GetLocaleInfo
 0001:000002E8       GetLocaleInfo
 0001:0000BA84       GetLocaleStr
 0001:00006C40       GetLocalTime
 0001:00055C5C       GetLongHint
 0001:00012CF0       GetLongStrProp
 0001:000698FC       GetMaxX
 0001:00069904       GetMaxY
 0001:00007288       GetMenu
 0001:0004615C       GetMenuHelpContext
 0001:00007290       GetMenuItemCount
 0001:00007298       GetMenuItemID
 0001:000072A0       GetMenuItemInfo
 0001:000502C0       GetMenuSize
 0001:000072A8       GetMenuState
 0001:000072B0       GetMenuString
 0001:000133EC       GetMethodProp
 0001:000002F0       GetModuleFileName
 0001:00006C50       GetModuleFileName
 0001:000002F8       GetModuleHandle
 0001:00006918       GetModuleHandle
 0001:00006C58       GetModuleHandle
 0002:0000573C       GetMonitorInfo
 0002:00005740       GetMonitorInfoA
 0002:00005744       GetMonitorInfoW
 0001:0000BB34       GetMonthDayNames
 0001:000072B8       GetNextWindow
 0001:00006C60       GetNumberOfConsoleInputEvents
 0001:00006F10       GetObject
 0001:00012B18       GetOrdProp
 0001:00006F18       GetPaletteEntries
 0001:000019B4       GetParamStr
 0001:000072C0       GetParent
 0001:00041624       GetParentForm
 0001:00006F20       GetPixel
 0001:0008EDD0       GetPortVal
 0001:00000300       GetProcAddress
 0001:00006C68       GetProcAddress
 0001:000072C8       GetProp
 0001:00012A24       GetPropInfo
 0001:00012A94       GetPropInfos
 0001:00041AE4       GetRealScrollPosition
 0001:0004B764       GetRGBColor
 0001:000072D0       GetScrollInfo
 0001:000072D8       GetScrollPos
 0001:000072E0       GetScrollRange
 0001:00055C18       GetShortHint
 0001:00012BE8       GetShortStrProp
 0001:00012C80       GetShortStrPropAsLongStr
 0001:00088650       GetSN
 0001:0006E6FC       getsockopt
 0001:000005A0       GetSpace
 0001:00000604       GetSpaceAt
 0001:0004DE8C       GetSpecialName
 0001:00000308       GetStartupInfo
 0001:00006C70       GetStdHandle
 0001:00000260       GetStdHandle
 0001:00006F28       GetStockObject
 0001:00006C78       GetStringTypeEx
 0001:00012E20       GetStrProp
 0001:000072E8       GetSubMenu
 0001:000072F0       GetSysColor
 0001:00006C80       GetSystemInfo
 0001:000072F8       GetSystemMenu
 0002:0000572C       GetSystemMetrics
 0001:00007300       GetSystemMetrics
 0001:00006F30       GetSystemPaletteEntries
 0001:00006F40       GetTextExtentPoint
 0001:00006F38       GetTextExtentPoint32
 0001:00006F48       GetTextMetrics
 0001:00006C88       GetThreadLocale
 0001:00000310       GetThreadLocale
 0001:00006C90       GetTickCount
 0001:0000AF88       GetTime
 0001:00085D7C       GetTimeZoneBias
 0001:00006C98       GetTimeZoneInformation
 0001:00006944       GetTlsSize
 0001:00049158       GetTopMostWindows
 0001:00055DA8       GetTopParent
 0001:00007308       GetTopWindow
 0001:00012874       GetTypeData
 0001:00006CA0       GetUserDefaultLangID
 0001:000114DC       GetVarArray
 0001:00011390       GetVarDataArrayInfo
 0001:000052B0       GetVariantManager
 0001:0001336C       GetVariantProp
 0001:00006CA8       GetVersion
 0001:00006CB0       GetVersionEx
 0001:00012E8C       GetWideStrProp
 0001:00012D70       GetWideStrPropAsLongStr
 0001:00007310       GetWindow
 0001:00007318       GetWindowDC
 0001:00007320       GetWindowLong
 0001:00006F58       GetWindowOrgEx
 0001:00007328       GetWindowPlacement
 0001:00007330       GetWindowRect
 0001:00007338       GetWindowText
 0001:00007340       GetWindowThreadProcessId
 0001:00007348       GetWindowThreadProcessId
 0001:00006F50       GetWinMetaFileBits
 0001:0006990C       GetX
 0001:0008809C       GetXmlFormatSettings
 0001:00069920       GetY
 0001:000B7A24       get_addr
 0001:00006CB8       GlobalAddAtom
 0001:00006CC0       GlobalAlloc
 0001:000075E4       GlobalAllocPtr
 0001:00006CC8       GlobalDeleteAtom
 0001:00006CD0       GlobalFindAtom
 0002:00005A30       GlobalFixupList
 0001:000195CC       GlobalFixupReferences
 0001:00006CD8       GlobalFree
 0001:00007610       GlobalFreePtr
 0001:00006CE8       GlobalHandle
 0001:00006CE0       GlobalLock
 0001:00006CF0       GlobalMemoryStatus
 0002:00005A18       GlobalNameSpace
 0001:00006CF8       GlobalReAlloc
 0001:000075F4       GlobalReAllocPtr
 0001:0006B9E0       Globals
 0001:00006D00       GlobalUnlock
 0002:000010FC       GlyphCache
 0002:00005958       GOldVariantManager
 0001:00068A6C       GotoXY
 0001:0006C554       gra
 0001:0006A26C       graph32
 0002:00005D04       graph32_debug
 0002:00005D14       graph32_sizes_var
 0002:00005E44       graph32_x_max
 0002:00005E48       graph32_y_max
 0001:000A8C5C       graphaxis
 0001:00028620       Graphics
 0001:000AF954       graphics
 0001:000A96E8       graphlines_logg
 0001:000AB430       graphlines_snap
 0001:000AA844       graphlines_varr
 0001:000A95E8       graphsegment
 0002:0002B6A4       grdriver
 0002:0002B6BC       grmaxx
 0002:0002B6C0       grmaxy
 0002:0002B6A8       grmode
 0001:000159D4       GroupDescendentsWith
 0002:000058AC       GVariantManager
 0001:0009AC98       H2OVapor
 0001:0009A52C       h2o_saturation
 0001:0001A864       HandleException
 0001:0002FD54       HasPopup
 0001:00032FA8       HasSelectedText
 0002:00005E08       hBit
 0002:00005CB8       hConsoleError
 0002:00005CBC       hConsoleHandle
 0002:00005CB0       hConsoleInput
 0002:00005CB4       hConsoleOutput
 0002:00002AF4       hd
 0002:00005D0C       hDCGraph
 0002:00005DBC       hDefaultBrush
 0002:00005DC4       hDefaultPen
 0001:0008C858       header
 0002:00000014       HeapAllocFlags
 0002:000055C0       heapErrorCode
 0002:000055C4       heapLock
 0001:0008EDB8       Heart
 0001:000916A0       HeartBeat
 0001:000B4BE8       HeartBeat
 0001:0009C8FC       HeartBeat
[...]
   356 0001:000CEF05   357 0001:000CEF1B   358 0001:000CEF42   359 0001:000CEF67
   360 0001:000CEF96   361 0001:000CEFD8   362 0001:000CEFFB   363 0001:000CF00A
   364 0001:000CF02C   365 0001:000CF05C   366 0001:000CF0A2   368 0001:000CF0CA
   369 0001:000CF0CF   370 0001:000CF11E   371 0001:000CF16B   372 0001:000CF184
   373 0001:000CF1CC   374 0001:000CF1EE   375 0001:000CF213   376 0001:000CF234
   377 0001:000CF263   380 0001:000CF2A5   381 0001:000CF2D2   382 0001:000CF2EA
   384 0001:000CF2FA   386 0001:000CF30F   388 0001:000CF313   391 0001:000CF31D
   392 0001:000CF359   393 0001:000CF363   394 0001:000CF391   395 0001:000CF3C1
   396 0001:000CF3E5   397 0001:000CF41F   398 0001:000CF437   399 0001:000CF44D
   400 0001:000CF474   401 0001:000CF499   402 0001:000CF4C8   403 0001:000CF510
   404 0001:000CF539   405 0001:000CF54B   406 0001:000CF56D   407 0001:000CF59D
   408 0001:000CF5E3   410 0001:000CF60E   411 0001:000CF613   412 0001:000CF667
   413 0001:000CF6AF   414 0001:000CF6CA   415 0001:000CF716   416 0001:000CF743
   417 0001:000CF773   418 0001:000CF797   419 0001:000CF7D1   422 0001:000CF824
   423 0001:000CF869   425 0001:000CF87C   429 0001:000CF893   432 0001:000CF89D
   433 0001:000CF8A4   435 0001:000CF90B   440 0001:000CFA20   441 0001:000CFA2B
   446 0001:000CFA2C   448 0001:000CFA4B   449 0001:000CFA56   450 0001:000CFA64
   451 0001:000CFA75   452 0001:000CFA8A   453 0001:000CFAC0   455 0001:000CFAC7
   450 0001:000CFAC8   456 0001:000CFACB   459 0001:000CFAD5   460 0001:000CFAE0
   461 0001:000CFAE7   464 0001:000CFB10   469 0001:000CFB4C   470 0001:000CFB57
   480 0001:000CFB58   483 0001:000CFB84   473 0001:000CFB88   478 0001:000CFB8F

Line numbers for Main(Main.pas) segment .text

   199 0001:000D01EC   205 0001:000D01F4   206 0001:000D01FD   207 0001:000D0210
   208 0001:000D0224   209 0001:000D0238   210 0001:000D024C   211 0001:000D025E
   215 0001:000D0264   219 0001:000D0268   220 0001:000D026D   223 0001:000D0270
   226 0001:000D0274   227 0001:000D027B   228 0001:000D0287   229 0001:000D0293
   230 0001:000D029F   233 0001:000D02AB   234 0001:000D02B1   235 0001:000D02BA
   236 0001:000D02C6   237 0001:000D02D2   238 0001:000D02DE   242 0001:000D02EB
   243 0001:000D0307   244 0001:000D0323   246 0001:000D033F   247 0001:000D0358
   248 0001:000D0374   249 0001:000D0390   251 0001:000D03AC   252 0001:000D03C5
   254 0001:000D03E1   255 0001:000D03FA   256 0001:000D0416   258 0001:000D0432
   259 0001:000D044B   260 0001:000D0467   262 0001:000D0483   263 0001:000D049C
   264 0001:000D04B8   266 0001:000D04D4   267 0001:000D04F0   268 0001:000D050F
   270 0001:000D052E   273 0001:000D0534   274 0001:000D0537   276 0001:000D053E
   279 0001:000D054F   280 0001:000D0579   283 0001:000D0586   284 0001:000D058F
   285 0001:000D0598   286 0001:000D05AC   287 0001:000D05B6   288 0001:000D05CC
   289 0001:000D05E0   296 0001:000D05E4   303 0001:000D05E8   304 0001:000D0609
   306 0001:000D0616   307 0001:000D0642   309 0001:000D0665   310 0001:000D0687
   311 0001:000D06A9   314 0001:000D06D3   315 0001:000D06E6   316 0001:000D070F
   317 0001:000D0735   318 0001:000D0748   319 0001:000D0794   320 0001:000D07A7
   321 0001:000D07F0   322 0001:000D0803   323 0001:000D084C   326 0001:000D086E
   328 0001:000D0877   329 0001:000D08BB   330 0001:000D08FF   331 0001:000D0943
   332 0001:000D0987   333 0001:000D09CB   337 0001:000D0A0F   340 0001:000D0A57
   346 0001:000D0A80   347 0001:000D0A83   348 0001:000D0A94   353 0001:000D0A98
   354 0001:000D0AA1   355 0001:000D0AAA   356 0001:000D0AB4   377 0001:000D0AB8
   378 0001:000D0AE6   380 0001:000D0AF9   381 0001:000D0B08   383 0001:000D0B17
   384 0001:000D0B48   385 0001:000D0B56   386 0001:000D0B69   387 0001:000D0B94
   395 0001:000D0BF2   398 0001:000D0C01   399 0001:000D0C24   400 0001:000D0C2E
   401 0001:000D0C45   404 0001:000D0C4F   405 0001:000D0C5E   406 0001:000D0CCB
   407 0001:000D0D0F   409 0001:000D0D1F   410 0001:000D0D2E   411 0001:000D0D8F
   412 0001:000D0DC4   413 0001:000D0E0D   414 0001:000D0E56   415 0001:000D0E9F
   416 0001:000D0EE8   417 0001:000D0F4F   419 0001:000D0F7E   420 0001:000D0F8D
   421 0001:000D0FB5   422 0001:000D0FE7   423 0001:000D0FF1   424 0001:000D0FFB
   430 0001:000D106C   431 0001:000D107B   432 0001:000D1090   433 0001:000D1095
   434 0001:000D10A7   435 0001:000D10DA   436 0001:000D1125   432 0001:000D1126
   437 0001:000D112F   438 0001:000D113E   439 0001:000D115F   440 0001:000D1182
   441 0001:000D1193   442 0001:000D1196   443 0001:000D11EA   444 0001:000D11EE
   445 0001:000D120B   446 0001:000D122D   440 0001:000D1232   447 0001:000D123B
   449 0001:000D124B   450 0001:000D125A   451 0001:000D128D   453 0001:000D12BF
   454 0001:000D12CE   455 0001:000D12FF   456 0001:000D1322   457 0001:000D1353
   459 0001:000D1363   460 0001:000D1372   461 0001:000D13A5   462 0001:000D13D6
   464 0001:000D13E6   465 0001:000D13F5   466 0001:000D1428   467 0001:000D1459
   469 0001:000D1469   470 0001:000D1478   471 0001:000D14B9   472 0001:000D14DC
   473 0001:000D14F0   474 0001:000D1512   475 0001:000D1523   476 0001:000D1537
   477 0001:000D153C   478 0001:000D157C   479 0001:000D1593   476 0001:000D1594
   480 0001:000D1598   482 0001:000D15FD   474 0001:000D15FE   484 0001:000D1607
   485 0001:000D1616   486 0001:000D1626   487 0001:000D166B   488 0001:000D16B5
   489 0001:000D16FD   491 0001:000D170D   492 0001:000D171C   494 0001:000D1731
   495 0001:000D1740   497 0001:000D1755   498 0001:000D1764   500 0001:000D1779
   501 0001:000D1788   503 0001:000D179D   504 0001:000D17B9   505 0001:000D17C3
   506 0001:000D17C7   510 0001:000D17D6   511 0001:000D17E5   513 0001:000D17FA
   514 0001:000D1816   515 0001:000D1820   516 0001:000D1824   521 0001:000D1833
   522 0001:000D1838   523 0001:000D1844   524 0001:000D1853   525 0001:000D186E
   526 0001:000D1894   527 0001:000D18A5   528 0001:000D18B6   529 0001:000D18BA
   533 0001:000D18F4   521 0001:000D18F5   536 0001:000D18FE   537 0001:000D1903
   538 0001:000D190F   539 0001:000D191E   540 0001:000D1939   541 0001:000D195F
   542 0001:000D1970   543 0001:000D1981   544 0001:000D1985   548 0001:000D19BF
   536 0001:000D19C0   551 0001:000D19C9   552 0001:000D19D8   553 0001:000D19EA
   554 0001:000D19F2   555 0001:000D1A21   556 0001:000D1A31   559 0001:000D1A43
   560 0001:000D1A52   561 0001:000D1A57   563 0001:000D1A67   564 0001:000D1A71
   565 0001:000D1A7D   566 0001:000D1AA0   567 0001:000D1AC3   568 0001:000D1AE6
   569 0001:000D1AEE   570 0001:000D1AFC   572 0001:000D1B33   573 0001:000D1B3D
   574 0001:000D1B4D   564 0001:000D1B5F   578 0001:000D1B6B   579 0001:000D1B82
   580 0001:000D1BEB   581 0001:000D1C0D   582 0001:000D1C2E   583 0001:000D1C6E
   584 0001:000D1CCC   585 0001:000D1CDC   586 0001:000D1CF3   587 0001:000D1D08
   588 0001:000D1D20   589 0001:000D1D38   590 0001:000D1D53   591 0001:000D1D6E
   592 0001:000D1D89   593 0001:000D1DA4   594 0001:000D1DBF   595 0001:000D1DDA
   596 0001:000D1DF5   597 0001:000D1E10   598 0001:000D1E2B   599 0001:000D1E46
   600 0001:000D1E61   601 0001:000D1E7C   602 0001:000D1E97   603 0001:000D1EB2
   604 0001:000D1ECD   605 0001:000D1EE8   606 0001:000D1F03   607 0001:000D1F1E
   608 0001:000D1F39   609 0001:000D1F54   610 0001:000D1F6F   611 0001:000D1F8A
   612 0001:000D1FA5   613 0001:000D1FC0   614 0001:000D1FDB   615 0001:000D1FF6
   617 0001:000D2011   618 0001:000D204E   619 0001:000D20A1   620 0001:000D20B1
   621 0001:000D20BC   622 0001:000D20E9   623 0001:000D2116   620 0001:000D2119
   624 0001:000D211C   625 0001:000D2135   626 0001:000D2145   627 0001:000D2155
   578 0001:000D2156   628 0001:000D215F   629 0001:000D216F   633 0001:000D217E
   634 0001:000D2191   635 0001:000D2196   636 0001:000D21A6   637 0001:000D21DF
   638 0001:000D220F   639 0001:000D223B   640 0001:000D224B   641 0001:000D2284
   642 0001:000D22B4   643 0001:000D22E0   644 0001:000D2320   645 0001:000D2372
   646 0001:000D23C4   647 0001:000D2416   648 0001:000D2468   649 0001:000D24AA
   650 0001:000D24EC   651 0001:000D252E   652 0001:000D254F   653 0001:000D2570
   654 0001:000D2591   655 0001:000D25B2   656 0001:000D25D3   657 0001:000D25F4
   658 0001:000D2677   659 0001:000D2690   660 0001:000D26A9   661 0001:000D26C2
   662 0001:000D26CC   663 0001:000D26E5   664 0001:000D26EA   665 0001:000D26F6
   666 0001:000D2706   668 0001:000D270E   669 0001:000D271D   670 0001:000D2736
   671 0001:000D273B   672 0001:000D274A   673 0001:000D2750   674 0001:000D275A
   675 0001:000D2761   677 0001:000D2767   678 0001:000D2789   680 0001:000D278B
   681 0001:000D279C   682 0001:000D27A1   683 0001:000D27B5   684 0001:000D27C9
   685 0001:000D27DD   686 0001:000D27E6   687 0001:000D27ED   688 0001:000D2808
   689 0001:000D2831   690 0001:000D2849   691 0001:000D2857   693 0001:000D285F
   694 0001:000D2861   695 0001:000D2878   696 0001:000D287A   697 0001:000D288E
   698 0001:000D2897   701 0001:000D28A2   702 0001:000D28AA   703 0001:000D28C3
   704 0001:000D28C8   705 0001:000D2900   706 0001:000D2919   707 0001:000D2920
   708 0001:000D2928   709 0001:000D2930   710 0001:000D293B   711 0001:000D2946
   712 0001:000D2951   713 0001:000D295C   714 0001:000D2967   715 0001:000D2972
   716 0001:000D297D   717 0001:000D2988   718 0001:000D2993   719 0001:000D299E
   720 0001:000D29A9   721 0001:000D29B4   723 0001:000D29BF   724 0001:000D29CA
   725 0001:000D29D5   726 0001:000D29E0   727 0001:000D29EB   728 0001:000D29F6
   731 0001:000D2A01   732 0001:000D2A31   733 0001:000D2A9C   734 0001:000D2AB5
   735 0001:000D2AF9   736 0001:000D2B12   737 0001:000D2B2B   738 0001:000D2B30
   740 0001:000D2B48   741 0001:000D2B56   742 0001:000D2C03   752 0001:000D35A8
   753 0001:000D35AF   762 0001:000D35C5   763 0001:000D35CF   773 0001:000D36EC
   775 0001:000D36F7   776 0001:000D36FC   777 0001:000D3715   778 0001:000D372E
   779 0001:000D3747   780 0001:000D3760   781 0001:000D3779   782 0001:000D3788
   783 0001:000D378D   784 0001:000D3793   785 0001:000D37AD   786 0001:000D37BB
   787 0001:000D37C4   789 0001:000D37D0   790 0001:000D37D8   794 0001:000D3860
   795 0001:000D3866   796 0001:000D386B   797 0001:000D38C4   798 0001:000D38DD
   799 0001:000D38F6   800 0001:000D390F   801 0001:000D3928   802 0001:000D3941
   804 0001:000D3A14   807 0001:000D3A2A   808 0001:000D3A33   809 0001:000D3A38
   811 0001:000D3A41   814 0001:000D3A4E   815 0001:000D3A68   816 0001:000D3A73
   817 0001:000D3A7D   818 0001:000D3A89   819 0001:000D3A95   820 0001:000D3A9A
   821 0001:000D3A9D   822 0001:000D3AB5   826 0001:000D3ABD   827 0001:000D3AC2
   828 0001:000D3AC7   829 0001:000D3AD2   830 0001:000D3AE1   831 0001:000D3AF0
   832 0001:000D3AFF   833 0001:000D3B16   835 0001:000D3B1A   836 0001:000D3B22
   838 0001:000D3B35   839 0001:000D3B42   846 0001:000D3BA0   847 0001:000D3BB8
   848 0001:000D3BBC   850 0001:000D3BD2   852 0001:000D3BE0   853 0001:000D3BFF
   854 0001:000D3C43   852 0001:000D3C44   856 0001:000D3C69   860 0001:000D3CD8
   861 0001:000D3CDE   862 0001:000D3CEB   863 0001:000D3CFD   864 0001:000D3D02
   865 0001:000D3D1D   866 0001:000D3D2A   867 0001:000D3D37   868 0001:000D3D44
   869 0001:000D3D51   870 0001:000D3D5E   871 0001:000D3D6B   872 0001:000D3D78
   873 0001:000D3D85   874 0001:000D3D92   875 0001:000D3D9F   876 0001:000D3DAC
   877 0001:000D3DB9   878 0001:000D3DC6   888 0001:000D3DCC   892 0001:000D3DF8
   881 0001:000D3DFC   886 0001:000D3E03

Line numbers for Services(Services.pas) segment .text

    38 0001:000D3E58    39 0001:000D3E5B    40 0001:000D3E6A    41 0001:000D3E6F
    44 0001:000D3E74    46 0001:000D3E77    58 0001:000D3E7C    62 0001:000D3EA8
    49 0001:000D3EAC    52 0001:000D3EB5    53 0001:000D3EC1    56 0001:000D3ED9

Line numbers for comin(comin.pas) segment .text

   197 0001:000D3EDC   198 0001:000D3F06   200 0001:000D3F61   202 0001:000D3F6F
   203 0001:000D4006   204 0001:000D404D   207 0001:000D4089   209 0001:000D4120
   210 0001:000D4166   214 0001:000D425C   215 0001:000D4277   216 0001:000D4281
   219 0001:000D4316   224 0001:000D43A4   225 0001:000D43DA   226 0001:000D4406
   227 0001:000D440F   229 0001:000D4453   230 0001:000D4475   231 0001:000D447F
   232 0001:000D44A1   233 0001:000D44A9   236 0001:000D44BE   238 0001:000D450D
   239 0001:000D452F   240 0001:000D4538   242 0001:000D4572   243 0001:000D4589
   244 0001:000D4593   245 0001:000D45B5   246 0001:000D45BD   249 0001:000D45D2
   251 0001:000D4617   252 0001:000D4639   253 0001:000D4651   254 0001:000D4689
   255 0001:000D46B8   257 0001:000D4700   258 0001:000D4722   259 0001:000D473A
   260 0001:000D4772   262 0001:000D47C5   264 0001:000D47D3   266 0001:000D47EF
   267 0001:000D483B   268 0001:000D487D   271 0001:000D48B5   273 0001:000D48EE
   275 0001:000D4910   277 0001:000D492C   278 0001:000D4978   279 0001:000D49BA
   282 0001:000D49F2   283 0001:000D4A09   285 0001:000D4A2B   287 0001:000D4A4D
   289 0001:000D4A69   290 0001:000D4AB5   291 0001:000D4AFD   292 0001:000D4B15
   293 0001:000D4B45   294 0001:000D4B5D   295 0001:000D4B8D   296 0001:000D4BBD
   297 0001:000D4BED   298 0001:000D4C05   299 0001:000D4C1D   300 0001:000D4C35
   301 0001:000D4C7D   302 0001:000D4CAD   303 0001:000D4CD0   304 0001:000D4D00
   305 0001:000D4D30   306 0001:000D4D4B   307 0001:000D4D64   308 0001:000D4DA5
   309 0001:000D4DCE   310 0001:000D4DEB   311 0001:000D4E25   312 0001:000D4E41
   313 0001:000D4E5F   314 0001:000D4E91   315 0001:000D4EAA   318 0001:000D4ED0
   322 0001:000D4EFF   323 0001:000D4F15   322 0001:000D4F49   325 0001:000D4F4E
   326 0001:000D4F73   327 0001:000D4FC8   330 0001:000D4FF5   331 0001:000D50CA
   332 0001:000D50F8   333 0001:000D5126   334 0001:000D51EF   335 0001:000D521D
   338 0001:000D524B   339 0001:000D5261   341 0001:000D52B2   344 0001:000D52EC
   344 0001:000D52F3

Line numbers for fcp(FCP.dpr) segment .text

   781 0001:000D52F4   782 0001:000D5330   783 0001:000D5341   784 0001:000D5352
   786 0001:000D535A   787 0001:000D536F   790 0001:000D537B   791 0001:000D53C5
   794 0001:000D53CF   797 0001:000D5459   798 0001:000D567C   799 0001:000D56D1
   800 0001:000D56E2   801 0001:000D56F3   802 0001:000D56FB   803 0001:000D5703
   804 0001:000D570B   805 0001:000D573F   806 0001:000D5776   807 0001:000D57AD
   808 0001:000D5823   809 0001:000D5839   810 0001:000D585A   811 0001:000D587B
   812 0001:000D589C   813 0001:000D58A8   814 0001:000D58B8   815 0001:000D58EE
   824 0001:000D5978   825 0001:000D59BD   826 0001:000D59C9   828 0001:000D59D5
   829 0001:000D59F9   831 0001:000D5A28   832 0001:000D5A58   833 0001:000D5A87
   834 0001:000D5A97   833 0001:000D5ACF   835 0001:000D5AD2   837 0001:000D5B01
   839 0001:000D5B0E   840 0001:000D5B44   841 0001:000D5B54   842 0001:000D5B8E
   844 0001:000D5BC8   845 0001:000D5BD0   846 0001:000D5BD4   847 0001:000D5BF6
   848 0001:000D5C0B   849 0001:000D5C15   850 0001:000D5C24   856 0001:000D5CA5
   857 0001:000D5CAF   859 0001:000D5CBC   860 0001:000D5CFA   863 0001:000D6340
   864 0001:000D636A   865 0001:000D6376   868 0001:000D638E   869 0001:000D6398
   870 0001:000D63B4   871 0001:000D63CA   872 0001:000D63D8   873 0001:000D63EB
   875 0001:000D63F7   877 0001:000D641E   879 0001:000D642D   882 0001:000D6432
   884 0001:000D645A   885 0001:000D6464   887 0001:000D6470   889 0001:000D647A
   890 0001:000D648B   891 0001:000D6493   892 0001:000D64C2   893 0001:000D64D5
   894 0001:000D6501   892 0001:000D6502   895 0001:000D6507   896 0001:000D6518
   897 0001:000D6527   898 0001:000D6538   899 0001:000D6558   901 0001:000D657C
   902 0001:000D6599   903 0001:000D65E4   901 0001:000D65E5   905 0001:000D65EA
   907 0001:000D65FE   908 0001:000D6615   909 0001:000D6649   910 0001:000D66D5
   911 0001:000D6728   912 0001:000D6795   913 0001:000D67F3   914 0001:000D6853
   915 0001:000D68A7   916 0001:000D6907   917 0001:000D695B   918 0001:000D69BB
   919 0001:000D6A0F   920 0001:000D6A6F   922 0001:000D6AC3   923 0001:000D6B2C
   924 0001:000D6B95   925 0001:000D6BFE   926 0001:000D6C67   927 0001:000D6CA1
   907 0001:000D6CA2   929 0001:000D6CAB   931 0001:000D6CB0   932 0001:000D6CC7
   933 0001:000D6CFD   934 0001:000D6D89   935 0001:000D6DDC   936 0001:000D6DE3
   937 0001:000D6E5B   938 0001:000D6EB7   939 0001:000D6F25   940 0001:000D6F81
   941 0001:000D6FEF   942 0001:000D704B   943 0001:000D70B9   944 0001:000D7115
   945 0001:000D7183   946 0001:000D71DF   931 0001:000D71E0   948 0001:000D71E9
   949 0001:000D7200   950 0001:000D7219   951 0001:000D7265   952 0001:000D7291
   953 0001:000D72DC   954 0001:000D7327   955 0001:000D7372   956 0001:000D7384
   957 0001:000D739F   958 0001:000D73BA   955 0001:000D73BC   959 0001:000D73BF
   948 0001:000D73C0   961 0001:000D73C9   962 0001:000D73CE   964 0001:000D73FB
   965 0001:000D741D   968 0001:000D743F   969 0001:000D7456   970 0001:000D7471
   971 0001:000D74A0   972 0001:000D74CF   973 0001:000D74FE   974 0001:000D752D
   975 0001:000D755C   976 0001:000D758B   977 0001:000D75BA   978 0001:000D75E9
   979 0001:000D7618   980 0001:000D7647   981 0001:000D7676   968 0001:000D7677
   984 0001:000D7680   985 0001:000D768B   986 0001:000D7697   990 0001:000D76A3
   991 0001:000D76AE   992 0001:000D76BA   993 0001:000D76C6   994 0001:000D76D2
   997 0001:000D76DE   998 0001:000D770C   999 0001:000D7724  1000 0001:000D773E
  1001 0001:000D7758  1002 0001:000D7770  1003 0001:000D7788  1004 0001:000D77A0
  1005 0001:000D77B8  1006 0001:000D77D1  1007 0001:000D77ED  1008 0001:000D7843
  1009 0001:000D7886  1010 0001:000D78E1  1011 0001:000D78FA  1012 0001:000D791A
  1013 0001:000D791D  1014 0001:000D7921  1015 0001:000D7925  1016 0001:000D792A
  1017 0001:000D792F  1018 0001:000D7934  1019 0001:000D793B  1020 0001:000D7942
  1021 0001:000D7949  1023 0001:000D7950  1024 0001:000D7970  1025 0001:000D7977
  1026 0001:000D797B  1027 0001:000D797F  1028 0001:000D7993  1029 0001:000D79A7
  1031 0001:000D79B4  1032 0001:000D79D4  1033 0001:000D79D7  1034 0001:000D79DB
  1035 0001:000D79E0  1037 0001:000D79E7  1038 0001:000D7A07  1039 0001:000D7A0C
  1040 0001:000D7A33  1042 0001:000D7A37  1043 0001:000D7A4F  1044 0001:000D7A67
  1045 0001:000D7A91  1046 0001:000D7A95  1047 0001:000D7A9A  1048 0001:000D7A9F
  1044 0001:000D7AA2  1049 0001:000D7AA5   997 0001:000D7AA6  1052 0001:000D7AAF
  1053 0001:000D7AC0  1056 0001:000D7AE0  1057 0001:000D7AF1  1061 0001:000D7B13
  1062 0001:000D7B24  1063 0001:000D7B29  1064 0001:000D7B3C  1067 0001:000D7B76
  1068 0001:000D7B87  1071 0001:000D7BAC  1072 0001:000D7BBD  1073 0001:000D7BC5
  1074 0001:000D7BD0  1075 0001:000D7BDB  1076 0001:000D7BE4  1077 0001:000D7BF6
  1078 0001:000D7C07  1079 0001:000D7C16  1080 0001:000D7C2D  1081 0001:000D7C76
  1082 0001:000D7CB8  1083 0001:000D7CC2  1091 0001:000D7D1C  1092 0001:000D7D7D
  1093 0001:000D7D8B  1094 0001:000D7DA3  1095 0001:000D7DAF  1096 0001:000D7DC1
  1097 0001:000D7DCD  1091 0001:000D7DCE  1098 0001:000D7DDA  1079 0001:000D7DDB
  1077 0001:000D7DE4  1101 0001:000D7DF5  1102 0001:000D7E00  1104 0001:000D7E0B
  1105 0001:000D7E1C  1106 0001:000D7E62  1107 0001:000D7E66  1108 0001:000D7E70
  1114 0001:000D7EA8  1115 0001:000D7EEA  1116 0001:000D7F2C  1117 0001:000D7F6E
  1118 0001:000D7FB0  1120 0001:000D7FF2  1121 0001:000D802F  1122 0001:000D803D
  1124 0001:000D8063  1129 0001:000D8079  1130 0001:000D80AD  1133 0001:000D80B9
  1134 0001:000D80C7  1136 0001:000D80D5  1138 0001:000D80DD  1139 0001:000D80EE
  1140 0001:000D80FC  1146 0001:000D8110  1147 0001:000D8115  1148 0001:000D8121
  1150 0001:000D816E

Bound resource files

CONTROLS.RES
BUTTONS.RES
EXTDLGS.RES
TEMPLATE.DFM
LblForm.dfm
DataComm.dfm
CalLi840.dfm
CalibMan.dfm
Watchdog.dfm
LineGraf.dfm
LGSetup.dfm
COMPARE.dfm
EPHEM.DFM
H2OVAPOR.DFM
Status.dfm
MPSample.dfm
LGSelect.dfm
Alarms.dfm
CalibAut.dfm
Main.dfm
C:\Users\amcmahon\AppData\Local\Temp\1\dtf50A6.tmp


Program entry point at 0001:000D6340
