
 Start         Length     Name                   Class
 0001:00000000 00007618H .text                   CODE
 0002:00000000 000003E8H .data                   DATA
 0002:000003E8 00000A49H .bss                    BSS


Detailed map of segments

 0001:00000000 000034AF C=CODE     S=.text    G=(none)   M=System   ACBP=A9
 0001:000034B0 00000140 C=CODE     S=.text    G=(none)   M=SysInit  ACBP=A9
 0001:000035F0 00000038 C=CODE     S=.text    G=(none)   M=Types    ACBP=A9
 0001:00003628 000000D0 C=CODE     S=.text    G=(none)   M=Windows  ACBP=A9
 0001:000036F8 000002B0 C=CODE     S=.text    G=(none)   M=SysConst ACBP=A9
 0001:000039A8 00003344 C=CODE     S=.text    G=(none)   M=SysUtils ACBP=A9
 0001:00006CEC 00000038 C=CODE     S=.text    G=(none)   M=Messages ACBP=A9
 0001:00006D24 00000058 C=CODE     S=.text    G=(none)   M=crt32    ACBP=A9
 0001:00006D7C 00000801 C=CODE     S=.text    G=(none)   M=tp5utils ACBP=A9
 0001:00007580 00000095 C=CODE     S=.text    G=(none)   M=PROGRAM  ACBP=A9
 0002:00000000 00000084 C=DATA     S=.data    G=DGROUP   M=System   ACBP=A9
 0002:00000084 00000018 C=DATA     S=.data    G=DGROUP   M=SysInit  ACBP=A9
 0002:0000009C 000001EC C=DATA     S=.data    G=DGROUP   M=SysUtils ACBP=A9
 0002:00001000 00000704 C=BSS      S=.bss     G=DGROUP   M=System   ACBP=A9
 0002:00001704 00000018 C=BSS      S=.bss     G=DGROUP   M=SysInit  ACBP=A9
 0002:0000171C 00000004 C=BSS      S=.bss     G=DGROUP   M=Types    ACBP=A9
 0002:00001720 00000004 C=BSS      S=.bss     G=DGROUP   M=Windows  ACBP=A9
 0002:00001724 00000004 C=BSS      S=.bss     G=DGROUP   M=SysConst ACBP=A9
 0002:00001728 00000120 C=BSS      S=.bss     G=DGROUP   M=SysUtils ACBP=A9
 0002:00001848 00000004 C=BSS      S=.bss     G=DGROUP   M=Messages ACBP=A9
 0002:0000184C 0000000C C=BSS      S=.bss     G=DGROUP   M=crt32    ACBP=A9
 0002:00001858 000001F0 C=BSS      S=.bss     G=DGROUP   M=tp5utils ACBP=A9


  Address         Publics by Name

 0002:00001724       .1
 0002:00001848       .1
 0002:0000171C       .1
 0002:00001714       .1
 0002:0000184C       .2
 0002:00001720       .3
 0002:00001A44       .4
 0002:000015B4       .5
 0002:00001838       .94
 0001:00001F04       @AfterConstruction
 0001:00001778       @AStrCmp
 0001:00001F14       @BeforeDestruction
 0001:00001D18       @BoundErr
 0001:00001EAC       @ClassCreate
 0001:00001EFC       @ClassDestroy
 0001:000016C8       @Close
 0001:00001648       @COS
 0001:00002CEC       @DispCallByIDError
 0001:000021F4       @DoneExcept
 0001:00002DB4       @DynArrayClear
 0001:000022DC       @ExceptionHandler
 0001:00002BA8       @FinalizeArray
 0001:00002B74       @FinalizeRecord
 0001:00001D0C       @FpuInit
 0001:00001C48       @FpuMaskInit
 0001:00001504       @FreeMem
 0001:000014E4       @GetMem
 0001:00003528       @GetTls
 0001:00002700       @Halt
 0001:00002628       @Halt0
 0001:00002014       @HandleAnyException
 0001:00002140       @HandleFinally
 0001:00003574       @InitExe
 0001:000024EC       @InitImports
 0001:000024C4       @InitResStringImports
 0001:00003378       @IntfClear
 0001:00001D20       @IntOver
 0001:00001E08       @IsClass
 0001:00001C18       @isNECWindows
 0001:0000273C       @LStrArrayClr
 0001:0000276C       @LStrAsg
 0001:000029C0       @LStrCat
 0001:00002A04       @LStrCatN
 0001:00002718       @LStrClr
 0001:00002A94       @LStrCopy
 0001:00002968       @LStrFromArray
 0001:000028E0       @LStrFromChar
 0001:000028F0       @LStrFromPChar
 0001:00002808       @LStrFromPCharLen
 0001:00002920       @LStrFromPWChar
 0001:00002854       @LStrFromPWCharLen
 0001:0000295C       @LStrFromString
 0001:00002980       @LStrFromWStr
 0001:000027B0       @LStrLAsg
 0001:000029B8       @LStrLen
 0001:00002AD4       @LStrSetLength
 0001:00002A88       @LStrToPChar
 0001:00002994       @LStrToString
 0001:000027DC       @NewAnsiString
 0001:00001930       @Pow10
 0001:00001750       @PStrCpy
 0001:00001720       @PStrNCat
 0001:0000175C       @PStrNCpy
 0001:000021A0       @RaiseAgain
 0001:00002178       @RaiseExcept
 0001:00001524       @ReallocMem
 0001:00001668       @ROUND
 0001:0000270C       @RunError
 0001:00001914       @SetEq
 0001:00001658       @SIN
 0001:00002484       @StartExe
 0001:00000108       @strlen
 0001:000017E8       @StrLong
 0001:00002224       @TryFinallyExit
 0001:00001848       @ValLong
 0001:00002CD4       @VarClear
 0001:00002CE4       @VarClr
 0001:00002CDC       @VarToLStr
 0001:00002B50       @WStrArrayClr
 0001:00002B38       @WStrClr
 0001:00002CF4       @_llmul
 0001:00002D18       @_lludiv
 0001:00002D64       @_llumod
 0001:00005BA0       AbstractErrorHandler
 0002:00001028       AbstractErrorProc
 0001:000001FC       AddBlockAfter
 0002:000015AC       AllocMemCount
 0002:000015B0       AllocMemSize
 0001:000034D0       AllocTlsBuffer
 0001:00007218       anglefill
 0001:00006150       AnsiStrRScan
 0001:00006178       AnsiStrScan
 0001:00005B84       AssertErrorHandler
 0002:00001020       AssertErrorProc
 0002:00001600       avail
 0001:00004478       BackfillGetDiskFreeSpaceEx
 0002:000015D8       blockDescBlockList
 0002:000015DC       blockDescFreeList
 0001:000060B8       ByteType
 0001:00006040       ByteTypeTest
 0001:00007384       calenfill
 0001:00002838       CharFromWChar
 0001:00006114       CharLength
 0001:000036A0       CharNext
 0001:00000088       CharNext
 0001:00001F90       CheckJmp
 0001:00007280       clockfill
 0002:0000103C       CmdLine
 0002:00001038       CmdShow
 0001:000004DC       Commit
 0002:0000161C       committedRoot
 0001:000055F4       ConvertAddr
 0001:0000439C       ConvertErrorFmt
 0001:00005AC8       CreateAssertException
 0001:00005C50       CreateAVObject
 0001:000059F4       CreateInOutError
 0001:00006D74       crt32
 0002:000000E0       cSimpleBoolStrs
 0002:00001614       curAlloc
 0002:00001730       CurrencyDecimals
 0002:0000172C       CurrencyFormat
 0002:00001728       CurrencyString
 0002:00001731       DateSeparator
 0001:00007158       dayofyear
 0002:000000FC       DCon10
 0001:00006D7C       dddmmss
 0002:00000010       DebugHook
 0002:0000172F       DecimalSeparator
 0001:00000570       Decommit
 0001:00000B8C       DecommitFree
 0002:000015F0       decommittedRoot
 0002:0000000C       Default8087CW
 0002:0000017C       DefLongDayNames
 0002:00000130       DefLongMonthNames
 0002:00000160       DefShortDayNames
 0002:00000100       DefShortMonthNames
 0001:00002DF0       DelayLoadResourceModule
 0001:0000022C       DeleteBlock
 0001:0000019C       DeleteCriticalSection
 0001:000009D4       DeleteFree
 0002:00000074       dig
 0002:00001000       DispCallByIDProc
 0001:00005F7C       DoneExceptions
 0001:000059C8       EHeapException.FreeInstance
 0002:0000009C       EmptyStr
 0002:000000A0       EmptyWideStr
 0001:0000018C       EnterCriticalSection
 0001:00003628       EnumCalendarInfoA
 0001:00005268       EnumEraNames
 0001:000052A4       EnumEraYearOffsets
 0002:000017F8       EraNames
 0002:00001814       EraYearOffsets
 0002:0000006C       errCaption
 0001:000015CC       Error
 0002:00000004       ErrorAddr
 0001:00001580       ErrorAt
 0001:00005A74       ErrorHandler
 0002:00000198       ErrorMap
 0002:00001008       ErrorProc
 0002:000013E0       ErrOutput
 0002:0000100C       ExceptClsProc
 0001:00005EE8       ExceptHandler
 0001:0000583C       Exception.Create
 0001:00005878       Exception.CreateFmt
 0001:000058F8       Exception.CreateRes
 0001:00005934       Exception.CreateResFmt
 0002:0000101C       ExceptionClass
 0001:00005600       ExceptionErrorMessage
 0002:000001D0       ExceptMap
 0002:00001010       ExceptObjProc
 0002:00001004       ExceptProc
 0002:00000000       ExitCode
 0001:0000256C       ExitDll
 0002:00001040       ExitProc
 0001:00000090       ExitProcess
 0002:00001024       ExitProcessProc
 0001:00004440       ExtractFileName
 0002:00001834       FalseBoolStrs
 0002:000000F0       FCon1E18
 0002:00000008       FileMode
 0001:00000ABC       FillAfterGap
 0001:00000A68       FillBeforeGap
 0001:00000B54       FillerSizeAfterGap
 0001:00000AE4       FillerSizeBeforeGap
 0001:000035F0       Finalization
 0001:000035B8       Finalization
 0001:00006AEC       Finalization
 0001:00006CEC       Finalization
 0001:00006D24       Finalization
 0001:000073D4       Finalization
 0001:00007580       Finalization
 0001:00003970       Finalization
 0001:000033E8       Finalization
 0001:000036C0       Finalization
 0001:000023C4       FinalizeUnits
 0001:00002E60       FindBS
 0001:000000A0       FindClose
 0001:00000A38       FindCommitted
 0001:000000A8       FindFirstFile
 0001:00002E38       FindResourceHInstance
 0002:00001844       FLanguages
 0001:00004E68       FloatToDecimal
 0001:00004B90       FloatToText
 0001:000016BC       Flush
 0001:00004A8C       FmtStr
 0001:00004A78       Format
 0001:00004624       FormatBuf
 0001:00004618       FormatClearStr
 0001:000045AC       FormatError
 0002:000000E8       FormatErrorStrs
 0001:00004604       FormatVarToStr
 0001:00001928       FPower10
 0001:0000680C       FreeAndNil
 0001:000007A4       FreeCommitted
 0001:00000CC4       FreeCurAlloc
 0001:000000B0       FreeLibrary
 0001:00000424       FreeSpace
 0001:00006790       FreeTerminateProcs
 0001:00003630       GetACP
 0001:000001A4       GetBlockDesc
 0001:00000140       GetCmdShow
 0001:000000B8       GetCommandLine
 0001:000005F0       GetCommitted
 0001:00000680       GetCommittedAt
 0001:00003638       GetCPInfo
 0001:00000138       GetCurrentThreadId
 0001:00003640       GetDiskFreeSpaceA
 0002:000000DC       GetDiskFreeSpaceEx
 0001:00001E2C       GetDynaMethod
 0001:0000531C       GetEraNamesAndYearOffsets
 0001:00005C38       GetExceptionClass
 0001:00005E1C       GetExceptionObject
 0001:00006418       GetFormatSettings
 0001:00001C10       GetKeyboardType
 0001:000050E0       GetLocaleChar
 0001:000000C0       GetLocaleInfo
 0001:00003648       GetLocaleInfo
 0001:00005094       GetLocaleStr
 0001:000000C8       GetModuleFileName
 0001:00003650       GetModuleFileName
 0001:00003658       GetModuleHandle
 0001:000034B0       GetModuleHandle
 0001:000000D0       GetModuleHandle
 0001:00005144       GetMonthDayNames
 0001:00003660       GetProcAddress
 0001:000000D8       GetProcAddress
 0001:00000348       GetSpace
 0001:000003AC       GetSpaceAt
 0001:000000E0       GetStartupInfo
 0001:00003668       GetStdHandle
 0001:00000060       GetStdHandle
 0001:00003670       GetStringTypeEx
 0001:000036A8       GetSystemMetrics
 0001:000000E8       GetThreadLocale
 0001:00003678       GetThreadLocale
 0001:000034DC       GetTlsSize
 0001:00003680       GetVersionEx
 0002:000015BC       heapErrorCode
 0002:000015C0       heapLock
 0002:00001858       helios_pressure
 0002:0000185C       helios_var
 0002:000000D8       HexDisplayPrefix
 0001:00006F7C       hhmmss
 0002:00001710       HInstance
 0002:00001854       iBeep
 0001:00000830       InitAllocator
 0002:0000162C       InitContext
 0001:000067B0       InitDriveSpacePtr
 0001:00005EF8       InitExceptions
 0001:00000184       InitializeCriticalSection
 0002:000015B8       initialized
 0001:00003568       InitializeModule
 0001:0000622C       InitLeadBytes
 0001:00005FE8       InitPlatformId
 0001:000062A4       InitSysLocale
 0001:000034E4       InitThreadTLS
 0001:00002424       InitUnits
 0001:00002CB4       InitVariantManager
 0002:00001048       Input
 0001:00000C3C       InsertFree
 0001:00001674       InternalFlush
 0001:00000A98       InternalFreeMem
 0002:00001840       InvalidPointer
 0001:000015E8       IOResult
 0002:00001044       IsConsole
 0002:00001034       IsLibrary
 0002:00001045       IsMultiThread
 0001:0000628C       IsWesternGroup
 0002:00000014       JITEnable
 0001:000043F0       LastDelimiter
 0001:000061B8       LCIDToCodePage
 0002:000000B8       LeadBytes
 0001:00000194       LeaveCriticalSection
 0002:0000001C       LibModuleList
 0002:000017F6       ListSeparator
 0001:000000F0       LoadLibraryEx
 0001:0000302C       LoadResourceModule
 0001:00003390       LoadResString
 0001:000036B0       LoadString
 0001:000000F8       LoadString
 0001:00000164       LocalAlloc
 0001:000034B8       LocalAlloc
 0001:0000016C       LocalFree
 0001:00005108       LocalGetLocaleStr
 0002:00001738       LongDateFormat
 0002:000017CC       LongDayNames
 0002:00001780       LongMonthNames
 0002:0000174C       LongTimeFormat
 0001:00000100       lstrcpyn
 0002:0000102C       MainInstance
 0002:00001030       MainThreadID
 0001:000001F4       MakeEmpty
 0001:00002510       MakeErrorMessage
 0001:00005BB8       MapException
 0001:0000223C       MapToRunError
 0002:00000024       MemoryManager
 0001:00000244       MergeBlockAfter
 0001:00000D10       MergeCommit
 0001:000036B8       MessageBox
 0001:00000098       MessageBox
 0001:00006D1C       Messages
 0002:00000084       Module
 0002:00001705       ModuleIsCpp
 0002:00001704       ModuleIsLib
 0002:00000020       ModuleUnloadList
 0001:00001608       Move
 0002:0000172D       NegCurrFormat
 0001:00000D9C       NewCommit
 0001:00000DC8       NewCommitAt
 0002:00000018       NoErrMsg
 0001:00001F7C       NotifyAnyExcept
 0001:00001F64       NotifyExcept
 0001:00001FB0       NotifyExceptFinally
 0001:0000329C       NotifyModuleUnload
 0001:00001F40       NotifyNonDelphiException
 0001:00001F24       NotifyReRaise
 0001:00001FD8       NotifyTerminate
 0001:00001FF4       NotifyUnhandled
 0002:00001850       OldCP
 0002:0000183C       OutOfMemory
 0002:00001214       Output
 0001:00007600       PROGRAM
 0001:00004B4C       PutExponent
 0001:00005B74       RaiseAssertException
 0001:00000068       RaiseException
 0002:00001014       RaiseExceptionProc
 0001:00000110       RegCloseKey
 0001:000032F8       RegisterModule
 0001:00000118       RegOpenKeyEx
 0001:00000120       RegQueryValueEx
 0002:00000030       reMap
 0002:00001610       remBytes
 0001:000002B8       RemoveBlock
 0001:00001250       ResizeInPlace
 0002:0000160C       rover
 0001:00000070       RtlUnwind
 0002:00001018       RTLUnwindProc
 0002:0000004C       runErrMsg
 0001:00001574       RunErrorAt
 0001:00000DFC       SearchSmallBlocks
 0001:00003688       SetConsoleOutputCP
 0001:0000237C       SetExceptionHandler
 0001:000015D8       SetInOutRes
 0002:00001734       ShortDateFormat
 0002:000017B0       ShortDayNames
 0002:00001750       ShortMonthNames
 0002:00001748       ShortTimeFormat
 0001:00005788       ShowException
 0002:00001618       smallTab
 0002:000015E0       spaceRoot
 0001:000060DC       StrByteType
 0001:000060F4       StrCharLength
 0001:00004514       StrLCopy
 0001:000044EC       StrLen
 0001:00004A38       StrLFmt
 0001:00004548       StrLIComp
 0001:00004504       StrMove
 0001:0000458C       StrScan
 0001:000043C0       StrToIntDef
 0001:000039A0       SysConst
 0001:000010AC       SysFreeMem
 0001:00000130       SysFreeString
 0001:00000F1C       SysGetMem
 0001:000035E8       SysInit
 0002:000017E8       SysLocale
 0001:00001420       SysReallocMem
 0001:0000343C       System
 0001:00006C6C       SysUtils
 0002:00000284       TerminateProcList
 0002:00001046       Test8086
 0002:0000172E       ThousandSeparator
 0002:00001740       TimeAMString
 0002:00001744       TimePMString
 0002:0000173C       TimeSeparator
 0002:00001718       tlsBuffer
 0001:000034C0       TlsGetValue
 0002:00001708       TlsIndex
 0002:FFBF7008       TlsLast
 0001:000034C8       TlsSetValue
 0001:00001E7C       TObject.AfterConstruction
 0001:00001E80       TObject.BeforeDestruction
 0001:00001D28       TObject.ClassName
 0001:00001DE8       TObject.CleanupInstance
 0001:00001E78       TObject.DefaultHandler
 0001:00001D74       TObject.Destroy
 0001:00001E84       TObject.Dispatch
 0001:00001D84       TObject.Free
 0001:00001D58       TObject.FreeInstance
 0001:00001E5C       TObject.InheritsFrom
 0001:00001D90       TObject.InitInstance
 0001:00001D6C       TObject.InstanceSize
 0001:00001D3C       TObject.NewInstance
 0001:00001E70       TObject.SafeCallException
 0001:00002E74       ToLongPath
 0001:00007404       tp5utils
 0001:000053CC       TranslateDateFormat
 0002:00001830       TrueBoolStrs
 0001:00000E28       TryHarder
 0001:00003620       Types
 0001:00000078       UnhandledExceptionFilter
 0001:000008F4       UninitAllocator
 0001:00003308       UnregisterModule
 0001:0000239C       UnsetExceptionHandler
 0002:00001658       VariantManager
 0001:00002C9C       VariantSystemDefaultVarClear
 0001:00002C94       VariantSystemUndefinedError
 0001:00000174       VirtualAlloc
 0001:0000017C       VirtualFree
 0001:00003690       VirtualQuery
 0002:00000280       WesternGroups
 0001:00000128       WideCharToMultiByte
 0002:000000B0       Win32BuildNumber
 0002:000000B4       Win32CSDVersion
 0002:000000A8       Win32MajorVersion
 0002:000000AC       Win32MinorVersion
 0002:000000A4       Win32Platform
 0001:000036F0       Windows
 0001:0000259C       WriteErrorMessage
 0001:00000080       WriteFile
 0001:00003698       WriteFile


  Address         Publics by Value

 0002:FFBF7008       TlsLast
 0001:00000060       GetStdHandle
 0001:00000068       RaiseException
 0001:00000070       RtlUnwind
 0001:00000078       UnhandledExceptionFilter
 0001:00000080       WriteFile
 0001:00000088       CharNext
 0001:00000090       ExitProcess
 0001:00000098       MessageBox
 0001:000000A0       FindClose
 0001:000000A8       FindFirstFile
 0001:000000B0       FreeLibrary
 0001:000000B8       GetCommandLine
 0001:000000C0       GetLocaleInfo
 0001:000000C8       GetModuleFileName
 0001:000000D0       GetModuleHandle
 0001:000000D8       GetProcAddress
 0001:000000E0       GetStartupInfo
 0001:000000E8       GetThreadLocale
 0001:000000F0       LoadLibraryEx
 0001:000000F8       LoadString
 0001:00000100       lstrcpyn
 0001:00000108       @strlen
 0001:00000110       RegCloseKey
 0001:00000118       RegOpenKeyEx
 0001:00000120       RegQueryValueEx
 0001:00000128       WideCharToMultiByte
 0001:00000130       SysFreeString
 0001:00000138       GetCurrentThreadId
 0001:00000140       GetCmdShow
 0001:00000164       LocalAlloc
 0001:0000016C       LocalFree
 0001:00000174       VirtualAlloc
 0001:0000017C       VirtualFree
 0001:00000184       InitializeCriticalSection
 0001:0000018C       EnterCriticalSection
 0001:00000194       LeaveCriticalSection
 0001:0000019C       DeleteCriticalSection
 0001:000001A4       GetBlockDesc
 0001:000001F4       MakeEmpty
 0001:000001FC       AddBlockAfter
 0001:0000022C       DeleteBlock
 0001:00000244       MergeBlockAfter
 0001:000002B8       RemoveBlock
 0001:00000348       GetSpace
 0001:000003AC       GetSpaceAt
 0001:00000424       FreeSpace
 0001:000004DC       Commit
 0001:00000570       Decommit
 0001:000005F0       GetCommitted
 0001:00000680       GetCommittedAt
 0001:000007A4       FreeCommitted
 0001:00000830       InitAllocator
 0001:000008F4       UninitAllocator
 0001:000009D4       DeleteFree
 0001:00000A38       FindCommitted
 0001:00000A68       FillBeforeGap
 0001:00000A98       InternalFreeMem
 0001:00000ABC       FillAfterGap
 0001:00000AE4       FillerSizeBeforeGap
 0001:00000B54       FillerSizeAfterGap
 0001:00000B8C       DecommitFree
 0001:00000C3C       InsertFree
 0001:00000CC4       FreeCurAlloc
 0001:00000D10       MergeCommit
 0001:00000D9C       NewCommit
 0001:00000DC8       NewCommitAt
 0001:00000DFC       SearchSmallBlocks
 0001:00000E28       TryHarder
 0001:00000F1C       SysGetMem
 0001:000010AC       SysFreeMem
 0001:00001250       ResizeInPlace
 0001:00001420       SysReallocMem
 0001:000014E4       @GetMem
 0001:00001504       @FreeMem
 0001:00001524       @ReallocMem
 0001:00001574       RunErrorAt
 0001:00001580       ErrorAt
 0001:000015CC       Error
 0001:000015D8       SetInOutRes
 0001:000015E8       IOResult
 0001:00001608       Move
 0001:00001648       @COS
 0001:00001658       @SIN
 0001:00001668       @ROUND
 0001:00001674       InternalFlush
 0001:000016BC       Flush
 0001:000016C8       @Close
 0001:00001720       @PStrNCat
 0001:00001750       @PStrCpy
 0001:0000175C       @PStrNCpy
 0001:00001778       @AStrCmp
 0001:000017E8       @StrLong
 0001:00001848       @ValLong
 0001:00001914       @SetEq
 0001:00001928       FPower10
 0001:00001930       @Pow10
 0001:00001C10       GetKeyboardType
 0001:00001C18       @isNECWindows
 0001:00001C48       @FpuMaskInit
 0001:00001D0C       @FpuInit
 0001:00001D18       @BoundErr
 0001:00001D20       @IntOver
 0001:00001D28       TObject.ClassName
 0001:00001D3C       TObject.NewInstance
 0001:00001D58       TObject.FreeInstance
 0001:00001D6C       TObject.InstanceSize
 0001:00001D74       TObject.Destroy
 0001:00001D84       TObject.Free
 0001:00001D90       TObject.InitInstance
 0001:00001DE8       TObject.CleanupInstance
 0001:00001E08       @IsClass
 0001:00001E2C       GetDynaMethod
 0001:00001E5C       TObject.InheritsFrom
 0001:00001E70       TObject.SafeCallException
 0001:00001E78       TObject.DefaultHandler
 0001:00001E7C       TObject.AfterConstruction
 0001:00001E80       TObject.BeforeDestruction
 0001:00001E84       TObject.Dispatch
 0001:00001EAC       @ClassCreate
 0001:00001EFC       @ClassDestroy
 0001:00001F04       @AfterConstruction
 0001:00001F14       @BeforeDestruction
 0001:00001F24       NotifyReRaise
 0001:00001F40       NotifyNonDelphiException
 0001:00001F64       NotifyExcept
 0001:00001F7C       NotifyAnyExcept
 0001:00001F90       CheckJmp
 0001:00001FB0       NotifyExceptFinally
 0001:00001FD8       NotifyTerminate
 0001:00001FF4       NotifyUnhandled
 0001:00002014       @HandleAnyException
 0001:00002140       @HandleFinally
 0001:00002178       @RaiseExcept
 0001:000021A0       @RaiseAgain
 0001:000021F4       @DoneExcept
 0001:00002224       @TryFinallyExit
 0001:0000223C       MapToRunError
 0001:000022DC       @ExceptionHandler
 0001:0000237C       SetExceptionHandler
 0001:0000239C       UnsetExceptionHandler
 0001:000023C4       FinalizeUnits
 0001:00002424       InitUnits
 0001:00002484       @StartExe
 0001:000024C4       @InitResStringImports
 0001:000024EC       @InitImports
 0001:00002510       MakeErrorMessage
 0001:0000256C       ExitDll
 0001:0000259C       WriteErrorMessage
 0001:00002628       @Halt0
 0001:00002700       @Halt
 0001:0000270C       @RunError
 0001:00002718       @LStrClr
 0001:0000273C       @LStrArrayClr
 0001:0000276C       @LStrAsg
 0001:000027B0       @LStrLAsg
 0001:000027DC       @NewAnsiString
 0001:00002808       @LStrFromPCharLen
 0001:00002838       CharFromWChar
 0001:00002854       @LStrFromPWCharLen
 0001:000028E0       @LStrFromChar
 0001:000028F0       @LStrFromPChar
 0001:00002920       @LStrFromPWChar
 0001:0000295C       @LStrFromString
 0001:00002968       @LStrFromArray
 0001:00002980       @LStrFromWStr
 0001:00002994       @LStrToString
 0001:000029B8       @LStrLen
 0001:000029C0       @LStrCat
 0001:00002A04       @LStrCatN
 0001:00002A88       @LStrToPChar
 0001:00002A94       @LStrCopy
 0001:00002AD4       @LStrSetLength
 0001:00002B38       @WStrClr
 0001:00002B50       @WStrArrayClr
 0001:00002B74       @FinalizeRecord
 0001:00002BA8       @FinalizeArray
 0001:00002C94       VariantSystemUndefinedError
 0001:00002C9C       VariantSystemDefaultVarClear
 0001:00002CB4       InitVariantManager
 0001:00002CD4       @VarClear
 0001:00002CDC       @VarToLStr
 0001:00002CE4       @VarClr
 0001:00002CEC       @DispCallByIDError
 0001:00002CF4       @_llmul
 0001:00002D18       @_lludiv
 0001:00002D64       @_llumod
 0001:00002DB4       @DynArrayClear
 0001:00002DF0       DelayLoadResourceModule
 0001:00002E38       FindResourceHInstance
 0001:00002E60       FindBS
 0001:00002E74       ToLongPath
 0001:0000302C       LoadResourceModule
 0001:0000329C       NotifyModuleUnload
 0001:000032F8       RegisterModule
 0001:00003308       UnregisterModule
 0001:00003378       @IntfClear
 0001:00003390       LoadResString
 0001:000033E8       Finalization
 0001:0000343C       System
 0001:000034B0       GetModuleHandle
 0001:000034B8       LocalAlloc
 0001:000034C0       TlsGetValue
 0001:000034C8       TlsSetValue
 0001:000034D0       AllocTlsBuffer
 0001:000034DC       GetTlsSize
 0001:000034E4       InitThreadTLS
 0001:00003528       @GetTls
 0001:00003568       InitializeModule
 0001:00003574       @InitExe
 0001:000035B8       Finalization
 0001:000035E8       SysInit
 0001:000035F0       Finalization
 0001:00003620       Types
 0001:00003628       EnumCalendarInfoA
 0001:00003630       GetACP
 0001:00003638       GetCPInfo
 0001:00003640       GetDiskFreeSpaceA
 0001:00003648       GetLocaleInfo
 0001:00003650       GetModuleFileName
 0001:00003658       GetModuleHandle
 0001:00003660       GetProcAddress
 0001:00003668       GetStdHandle
 0001:00003670       GetStringTypeEx
 0001:00003678       GetThreadLocale
 0001:00003680       GetVersionEx
 0001:00003688       SetConsoleOutputCP
 0001:00003690       VirtualQuery
 0001:00003698       WriteFile
 0001:000036A0       CharNext
 0001:000036A8       GetSystemMetrics
 0001:000036B0       LoadString
 0001:000036B8       MessageBox
 0001:000036C0       Finalization
 0001:000036F0       Windows
 0001:00003970       Finalization
 0001:000039A0       SysConst
 0001:0000439C       ConvertErrorFmt
 0001:000043C0       StrToIntDef
 0001:000043F0       LastDelimiter
 0001:00004440       ExtractFileName
 0001:00004478       BackfillGetDiskFreeSpaceEx
 0001:000044EC       StrLen
 0001:00004504       StrMove
 0001:00004514       StrLCopy
 0001:00004548       StrLIComp
 0001:0000458C       StrScan
 0001:000045AC       FormatError
 0001:00004604       FormatVarToStr
 0001:00004618       FormatClearStr
 0001:00004624       FormatBuf
 0001:00004A38       StrLFmt
 0001:00004A78       Format
 0001:00004A8C       FmtStr
 0001:00004B4C       PutExponent
 0001:00004B90       FloatToText
 0001:00004E68       FloatToDecimal
 0001:00005094       GetLocaleStr
 0001:000050E0       GetLocaleChar
 0001:00005108       LocalGetLocaleStr
 0001:00005144       GetMonthDayNames
 0001:00005268       EnumEraNames
 0001:000052A4       EnumEraYearOffsets
 0001:0000531C       GetEraNamesAndYearOffsets
 0001:000053CC       TranslateDateFormat
 0001:000055F4       ConvertAddr
 0001:00005600       ExceptionErrorMessage
 0001:00005788       ShowException
 0001:0000583C       Exception.Create
 0001:00005878       Exception.CreateFmt
 0001:000058F8       Exception.CreateRes
 0001:00005934       Exception.CreateResFmt
 0001:000059C8       EHeapException.FreeInstance
 0001:000059F4       CreateInOutError
 0001:00005A74       ErrorHandler
 0001:00005AC8       CreateAssertException
 0001:00005B74       RaiseAssertException
 0001:00005B84       AssertErrorHandler
 0001:00005BA0       AbstractErrorHandler
 0001:00005BB8       MapException
 0001:00005C38       GetExceptionClass
 0001:00005C50       CreateAVObject
 0001:00005E1C       GetExceptionObject
 0001:00005EE8       ExceptHandler
 0001:00005EF8       InitExceptions
 0001:00005F7C       DoneExceptions
 0001:00005FE8       InitPlatformId
 0001:00006040       ByteTypeTest
 0001:000060B8       ByteType
 0001:000060DC       StrByteType
 0001:000060F4       StrCharLength
 0001:00006114       CharLength
 0001:00006150       AnsiStrRScan
 0001:00006178       AnsiStrScan
 0001:000061B8       LCIDToCodePage
 0001:0000622C       InitLeadBytes
 0001:0000628C       IsWesternGroup
 0001:000062A4       InitSysLocale
 0001:00006418       GetFormatSettings
 0001:00006790       FreeTerminateProcs
 0001:000067B0       InitDriveSpacePtr
 0001:0000680C       FreeAndNil
 0001:00006AEC       Finalization
 0001:00006C6C       SysUtils
 0001:00006CEC       Finalization
 0001:00006D1C       Messages
 0001:00006D24       Finalization
 0001:00006D74       crt32
 0001:00006D7C       dddmmss
 0001:00006F7C       hhmmss
 0001:00007158       dayofyear
 0001:00007218       anglefill
 0001:00007280       clockfill
 0001:00007384       calenfill
 0001:000073D4       Finalization
 0001:00007404       tp5utils
 0001:00007580       Finalization
 0001:00007600       PROGRAM
 0002:00000000       ExitCode
 0002:00000004       ErrorAddr
 0002:00000008       FileMode
 0002:0000000C       Default8087CW
 0002:00000010       DebugHook
 0002:00000014       JITEnable
 0002:00000018       NoErrMsg
 0002:0000001C       LibModuleList
 0002:00000020       ModuleUnloadList
 0002:00000024       MemoryManager
 0002:00000030       reMap
 0002:0000004C       runErrMsg
 0002:0000006C       errCaption
 0002:00000074       dig
 0002:00000084       Module
 0002:0000009C       EmptyStr
 0002:000000A0       EmptyWideStr
 0002:000000A4       Win32Platform
 0002:000000A8       Win32MajorVersion
 0002:000000AC       Win32MinorVersion
 0002:000000B0       Win32BuildNumber
 0002:000000B4       Win32CSDVersion
 0002:000000B8       LeadBytes
 0002:000000D8       HexDisplayPrefix
 0002:000000DC       GetDiskFreeSpaceEx
 0002:000000E0       cSimpleBoolStrs
 0002:000000E8       FormatErrorStrs
 0002:000000F0       FCon1E18
 0002:000000FC       DCon10
 0002:00000100       DefShortMonthNames
 0002:00000130       DefLongMonthNames
 0002:00000160       DefShortDayNames
 0002:0000017C       DefLongDayNames
 0002:00000198       ErrorMap
 0002:000001D0       ExceptMap
 0002:00000280       WesternGroups
 0002:00000284       TerminateProcList
 0002:00001000       DispCallByIDProc
 0002:00001004       ExceptProc
 0002:00001008       ErrorProc
 0002:0000100C       ExceptClsProc
 0002:00001010       ExceptObjProc
 0002:00001014       RaiseExceptionProc
 0002:00001018       RTLUnwindProc
 0002:0000101C       ExceptionClass
 0002:00001020       AssertErrorProc
 0002:00001024       ExitProcessProc
 0002:00001028       AbstractErrorProc
 0002:0000102C       MainInstance
 0002:00001030       MainThreadID
 0002:00001034       IsLibrary
 0002:00001038       CmdShow
 0002:0000103C       CmdLine
 0002:00001040       ExitProc
 0002:00001044       IsConsole
 0002:00001045       IsMultiThread
 0002:00001046       Test8086
 0002:00001048       Input
 0002:00001214       Output
 0002:000013E0       ErrOutput
 0002:000015AC       AllocMemCount
 0002:000015B0       AllocMemSize
 0002:000015B4       .5
 0002:000015B8       initialized
 0002:000015BC       heapErrorCode
 0002:000015C0       heapLock
 0002:000015D8       blockDescBlockList
 0002:000015DC       blockDescFreeList
 0002:000015E0       spaceRoot
 0002:000015F0       decommittedRoot
 0002:00001600       avail
 0002:0000160C       rover
 0002:00001610       remBytes
 0002:00001614       curAlloc
 0002:00001618       smallTab
 0002:0000161C       committedRoot
 0002:0000162C       InitContext
 0002:00001658       VariantManager
 0002:00001704       ModuleIsLib
 0002:00001705       ModuleIsCpp
 0002:00001708       TlsIndex
 0002:00001710       HInstance
 0002:00001714       .1
 0002:00001718       tlsBuffer
 0002:0000171C       .1
 0002:00001720       .3
 0002:00001724       .1
 0002:00001728       CurrencyString
 0002:0000172C       CurrencyFormat
 0002:0000172D       NegCurrFormat
 0002:0000172E       ThousandSeparator
 0002:0000172F       DecimalSeparator
 0002:00001730       CurrencyDecimals
 0002:00001731       DateSeparator
 0002:00001734       ShortDateFormat
 0002:00001738       LongDateFormat
 0002:0000173C       TimeSeparator
 0002:00001740       TimeAMString
 0002:00001744       TimePMString
 0002:00001748       ShortTimeFormat
 0002:0000174C       LongTimeFormat
 0002:00001750       ShortMonthNames
 0002:00001780       LongMonthNames
 0002:000017B0       ShortDayNames
 0002:000017CC       LongDayNames
 0002:000017E8       SysLocale
 0002:000017F6       ListSeparator
 0002:000017F8       EraNames
 0002:00001814       EraYearOffsets
 0002:00001830       TrueBoolStrs
 0002:00001834       FalseBoolStrs
 0002:00001838       .94
 0002:0000183C       OutOfMemory
 0002:00001840       InvalidPointer
 0002:00001844       FLanguages
 0002:00001848       .1
 0002:0000184C       .2
 0002:00001850       OldCP
 0002:00001854       iBeep
 0002:00001858       helios_pressure
 0002:0000185C       helios_var
 0002:00001A44       .4


Line numbers for crt32(crt32.pas) segment .text

   735 0001:00006D24   738 0001:00006D51   747 0001:00006D70   731 0001:00006D74
   734 0001:00006D7B

Line numbers for tp5utils(tp5utils.pas) segment .text

   443 0001:00006D7C   444 0001:00006DB3   445 0001:00006DB5   446 0001:00006DC3
   447 0001:00006DC5   449 0001:00006DCE   450 0001:00006DEE   451 0001:00006E09
   452 0001:00006E15   453 0001:00006E2A   454 0001:00006E36   455 0001:00006E6D
   456 0001:00006E74   457 0001:00006E94   458 0001:00006EA7   459 0001:00006F43
   538 0001:00006F7C   539 0001:00006FB3   540 0001:00006FCB   541 0001:00006FD7
   542 0001:00006FEB   543 0001:00006FF7   544 0001:0000702D   545 0001:0000703D
   546 0001:0000704D   547 0001:0000705D   548 0001:000070D2   549 0001:000070F9
   550 0001:0000712B   918 0001:00007158   919 0001:0000715F   922 0001:0000717B
   923 0001:00007183   928 0001:00007213  1453 0001:00007218  1455 0001:00007224
  1456 0001:00007229  1457 0001:00007235  1458 0001:00007241  1459 0001:0000724D
  1461 0001:0000726A  1465 0001:00007280  1467 0001:0000728F  1468 0001:00007295
  1469 0001:000072C2  1470 0001:000072C6  1471 0001:00007306  1472 0001:00007338
  1474 0001:00007368  1479 0001:00007384  1481 0001:00007394  1482 0001:000073AF
  1484 0001:000073C4  1619 0001:00007404  1622 0001:00007417  1624 0001:00007421
  1625 0001:0000742A  1626 0001:00007434  1627 0001:00007441  1628 0001:0000744E
  1629 0001:0000745B  1630 0001:00007468  1631 0001:00007475  1632 0001:00007481
  1633 0001:00007492  1634 0001:0000749E  1635 0001:000074AF  1636 0001:000074BB
  1637 0001:000074CC  1638 0001:000074DB  1639 0001:000074EF  1640 0001:000074FE
  1641 0001:00007512  1642 0001:00007521  1643 0001:00007535  1644 0001:00007544
  1645 0001:00007558  1646 0001:00007567  1650 0001:0000757B

Line numbers for PROGRAM(netinfo.pas) segment .text

   729 0001:00007600   729 0001:00007610

Bound resource files

C:\DOCUME~1\nagy\LOCALS~1\Temp\dtfA.tmp


Program entry point at 0001:00007600
